<html>
<body>
<pre>
<h1>µVision Build Log</h1>
<h2>Tool Versions:</h2>
IDE-Version: ¦ÌVision V5.28.0.0
Copyright (C) 2019 ARM Ltd and ARM Germany GmbH. All rights reserved.
License Information: wang tian, tian, LIC=65ISZ-JXE1D-SB2EJ-U1HPM-KLD2R-R1CXR
 
Tool Versions:
Toolchain:       MDK-ARM Plus  Version: 5.28.0.0
Toolchain Path:  D:\tool\keil\ARM\ARMCC\Bin
C Compiler:      Armcc.exe V5.06 update 6 (build 750)
Assembler:       Armasm.exe V5.06 update 6 (build 750)
Linker/Locator:  ArmLink.exe V5.06 update 6 (build 750)
Library Manager: ArmAr.exe V5.06 update 6 (build 750)
Hex Converter:   FromElf.exe V5.06 update 6 (build 750)
CPU DLL:         SARMCM3.DLL V5.28.0.0
Dialog DLL:      DCM.DLL V1.17.3.0
Target DLL:      CMSIS_AGDI.dll V1.31.18.0
Dialog DLL:      TCM.DLL V1.36.2.0
 
<h2>Project:</h2>
E:\winusb\winusb\f429\TAIER_usb_hs\MDK-ARM\TAIER_usb_hs.uvprojx
Project File Date:  09/18/2024

<h2>Output:</h2>
*** Using Compiler 'V5.06 update 6 (build 750)', folder: 'D:\tool\keil\ARM\ARMCC\Bin'
Build target 'TAIER_usb_hs'
compiling gpio.c...
compiling adc.c...
compiling tim.c...
compiling spi.c...
compiling usbd_desc.c...
compiling stm32f4xx_hal_msp.c...
compiling dma.c...
compiling usb_device.c...
compiling stm32f4xx_it.c...
compiling main.c...
compiling freertos.c...
../Core/Src/freertos.c(454): warning:  #177-D: variable "DataLength"  was declared but never referenced
    int DataLength = CurrentCmd->DataLength;
../Core/Src/freertos.c(295): warning:  #177-D: function "lua_tester"  was declared but never referenced
  static int lua_tester(lua_State* L)
../Core/Src/freertos.c(327): warning:  #177-D: function "lua_led_on"  was declared but never referenced
  static int lua_led_on(lua_State* L)
../Core/Src/freertos.c(333): warning:  #177-D: function "lua_led_off"  was declared but never referenced
  static int lua_led_off(lua_State* L)
../Core/Src/freertos.c(574): warning:  #177-D: function "lua_Pressure_test"  was declared but never referenced
  static int lua_Pressure_test(lua_State* L)
../Core/Src/freertos.c: 5 warnings, 0 errors
compiling stm32f4xx_hal_flash_ramfunc.c...
compiling stm32f4xx_hal_pcd_ex.c...
compiling stm32f4xx_hal_flash_ex.c...
compiling stm32f4xx_hal_pcd.c...
compiling stm32f4xx_hal_gpio.c...
compiling stm32f4xx_hal_flash.c...
compiling usbd_conf.c...
compiling stm32f4xx_ll_usb.c...
compiling stm32f4xx_hal_rcc_ex.c...
compiling usbd_cdc_if.c...
compiling stm32f4xx_hal_rcc.c...
compiling stm32f4xx_ll_adc.c...
compiling stm32f4xx_hal_dma.c...
compiling stm32f4xx_hal.c...
compiling stm32f4xx_hal_pwr.c...
compiling stm32f4xx_hal_cortex.c...
compiling stm32f4xx_hal_spi.c...
compiling stm32f4xx_hal_exti.c...
compiling stm32f4xx_hal_adc_ex.c...
compiling stm32f4xx_hal_adc.c...
compiling stm32f4xx_hal_pwr_ex.c...
compiling croutine.c...
compiling stm32f4xx_hal_dma_ex.c...
compiling list.c...
compiling event_groups.c...
compiling queue.c...
compiling stream_buffer.c...
compiling timers.c...
compiling tasks.c...
compiling stm32f4xx_hal_tim.c...
compiling heap_4.c...
compiling lauxlib.c...
compiling port.c...
compiling lapi.c...
compiling lbaselib.c...
compiling lctype.c...
compiling lcorolib.c...
compiling ldblib.c...
compiling lcode.c...
compiling ldump.c...
compiling ldebug.c...
compiling lfunc.c...
..\Middlewares\Third_Party\Lua\lfunc.c(195): warning:  #550-D: variable "upl"  was set but never used
    StkId upl;  /* stack index pointed by 'uv' */
..\Middlewares\Third_Party\Lua\lfunc.c: 1 warning, 0 errors
compiling ldo.c...
compiling linit.c...
compiling lgc.c...
compiling liolib.c...
compiling llex.c...
compiling lmathlib.c...
compiling lmem.c...
compiling loadlib.c...
compiling lobject.c...
compiling lopcodes.c...
compiling loslib.c...
compiling lstate.c...
compiling lstring.c...
compiling lparser.c...
compiling lstrlib.c...
compiling ltable.c...
compiling ltm.c...
compiling ltablib.c...
compiling lundump.c...
compiling lzio.c...
compiling lutf8lib.c...
compiling SEGGER_RTT_printf.c...
compiling SEGGER_RTT.c...
compiling lvm.c...
compiling usbd_core.c...
compiling system_stm32f4xx.c...
compiling usbd_ioreq.c...
compiling stm32f4xx_hal_tim_ex.c...
compiling usbd_cdc.c...
compiling usbd_ctlreq.c...
compiling cmsis_os2.c...
linking...
Program Size: Code=144456 RO-data=4040 RW-data=700 ZI-data=244580  
FromELF: creating hex file...
"TAIER_usb_hs\TAIER_usb_hs.axf" - 0 Error(s), 6 Warning(s).

<h2>Software Packages used:</h2>

Package Vendor: ARM
                http://www.keil.com/pack/ARM.CMSIS.5.5.1.pack
                ARM.CMSIS.5.5.1
                CMSIS (Cortex Microcontroller Software Interface Standard)
   * Component: CORE Version: 5.2.0

Package Vendor: Keil
                http://www.keil.com/pack/Keil.STM32F4xx_DFP.2.13.0.pack
                Keil.STM32F4xx_DFP.2.13.0
                STMicroelectronics STM32F4 Series Device Support, Drivers and Examples

<h2>Collection of Component include folders:</h2>
  .\RTE\_TAIER_usb_hs
  D:\tool\keil\Arm\Packs\ARM\CMSIS\5.5.1\CMSIS\Core\Include
  D:\tool\keil\Arm\Packs\Keil\STM32F4xx_DFP\2.13.0\Drivers\CMSIS\Device\ST\STM32F4xx\Include

<h2>Collection of Component Files used:</h2>

   * Component: ARM::CMSIS:CORE:5.2.0
Build Time Elapsed:  00:00:46
</pre>
</body>
</html>
