Component: ARM Compiler 5.06 update 6 (build 750) Tool: armlink [4d35ed]

==============================================================================

Section Cross References

    startup_stm32f429xx.o(STACK) refers (Special) to heapauxi.o(.text) for __use_two_region_memory
    startup_stm32f429xx.o(HEAP) refers (Special) to heapauxi.o(.text) for __use_two_region_memory
    startup_stm32f429xx.o(RESET) refers (Special) to heapauxi.o(.text) for __use_two_region_memory
    startup_stm32f429xx.o(RESET) refers to startup_stm32f429xx.o(STACK) for __initial_sp
    startup_stm32f429xx.o(RESET) refers to startup_stm32f429xx.o(.text) for Reset_Handler
    startup_stm32f429xx.o(RESET) refers to stm32f4xx_it.o(i.NMI_Handler) for NMI_Handler
    startup_stm32f429xx.o(RESET) refers to stm32f4xx_it.o(i.HardFault_Handler) for HardFault_Handler
    startup_stm32f429xx.o(RESET) refers to stm32f4xx_it.o(i.MemManage_Handler) for MemManage_Handler
    startup_stm32f429xx.o(RESET) refers to stm32f4xx_it.o(i.BusFault_Handler) for BusFault_Handler
    startup_stm32f429xx.o(RESET) refers to stm32f4xx_it.o(i.UsageFault_Handler) for UsageFault_Handler
    startup_stm32f429xx.o(RESET) refers to port.o(.emb_text) for SVC_Handler
    startup_stm32f429xx.o(RESET) refers to stm32f4xx_it.o(i.DebugMon_Handler) for DebugMon_Handler
    startup_stm32f429xx.o(RESET) refers to stm32f4xx_it.o(i.SysTick_Handler) for SysTick_Handler
    startup_stm32f429xx.o(RESET) refers to stm32f4xx_it.o(i.DMA2_Stream0_IRQHandler) for DMA2_Stream0_IRQHandler
    startup_stm32f429xx.o(RESET) refers to stm32f4xx_it.o(i.OTG_HS_EP1_OUT_IRQHandler) for OTG_HS_EP1_OUT_IRQHandler
    startup_stm32f429xx.o(RESET) refers to stm32f4xx_it.o(i.OTG_HS_EP1_IN_IRQHandler) for OTG_HS_EP1_IN_IRQHandler
    startup_stm32f429xx.o(RESET) refers to stm32f4xx_it.o(i.OTG_HS_IRQHandler) for OTG_HS_IRQHandler
    startup_stm32f429xx.o(.text) refers (Special) to heapauxi.o(.text) for __use_two_region_memory
    startup_stm32f429xx.o(.text) refers to system_stm32f4xx.o(i.SystemInit) for SystemInit
    startup_stm32f429xx.o(.text) refers to __main.o(!!!main) for __main
    startup_stm32f429xx.o(.text) refers to startup_stm32f429xx.o(HEAP) for Heap_Mem
    startup_stm32f429xx.o(.text) refers to startup_stm32f429xx.o(STACK) for Stack_Mem
    main.o(i.SystemClock_Config) refers to rt_memclr_w.o(.text) for __aeabi_memclr4
    main.o(i.SystemClock_Config) refers to stm32f4xx_hal_rcc.o(i.HAL_RCC_OscConfig) for HAL_RCC_OscConfig
    main.o(i.SystemClock_Config) refers to main.o(i.Error_Handler) for Error_Handler
    main.o(i.SystemClock_Config) refers to stm32f4xx_hal_rcc.o(i.HAL_RCC_ClockConfig) for HAL_RCC_ClockConfig
    main.o(i.main) refers to stm32f4xx_hal.o(i.HAL_Init) for HAL_Init
    main.o(i.main) refers to main.o(i.SystemClock_Config) for SystemClock_Config
    main.o(i.main) refers to gpio.o(i.MX_GPIO_Init) for MX_GPIO_Init
    main.o(i.main) refers to dma.o(i.MX_DMA_Init) for MX_DMA_Init
    main.o(i.main) refers to adc.o(i.MX_ADC3_Init) for MX_ADC3_Init
    main.o(i.main) refers to spi.o(i.MX_SPI1_Init) for MX_SPI1_Init
    main.o(i.main) refers to cmsis_os2.o(i.osKernelInitialize) for osKernelInitialize
    main.o(i.main) refers to freertos.o(i.MX_FREERTOS_Init) for MX_FREERTOS_Init
    main.o(i.main) refers to cmsis_os2.o(i.osKernelStart) for osKernelStart
    freertos.o(i.MX_FREERTOS_Init) refers to cmsis_os2.o(i.osThreadNew) for osThreadNew
    freertos.o(i.MX_FREERTOS_Init) refers to freertos.o(.constdata) for defaultTask_attributes
    freertos.o(i.MX_FREERTOS_Init) refers to freertos.o(i.StartDefaultTask) for StartDefaultTask
    freertos.o(i.MX_FREERTOS_Init) refers to freertos.o(.data) for defaultTaskHandle
    freertos.o(i.StartDefaultTask) refers to usb_device.o(i.MX_USB_DEVICE_Init) for MX_USB_DEVICE_Init
    freertos.o(i.StartDefaultTask) refers to freertos.o(i.WinUSB_Receive_HS) for WinUSB_Receive_HS
    freertos.o(i.StartDefaultTask) refers to cmsis_os2.o(i.osDelay) for osDelay
    freertos.o(i.WinUSB_Receive_HS) refers to usbd_cdc_if.o(i.CDC_Transmit_HS) for CDC_Transmit_HS
    freertos.o(i.WinUSB_Receive_HS) refers to freertos.o(.data) for usb_ep1_rxne
    freertos.o(i.WinUSB_Receive_HS) refers to freertos.o(.bss) for usb_ep1_rx
    freertos.o(.constdata) refers to freertos.o(.conststring) for .conststring
    adc.o(i.CopyAdcData2PorcessBuf) refers to rt_memcpy_v6.o(.text) for __aeabi_memcpy
    adc.o(i.CopyAdcData2PorcessBuf) refers to adc.o(.bss) for ADC_ConvertedBuff0
    adc.o(i.Get_ADC_Random) refers to adc.o(i.Get_ADC_RandomSeek) for Get_ADC_RandomSeek
    adc.o(i.Get_ADC_Random) refers to rand.o(.text) for srand
    adc.o(i.Get_ADC_Random) refers to rand.o(.emb_text) for rand
    adc.o(i.Get_ADC_RandomSeek) refers to stm32f4xx_hal_adc.o(i.HAL_ADC_Start) for HAL_ADC_Start
    adc.o(i.Get_ADC_RandomSeek) refers to stm32f4xx_hal_adc.o(i.HAL_ADC_GetState) for HAL_ADC_GetState
[...]
    __scatterload_zeroinit                   0x08000261   Thumb Code    28  __scatter_zi.o(!!handler_zi)
    __rt_lib_init                            0x0800027d   Thumb Code     0  libinit.o(.ARM.Collect$$libinit$$00000000)
    __rt_lib_init_fp_1                       0x0800027f   Thumb Code     0  libinit2.o(.ARM.Collect$$libinit$$00000001)
    __rt_lib_init_alloca_1                   0x08000283   Thumb Code     0  libinit2.o(.ARM.Collect$$libinit$$0000002E)
    __rt_lib_init_argv_1                     0x08000283   Thumb Code     0  libinit2.o(.ARM.Collect$$libinit$$0000002C)
    __rt_lib_init_atexit_1                   0x08000283   Thumb Code     0  libinit2.o(.ARM.Collect$$libinit$$0000001B)
    __rt_lib_init_clock_1                    0x08000283   Thumb Code     0  libinit2.o(.ARM.Collect$$libinit$$00000021)
    __rt_lib_init_cpp_1                      0x08000283   Thumb Code     0  libinit2.o(.ARM.Collect$$libinit$$00000032)
    __rt_lib_init_exceptions_1               0x08000283   Thumb Code     0  libinit2.o(.ARM.Collect$$libinit$$00000030)
    __rt_lib_init_fp_trap_1                  0x08000283   Thumb Code     0  libinit2.o(.ARM.Collect$$libinit$$0000001F)
    __rt_lib_init_getenv_1                   0x08000283   Thumb Code     0  libinit2.o(.ARM.Collect$$libinit$$00000023)
    __rt_lib_init_heap_1                     0x08000283   Thumb Code     0  libinit2.o(.ARM.Collect$$libinit$$0000000A)
    __rt_lib_init_lc_collate_1               0x08000283   Thumb Code     0  libinit2.o(.ARM.Collect$$libinit$$00000011)
    __rt_lib_init_lc_ctype_1                 0x08000283   Thumb Code     0  libinit2.o(.ARM.Collect$$libinit$$00000013)
    __rt_lib_init_lc_monetary_1              0x08000283   Thumb Code     0  libinit2.o(.ARM.Collect$$libinit$$00000015)
    __rt_lib_init_lc_numeric_1               0x08000283   Thumb Code     0  libinit2.o(.ARM.Collect$$libinit$$00000017)
    __rt_lib_init_lc_time_1                  0x08000283   Thumb Code     0  libinit2.o(.ARM.Collect$$libinit$$00000019)
    __rt_lib_init_preinit_1                  0x08000283   Thumb Code     0  libinit2.o(.ARM.Collect$$libinit$$00000004)
    __rt_lib_init_rand_1                     0x08000283   Thumb Code     0  libinit2.o(.ARM.Collect$$libinit$$0000000E)
    __rt_lib_init_return                     0x08000283   Thumb Code     0  libinit2.o(.ARM.Collect$$libinit$$00000033)
    __rt_lib_init_signal_1                   0x08000283   Thumb Code     0  libinit2.o(.ARM.Collect$$libinit$$0000001D)
    __rt_lib_init_stdio_1                    0x08000283   Thumb Code     0  libinit2.o(.ARM.Collect$$libinit$$00000025)
    __rt_lib_init_user_alloc_1               0x08000283   Thumb Code     0  libinit2.o(.ARM.Collect$$libinit$$0000000C)
    __rt_lib_shutdown                        0x08000285   Thumb Code     0  libshutdown.o(.ARM.Collect$$libshutdown$$00000000)
    __rt_lib_shutdown_cpp_1                  0x08000287   Thumb Code     0  libshutdown2.o(.ARM.Collect$$libshutdown$$00000002)
    __rt_lib_shutdown_fp_trap_1              0x08000287   Thumb Code     0  libshutdown2.o(.ARM.Collect$$libshutdown$$00000007)
    __rt_lib_shutdown_heap_1                 0x08000287   Thumb Code     0  libshutdown2.o(.ARM.Collect$$libshutdown$$0000000F)
    __rt_lib_shutdown_return                 0x08000287   Thumb Code     0  libshutdown2.o(.ARM.Collect$$libshutdown$$00000010)
    __rt_lib_shutdown_signal_1               0x08000287   Thumb Code     0  libshutdown2.o(.ARM.Collect$$libshutdown$$0000000A)
    __rt_lib_shutdown_stdio_1                0x08000287   Thumb Code     0  libshutdown2.o(.ARM.Collect$$libshutdown$$00000004)
    __rt_lib_shutdown_user_alloc_1           0x08000287   Thumb Code     0  libshutdown2.o(.ARM.Collect$$libshutdown$$0000000C)
    __rt_entry                               0x08000289   Thumb Code     0  __rtentry.o(.ARM.Collect$$rtentry$$00000000)
    __rt_entry_presh_1                       0x08000289   Thumb Code     0  __rtentry2.o(.ARM.Collect$$rtentry$$00000002)
    __rt_entry_sh                            0x08000289   Thumb Code     0  __rtentry4.o(.ARM.Collect$$rtentry$$00000004)
    __rt_entry_li                            0x0800028f   Thumb Code     0  __rtentry2.o(.ARM.Collect$$rtentry$$0000000A)
    __rt_entry_postsh_1                      0x0800028f   Thumb Code     0  __rtentry2.o(.ARM.Collect$$rtentry$$00000009)
    __rt_entry_main                          0x08000293   Thumb Code     0  __rtentry2.o(.ARM.Collect$$rtentry$$0000000D)
    __rt_entry_postli_1                      0x08000293   Thumb Code     0  __rtentry2.o(.ARM.Collect$$rtentry$$0000000C)
    __rt_exit                                0x0800029b   Thumb Code     0  rtexit.o(.ARM.Collect$$rtexit$$00000000)
    __rt_exit_ls                             0x0800029d   Thumb Code     0  rtexit2.o(.ARM.Collect$$rtexit$$00000003)
    __rt_exit_prels_1                        0x0800029d   Thumb Code     0  rtexit2.o(.ARM.Collect$$rtexit$$00000002)
    __rt_exit_exit                           0x080002a1   Thumb Code     0  rtexit2.o(.ARM.Collect$$rtexit$$00000004)
    SVC_Handler                              0x080002a9   Thumb Code    28  port.o(.emb_text)
    __asm___6_port_c_39a90d8d__prvStartFirstTask 0x080002c9   Thumb Code    36  port.o(.emb_text)
    __asm___6_port_c_39a90d8d__prvEnableVFP  0x080002f1   Thumb Code    16  port.o(.emb_text)
    PendSV_Handler                           0x08000305   Thumb Code    88  port.o(.emb_text)
    vPortGetIPSR                             0x08000361   Thumb Code     6  port.o(.emb_text)
    Reset_Handler                            0x08000369   Thumb Code     8  startup_stm32f429xx.o(.text)
    ADC_IRQHandler                           0x08000383   Thumb Code     0  startup_stm32f429xx.o(.text)
    CAN1_RX0_IRQHandler                      0x08000383   Thumb Code     0  startup_stm32f429xx.o(.text)
    CAN1_RX1_IRQHandler                      0x08000383   Thumb Code     0  startup_stm32f429xx.o(.text)
    CAN1_SCE_IRQHandler                      0x08000383   Thumb Code     0  startup_stm32f429xx.o(.text)
    CAN1_TX_IRQHandler                       0x08000383   Thumb Code     0  startup_stm32f429xx.o(.text)
    CAN2_RX0_IRQHandler                      0x08000383   Thumb Code     0  startup_stm32f429xx.o(.text)
    CAN2_RX1_IRQHandler                      0x08000383   Thumb Code     0  startup_stm32f429xx.o(.text)
    CAN2_SCE_IRQHandler                      0x08000383   Thumb Code     0  startup_stm32f429xx.o(.text)
    CAN2_TX_IRQHandler                       0x08000383   Thumb Code     0  startup_stm32f429xx.o(.text)
    DCMI_IRQHandler                          0x08000383   Thumb Code     0  startup_stm32f429xx.o(.text)
    DMA1_Stream0_IRQHandler                  0x08000383   Thumb Code     0  startup_stm32f429xx.o(.text)
    DMA1_Stream1_IRQHandler                  0x08000383   Thumb Code     0  startup_stm32f429xx.o(.text)
    DMA1_Stream2_IRQHandler                  0x08000383   Thumb Code     0  startup_stm32f429xx.o(.text)
    DMA1_Stream3_IRQHandler                  0x08000383   Thumb Code     0  startup_stm32f429xx.o(.text)
    DMA1_Stream4_IRQHandler                  0x08000383   Thumb Code     0  startup_stm32f429xx.o(.text)
    DMA1_Stream5_IRQHandler                  0x08000383   Thumb Code     0  startup_stm32f429xx.o(.text)
    DMA1_Stream6_IRQHandler                  0x08000383   Thumb Code     0  startup_stm32f429xx.o(.text)
    DMA1_Stream7_IRQHandler                  0x08000383   Thumb Code     0  startup_stm32f429xx.o(.text)
    DMA2D_IRQHandler                         0x08000383   Thumb Code     0  startup_stm32f429xx.o(.text)
    DMA2_Stream1_IRQHandler                  0x08000383   Thumb Code     0  startup_stm32f429xx.o(.text)
    DMA2_Stream2_IRQHandler                  0x08000383   Thumb Code     0  startup_stm32f429xx.o(.text)
    DMA2_Stream3_IRQHandler                  0x08000383   Thumb Code     0  startup_stm32f429xx.o(.text)
    DMA2_Stream4_IRQHandler                  0x08000383   Thumb Code     0  startup_stm32f429xx.o(.text)
    DMA2_Stream5_IRQHandler                  0x08000383   Thumb Code     0  startup_stm32f429xx.o(.text)
    DMA2_Stream6_IRQHandler                  0x08000383   Thumb Code     0  startup_stm32f429xx.o(.text)
    DMA2_Stream7_IRQHandler                  0x08000383   Thumb Code     0  startup_stm32f429xx.o(.text)
    ETH_IRQHandler                           0x08000383   Thumb Code     0  startup_stm32f429xx.o(.text)
    ETH_WKUP_IRQHandler                      0x08000383   Thumb Code     0  startup_stm32f429xx.o(.text)
    EXTI0_IRQHandler                         0x08000383   Thumb Code     0  startup_stm32f429xx.o(.text)
    EXTI15_10_IRQHandler                     0x08000383   Thumb Code     0  startup_stm32f429xx.o(.text)
    EXTI1_IRQHandler                         0x08000383   Thumb Code     0  startup_stm32f429xx.o(.text)
    EXTI2_IRQHandler                         0x08000383   Thumb Code     0  startup_stm32f429xx.o(.text)
    EXTI3_IRQHandler                         0x08000383   Thumb Code     0  startup_stm32f429xx.o(.text)
    EXTI4_IRQHandler                         0x08000383   Thumb Code     0  startup_stm32f429xx.o(.text)
    EXTI9_5_IRQHandler                       0x08000383   Thumb Code     0  startup_stm32f429xx.o(.text)
    FLASH_IRQHandler                         0x08000383   Thumb Code     0  startup_stm32f429xx.o(.text)
    FMC_IRQHandler                           0x08000383   Thumb Code     0  startup_stm32f429xx.o(.text)
    FPU_IRQHandler                           0x08000383   Thumb Code     0  startup_stm32f429xx.o(.text)
    HASH_RNG_IRQHandler                      0x08000383   Thumb Code     0  startup_stm32f429xx.o(.text)
    I2C1_ER_IRQHandler                       0x08000383   Thumb Code     0  startup_stm32f429xx.o(.text)
    I2C1_EV_IRQHandler                       0x08000383   Thumb Code     0  startup_stm32f429xx.o(.text)
    I2C2_ER_IRQHandler                       0x08000383   Thumb Code     0  startup_stm32f429xx.o(.text)
    I2C2_EV_IRQHandler                       0x08000383   Thumb Code     0  startup_stm32f429xx.o(.text)
    I2C3_ER_IRQHandler                       0x08000383   Thumb Code     0  startup_stm32f429xx.o(.text)
    I2C3_EV_IRQHandler                       0x08000383   Thumb Code     0  startup_stm32f429xx.o(.text)
    LTDC_ER_IRQHandler                       0x08000383   Thumb Code     0  startup_stm32f429xx.o(.text)
    LTDC_IRQHandler                          0x08000383   Thumb Code     0  startup_stm32f429xx.o(.text)
    OTG_FS_IRQHandler                        0x08000383   Thumb Code     0  startup_stm32f429xx.o(.text)
    OTG_FS_WKUP_IRQHandler                   0x08000383   Thumb Code     0  startup_stm32f429xx.o(.text)
    OTG_HS_WKUP_IRQHandler                   0x08000383   Thumb Code     0  startup_stm32f429xx.o(.text)
    PVD_IRQHandler                           0x08000383   Thumb Code     0  startup_stm32f429xx.o(.text)
    RCC_IRQHandler                           0x08000383   Thumb Code     0  startup_stm32f429xx.o(.text)
    RTC_Alarm_IRQHandler                     0x08000383   Thumb Code     0  startup_stm32f429xx.o(.text)
    RTC_WKUP_IRQHandler                      0x08000383   Thumb Code     0  startup_stm32f429xx.o(.text)
    SAI1_IRQHandler                          0x08000383   Thumb Code     0  startup_stm32f429xx.o(.text)
    SDIO_IRQHandler                          0x08000383   Thumb Code     0  startup_stm32f429xx.o(.text)
    SPI1_IRQHandler                          0x08000383   Thumb Code     0  startup_stm32f429xx.o(.text)
    SPI2_IRQHandler                          0x08000383   Thumb Code     0  startup_stm32f429xx.o(.text)
    SPI3_IRQHandler                          0x08000383   Thumb Code     0  startup_stm32f429xx.o(.text)
    SPI4_IRQHandler                          0x08000383   Thumb Code     0  startup_stm32f429xx.o(.text)
    SPI5_IRQHandler                          0x08000383   Thumb Code     0  startup_stm32f429xx.o(.text)
    SPI6_IRQHandler                          0x08000383   Thumb Code     0  startup_stm32f429xx.o(.text)
    TAMP_STAMP_IRQHandler                    0x08000383   Thumb Code     0  startup_stm32f429xx.o(.text)
    TIM1_BRK_TIM9_IRQHandler                 0x08000383   Thumb Code     0  startup_stm32f429xx.o(.text)
    TIM1_CC_IRQHandler                       0x08000383   Thumb Code     0  startup_stm32f429xx.o(.text)
    TIM1_TRG_COM_TIM11_IRQHandler            0x08000383   Thumb Code     0  startup_stm32f429xx.o(.text)
    TIM1_UP_TIM10_IRQHandler                 0x08000383   Thumb Code     0  startup_stm32f429xx.o(.text)
    TIM2_IRQHandler                          0x08000383   Thumb Code     0  startup_stm32f429xx.o(.text)
    TIM3_IRQHandler                          0x08000383   Thumb Code     0  startup_stm32f429xx.o(.text)
    TIM4_IRQHandler                          0x08000383   Thumb Code     0  startup_stm32f429xx.o(.text)
    TIM5_IRQHandler                          0x08000383   Thumb Code     0  startup_stm32f429xx.o(.text)
    TIM6_DAC_IRQHandler                      0x08000383   Thumb Code     0  startup_stm32f429xx.o(.text)
    TIM7_IRQHandler                          0x08000383   Thumb Code     0  startup_stm32f429xx.o(.text)
    TIM8_BRK_TIM12_IRQHandler                0x08000383   Thumb Code     0  startup_stm32f429xx.o(.text)
    TIM8_CC_IRQHandler                       0x08000383   Thumb Code     0  startup_stm32f429xx.o(.text)
    TIM8_TRG_COM_TIM14_IRQHandler            0x08000383   Thumb Code     0  startup_stm32f429xx.o(.text)
    TIM8_UP_TIM13_IRQHandler                 0x08000383   Thumb Code     0  startup_stm32f429xx.o(.text)
    UART4_IRQHandler                         0x08000383   Thumb Code     0  startup_stm32f429xx.o(.text)
    UART5_IRQHandler                         0x08000383   Thumb Code     0  startup_stm32f429xx.o(.text)
    UART7_IRQHandler                         0x08000383   Thumb Code     0  startup_stm32f429xx.o(.text)
    UART8_IRQHandler                         0x08000383   Thumb Code     0  startup_stm32f429xx.o(.text)
    USART1_IRQHandler                        0x08000383   Thumb Code     0  startup_stm32f429xx.o(.text)
    USART2_IRQHandler                        0x08000383   Thumb Code     0  startup_stm32f429xx.o(.text)
    USART3_IRQHandler                        0x08000383   Thumb Code     0  startup_stm32f429xx.o(.text)
    USART6_IRQHandler                        0x08000383   Thumb Code     0  startup_stm32f429xx.o(.text)
    WWDG_IRQHandler                          0x08000383   Thumb Code     0  startup_stm32f429xx.o(.text)
    __user_initial_stackheap                 0x08000385   Thumb Code     0  startup_stm32f429xx.o(.text)
    __aeabi_uldivmod                         0x080003a9   Thumb Code     0  lludivv7m.o(.text)
    _ll_udiv                                 0x080003a9   Thumb Code   238  lludivv7m.o(.text)
    __aeabi_memcpy                           0x08000497   Thumb Code     0  rt_memcpy_v6.o(.text)
    __rt_memcpy                              0x08000497   Thumb Code   138  rt_memcpy_v6.o(.text)
    _memcpy_lastbytes                        0x080004fd   Thumb Code     0  rt_memcpy_v6.o(.text)
    __aeabi_memset                           0x08000521   Thumb Code    16  aeabi_memset.o(.text)
    __aeabi_memclr4                          0x08000531   Thumb Code     0  rt_memclr_w.o(.text)
    __aeabi_memclr8                          0x08000531   Thumb Code     0  rt_memclr_w.o(.text)
    __rt_memclr_w                            0x08000531   Thumb Code    78  rt_memclr_w.o(.text)
    _memset_w                                0x08000535   Thumb Code     0  rt_memclr_w.o(.text)
    __use_two_region_memory                  0x0800057f   Thumb Code     2  heapauxi.o(.text)
    __rt_heap_escrow$2region                 0x08000581   Thumb Code     2  heapauxi.o(.text)
    __rt_heap_expand$2region                 0x08000583   Thumb Code     2  heapauxi.o(.text)
    __aeabi_memcpy4                          0x08000585   Thumb Code     0  rt_memcpy_w.o(.text)
    __aeabi_memcpy8                          0x08000585   Thumb Code     0  rt_memcpy_w.o(.text)
    __rt_memcpy_w                            0x08000585   Thumb Code   100  rt_memcpy_w.o(.text)
    _memcpy_lastbytes_aligned                0x080005cd   Thumb Code     0  rt_memcpy_w.o(.text)
    __aeabi_memclr                           0x080005e9   Thumb Code     0  rt_memclr.o(.text)
    __rt_memclr                              0x080005e9   Thumb Code    68  rt_memclr.o(.text)
    _memset                                  0x080005ed   Thumb Code     0  rt_memclr.o(.text)
    __user_libspace                          0x0800062d   Thumb Code     8  libspace.o(.text)
    __user_perproc_libspace                  0x0800062d   Thumb Code     0  libspace.o(.text)
    __user_perthread_libspace                0x0800062d   Thumb Code     0  libspace.o(.text)
    __user_setup_stackheap                   0x08000635   Thumb Code    74  sys_stackheap_outer.o(.text)
    exit                                     0x0800067f   Thumb Code    18  exit.o(.text)
    _sys_exit                                0x08000691   Thumb Code     8  sys_exit.o(.text)
    __I$use$semihosting                      0x0800069d   Thumb Code     0  use_no_semi.o(.text)
    __use_no_semihosting_swi                 0x0800069d   Thumb Code     2  use_no_semi.o(.text)
    __semihosting_library_function           0x0800069f   Thumb Code     0  indicate_semi.o(.text)
    BusFault_Handler                         0x08000801   Thumb Code     4  stm32f4xx_it.o(i.BusFault_Handler)
    CDC_Transmit_HS                          0x08000915   Thumb Code    54  usbd_cdc_if.o(i.CDC_Transmit_HS)
    DMA2_Stream0_IRQHandler                  0x08000951   Thumb Code    10  stm32f4xx_it.o(i.DMA2_Stream0_IRQHandler)
    DebugMon_Handler                         0x08000a3f   Thumb Code     2  stm32f4xx_it.o(i.DebugMon_Handler)
    Error_Handler                            0x08000a41   Thumb Code     6  main.o(i.Error_Handler)
    HAL_ADC_ConfigChannel                    0x08000a6d   Thumb Code   400  stm32f4xx_hal_adc.o(i.HAL_ADC_ConfigChannel)
    HAL_ADC_Init                             0x08000c11   Thumb Code   100  stm32f4xx_hal_adc.o(i.HAL_ADC_Init)
    HAL_ADC_MspInit                          0x08000c79   Thumb Code   190  adc.o(i.HAL_ADC_MspInit)
    HAL_DMA_IRQHandler                       0x08000d4d   Thumb Code   570  stm32f4xx_hal_dma.o(i.HAL_DMA_IRQHandler)
    HAL_DMA_Init                             0x08000f8d   Thumb Code   232  stm32f4xx_hal_dma.o(i.HAL_DMA_Init)
    HAL_Delay                                0x08001079   Thumb Code    36  stm32f4xx_hal.o(i.HAL_Delay)
    HAL_GPIO_Init                            0x080010a1   Thumb Code   474  stm32f4xx_hal_gpio.o(i.HAL_GPIO_Init)
    HAL_GetTick                              0x080012b1   Thumb Code     6  stm32f4xx_hal.o(i.HAL_GetTick)
    HAL_IncTick                              0x080012bd   Thumb Code    16  stm32f4xx_hal.o(i.HAL_IncTick)
    HAL_Init                                 0x080012d5   Thumb Code    54  stm32f4xx_hal.o(i.HAL_Init)
    HAL_InitTick                             0x08001311   Thumb Code    64  stm32f4xx_hal.o(i.HAL_InitTick)
    HAL_MspInit                              0x0800135d   Thumb Code    78  stm32f4xx_hal_msp.o(i.HAL_MspInit)
    HAL_NVIC_EnableIRQ                       0x080013b1   Thumb Code    40  stm32f4xx_hal_cortex.o(i.HAL_NVIC_EnableIRQ)
    HAL_NVIC_SetPriority                     0x080013d9   Thumb Code   124  stm32f4xx_hal_cortex.o(i.HAL_NVIC_SetPriority)
    HAL_NVIC_SetPriorityGrouping             0x08001455   Thumb Code    32  stm32f4xx_hal_cortex.o(i.HAL_NVIC_SetPriorityGrouping)
    HAL_PCDEx_LPM_Callback                   0x0800147d   Thumb Code     2  stm32f4xx_hal_pcd_ex.o(i.HAL_PCDEx_LPM_Callback)
    HAL_PCDEx_SetRxFiFo                      0x0800147f   Thumb Code    10  stm32f4xx_hal_pcd_ex.o(i.HAL_PCDEx_SetRxFiFo)
    HAL_PCDEx_SetTxFiFo                      0x08001489   Thumb Code    78  stm32f4xx_hal_pcd_ex.o(i.HAL_PCDEx_SetTxFiFo)
    HAL_PCD_ConnectCallback                  0x080014d7   Thumb Code    14  usbd_conf.o(i.HAL_PCD_ConnectCallback)
    HAL_PCD_DataInStageCallback              0x080014e5   Thumb Code    32  usbd_conf.o(i.HAL_PCD_DataInStageCallback)
    HAL_PCD_DataOutStageCallback             0x08001505   Thumb Code    32  usbd_conf.o(i.HAL_PCD_DataOutStageCallback)
    HAL_PCD_DisconnectCallback               0x08001525   Thumb Code    14  usbd_conf.o(i.HAL_PCD_DisconnectCallback)
    HAL_PCD_EP_Abort                         0x08001533   Thumb Code    66  stm32f4xx_hal_pcd.o(i.HAL_PCD_EP_Abort)
    HAL_PCD_EP_Close                         0x08001575   Thumb Code   106  stm32f4xx_hal_pcd.o(i.HAL_PCD_EP_Close)
    HAL_PCD_EP_ClrStall                      0x080015df   Thumb Code   124  stm32f4xx_hal_pcd.o(i.HAL_PCD_EP_ClrStall)
    HAL_PCD_EP_GetRxCount                    0x0800165b   Thumb Code    22  stm32f4xx_hal_pcd.o(i.HAL_PCD_EP_GetRxCount)
    HAL_PCD_EP_Open                          0x08001671   Thumb Code   140  stm32f4xx_hal_pcd.o(i.HAL_PCD_EP_Open)
    HAL_PCD_EP_Receive                       0x080016fd   Thumb Code    70  stm32f4xx_hal_pcd.o(i.HAL_PCD_EP_Receive)
    HAL_PCD_EP_SetStall                      0x08001743   Thumb Code   138  stm32f4xx_hal_pcd.o(i.HAL_PCD_EP_SetStall)
    HAL_PCD_EP_Transmit                      0x080017cd   Thumb Code    72  stm32f4xx_hal_pcd.o(i.HAL_PCD_EP_Transmit)
    HAL_PCD_IRQHandler                       0x08001815   Thumb Code  1738  stm32f4xx_hal_pcd.o(i.HAL_PCD_IRQHandler)
    HAL_PCD_ISOINIncompleteCallback          0x08001edf   Thumb Code    18  usbd_conf.o(i.HAL_PCD_ISOINIncompleteCallback)
    HAL_PCD_ISOOUTIncompleteCallback         0x08001ef1   Thumb Code    18  usbd_conf.o(i.HAL_PCD_ISOOUTIncompleteCallback)
    HAL_PCD_Init                             0x08001f03   Thumb Code   350  stm32f4xx_hal_pcd.o(i.HAL_PCD_Init)
    HAL_PCD_MspInit                          0x08002061   Thumb Code   168  usbd_conf.o(i.HAL_PCD_MspInit)
    HAL_PCD_ResetCallback                    0x08002115   Thumb Code    48  usbd_conf.o(i.HAL_PCD_ResetCallback)
    HAL_PCD_ResumeCallback                   0x08002145   Thumb Code    14  usbd_conf.o(i.HAL_PCD_ResumeCallback)
    HAL_PCD_SOFCallback                      0x08002153   Thumb Code    14  usbd_conf.o(i.HAL_PCD_SOFCallback)
    HAL_PCD_SetAddress                       0x08002161   Thumb Code    52  stm32f4xx_hal_pcd.o(i.HAL_PCD_SetAddress)
    HAL_PCD_SetupStageCallback               0x08002195   Thumb Code    18  usbd_conf.o(i.HAL_PCD_SetupStageCallback)
    HAL_PCD_Start                            0x080021a7   Thumb Code    76  stm32f4xx_hal_pcd.o(i.HAL_PCD_Start)
    HAL_PCD_SuspendCallback                  0x080021f5   Thumb Code    46  usbd_conf.o(i.HAL_PCD_SuspendCallback)
    HAL_RCC_ClockConfig                      0x08002229   Thumb Code   368  stm32f4xx_hal_rcc.o(i.HAL_RCC_ClockConfig)
    HAL_RCC_GetHCLKFreq                      0x080023ad   Thumb Code     6  stm32f4xx_hal_rcc.o(i.HAL_RCC_GetHCLKFreq)
    HAL_RCC_GetSysClockFreq                  0x080023b9   Thumb Code   162  stm32f4xx_hal_rcc.o(i.HAL_RCC_GetSysClockFreq)
    HAL_RCC_OscConfig                        0x08002469   Thumb Code  1172  stm32f4xx_hal_rcc.o(i.HAL_RCC_OscConfig)
    HAL_SPI_Init                             0x08002905   Thumb Code   222  stm32f4xx_hal_spi.o(i.HAL_SPI_Init)
    HAL_SPI_MspInit                          0x080029e5   Thumb Code   122  spi.o(i.HAL_SPI_MspInit)
    HAL_SYSTICK_Config                       0x08002a6d   Thumb Code    52  stm32f4xx_hal_cortex.o(i.HAL_SYSTICK_Config)
    HardFault_Handler                        0x08002aa1   Thumb Code     4  stm32f4xx_it.o(i.HardFault_Handler)
    MX_ADC3_Init                             0x08002ae5   Thumb Code   250  adc.o(i.MX_ADC3_Init)
    MX_DMA_Init                              0x08002bed   Thumb Code    52  dma.o(i.MX_DMA_Init)
    MX_FREERTOS_Init                         0x08002c25   Thumb Code    18  freertos.o(i.MX_FREERTOS_Init)
    MX_GPIO_Init                             0x08002c45   Thumb Code   156  gpio.o(i.MX_GPIO_Init)
    MX_SPI1_Init                             0x08002ce5   Thumb Code    72  spi.o(i.MX_SPI1_Init)
    MX_USB_DEVICE_Init                       0x08002d35   Thumb Code    60  usb_device.o(i.MX_USB_DEVICE_Init)
    MemManage_Handler                        0x08002d81   Thumb Code     4  stm32f4xx_it.o(i.MemManage_Handler)
    NMI_Handler                              0x08002d85   Thumb Code     4  stm32f4xx_it.o(i.NMI_Handler)
    OTG_HS_EP1_IN_IRQHandler                 0x08002d89   Thumb Code    10  stm32f4xx_it.o(i.OTG_HS_EP1_IN_IRQHandler)
    OTG_HS_EP1_OUT_IRQHandler                0x08002d99   Thumb Code    10  stm32f4xx_it.o(i.OTG_HS_EP1_OUT_IRQHandler)
    OTG_HS_IRQHandler                        0x08002da9   Thumb Code    10  stm32f4xx_it.o(i.OTG_HS_IRQHandler)
    StartDefaultTask                         0x08003029   Thumb Code    18  freertos.o(i.StartDefaultTask)
    SysTick_Handler                          0x0800303b   Thumb Code    20  stm32f4xx_it.o(i.SysTick_Handler)
    SystemClock_Config                       0x08003051   Thumb Code   174  main.o(i.SystemClock_Config)
    SystemInit                               0x08003109   Thumb Code    14  system_stm32f4xx.o(i.SystemInit)
    USBD_CDC_GetDeviceQualifierDescriptor    0x0800337d   Thumb Code    10  usbd_cdc.o(i.USBD_CDC_GetDeviceQualifierDescriptor)
    USBD_CDC_ReceivePacket                   0x08003679   Thumb Code    72  usbd_cdc.o(i.USBD_CDC_ReceivePacket)
    USBD_CDC_RegisterInterface               0x080036c1   Thumb Code    24  usbd_cdc.o(i.USBD_CDC_RegisterInterface)
    USBD_CDC_SetRxBuffer                     0x080036d9   Thumb Code    30  usbd_cdc.o(i.USBD_CDC_SetRxBuffer)
    USBD_CDC_SetTxBuffer                     0x080036f7   Thumb Code    36  usbd_cdc.o(i.USBD_CDC_SetTxBuffer)
    USBD_CDC_TransmitPacket                  0x0800385b   Thumb Code    86  usbd_cdc.o(i.USBD_CDC_TransmitPacket)
    USBD_ClrClassConfig                      0x080038b1   Thumb Code    28  usbd_core.o(i.USBD_ClrClassConfig)
    USBD_CoreFindEP                          0x0800390b   Thumb Code     6  usbd_core.o(i.USBD_CoreFindEP)
    USBD_CoreFindIF                          0x08003911   Thumb Code     6  usbd_core.o(i.USBD_CoreFindIF)
    USBD_CtlContinueRx                       0x08003917   Thumb Code    24  usbd_ioreq.o(i.USBD_CtlContinueRx)
    USBD_CtlContinueSendData                 0x0800392f   Thumb Code    24  usbd_ioreq.o(i.USBD_CtlContinueSendData)
    USBD_CtlError                            0x08003947   Thumb Code    24  usbd_ctlreq.o(i.USBD_CtlError)
    USBD_CtlPrepareRx                        0x0800395f   Thumb Code    40  usbd_ioreq.o(i.USBD_CtlPrepareRx)
    USBD_CtlReceiveStatus                    0x08003987   Thumb Code    26  usbd_ioreq.o(i.USBD_CtlReceiveStatus)
    USBD_CtlSendData                         0x080039a1   Thumb Code    34  usbd_ioreq.o(i.USBD_CtlSendData)
    USBD_CtlSendStatus                       0x080039c3   Thumb Code    26  usbd_ioreq.o(i.USBD_CtlSendStatus)
    USBD_GetEpDesc                           0x08003c4d   Thumb Code    80  usbd_core.o(i.USBD_GetEpDesc)
    USBD_GetNextDesc                         0x08003cb3   Thumb Code    20  usbd_core.o(i.USBD_GetNextDesc)
    USBD_GetString                           0x08003d21   Thumb Code    84  usbd_ctlreq.o(i.USBD_GetString)
    USBD_Get_USB_Status                      0x08003d75   Thumb Code    44  usbd_conf.o(i.USBD_Get_USB_Status)
    USBD_HS_ConfigStrDescriptor              0x08003da1   Thumb Code    34  usbd_desc.o(i.USBD_HS_ConfigStrDescriptor)
    USBD_HS_DeviceDescriptor                 0x08003dd9   Thumb Code    10  usbd_desc.o(i.USBD_HS_DeviceDescriptor)
    USBD_HS_InterfaceStrDescriptor           0x08003de9   Thumb Code    34  usbd_desc.o(i.USBD_HS_InterfaceStrDescriptor)
    USBD_HS_LangIDStrDescriptor              0x08003e25   Thumb Code    10  usbd_desc.o(i.USBD_HS_LangIDStrDescriptor)
    USBD_HS_ManufacturerStrDescriptor        0x08003e35   Thumb Code    20  usbd_desc.o(i.USBD_HS_ManufacturerStrDescriptor)
    USBD_HS_ProductStrDescriptor             0x08003e61   Thumb Code    34  usbd_desc.o(i.USBD_HS_ProductStrDescriptor)
    USBD_HS_SerialStrDescriptor              0x08003e91   Thumb Code    18  usbd_desc.o(i.USBD_HS_SerialStrDescriptor)
    USBD_Init                                0x08003ea9   Thumb Code    58  usbd_core.o(i.USBD_Init)
    USBD_LL_ClearStallEP                     0x08003ee3   Thumb Code    38  usbd_conf.o(i.USBD_LL_ClearStallEP)
    USBD_LL_CloseEP                          0x08003f09   Thumb Code    38  usbd_conf.o(i.USBD_LL_CloseEP)
    USBD_LL_DataInStage                      0x08003f2f   Thumb Code   264  usbd_core.o(i.USBD_LL_DataInStage)
    USBD_LL_DataOutStage                     0x08004037   Thumb Code   258  usbd_core.o(i.USBD_LL_DataOutStage)
    USBD_LL_DevConnected                     0x08004139   Thumb Code     6  usbd_core.o(i.USBD_LL_DevConnected)
    USBD_LL_DevDisconnected                  0x0800413f   Thumb Code    38  usbd_core.o(i.USBD_LL_DevDisconnected)
    USBD_LL_GetRxDataSize                    0x08004165   Thumb Code    18  usbd_conf.o(i.USBD_LL_GetRxDataSize)
    USBD_LL_Init                             0x08004179   Thumb Code   128  usbd_conf.o(i.USBD_LL_Init)
    USBD_LL_IsStallEP                        0x08004201   Thumb Code    56  usbd_conf.o(i.USBD_LL_IsStallEP)
    USBD_LL_IsoINIncomplete                  0x08004239   Thumb Code    72  usbd_core.o(i.USBD_LL_IsoINIncomplete)
    USBD_LL_IsoOUTIncomplete                 0x08004281   Thumb Code    72  usbd_core.o(i.USBD_LL_IsoOUTIncomplete)
    USBD_LL_OpenEP                           0x080042c9   Thumb Code    48  usbd_conf.o(i.USBD_LL_OpenEP)
    USBD_LL_PrepareReceive                   0x080042f9   Thumb Code    48  usbd_conf.o(i.USBD_LL_PrepareReceive)
    USBD_LL_Reset                            0x08004329   Thumb Code   108  usbd_core.o(i.USBD_LL_Reset)
    USBD_LL_Resume                           0x08004395   Thumb Code    22  usbd_core.o(i.USBD_LL_Resume)
    USBD_LL_SOF                              0x080043ab   Thumb Code    40  usbd_core.o(i.USBD_LL_SOF)
    USBD_LL_SetSpeed                         0x080043d3   Thumb Code     8  usbd_core.o(i.USBD_LL_SetSpeed)
    USBD_LL_SetUSBAddress                    0x080043db   Thumb Code    38  usbd_conf.o(i.USBD_LL_SetUSBAddress)
    USBD_LL_SetupStage                       0x08004401   Thumb Code   118  usbd_core.o(i.USBD_LL_SetupStage)
    USBD_LL_StallEP                          0x08004477   Thumb Code    38  usbd_conf.o(i.USBD_LL_StallEP)
    USBD_LL_Start                            0x0800449d   Thumb Code    30  usbd_conf.o(i.USBD_LL_Start)
    USBD_LL_Suspend                          0x080044bb   Thumb Code    28  usbd_core.o(i.USBD_LL_Suspend)
    USBD_LL_Transmit                         0x080044d7   Thumb Code    48  usbd_conf.o(i.USBD_LL_Transmit)
    USBD_ParseSetupRequest                   0x08004507   Thumb Code    54  usbd_ctlreq.o(i.USBD_ParseSetupRequest)
    USBD_RegisterClass                       0x0800453d   Thumb Code    72  usbd_core.o(i.USBD_RegisterClass)
    USBD_RunTestMode                         0x08004585   Thumb Code     6  usbd_core.o(i.USBD_RunTestMode)
    USBD_SetClassConfig                      0x080045e5   Thumb Code    32  usbd_core.o(i.USBD_SetClassConfig)
    USBD_Start                               0x08004741   Thumb Code    12  usbd_core.o(i.USBD_Start)
    USBD_StdDevReq                           0x0800474d   Thumb Code   160  usbd_ctlreq.o(i.USBD_StdDevReq)
    USBD_StdEPReq                            0x080047ed   Thumb Code   640  usbd_ctlreq.o(i.USBD_StdEPReq)
    USBD_StdItfReq                           0x08004a6d   Thumb Code   188  usbd_ctlreq.o(i.USBD_StdItfReq)
    USBD_WinUSBOSFeatureDescriptor           0x08004b91   Thumb Code    10  usbd_desc.o(i.USBD_WinUSBOSFeatureDescriptor)
    USBD_WinUSBOSPropertyDescriptor          0x08004ba1   Thumb Code    10  usbd_desc.o(i.USBD_WinUSBOSPropertyDescriptor)
    USBD_WinUSBOSStrDescriptor               0x08004bb1   Thumb Code    18  usbd_desc.o(i.USBD_WinUSBOSStrDescriptor)
    USBD_static_free                         0x08004bcd   Thumb Code     2  usbd_conf.o(i.USBD_static_free)
    USBD_static_malloc                       0x08004bd1   Thumb Code     6  usbd_conf.o(i.USBD_static_malloc)
    USB_ActivateEndpoint                     0x08004bdd   Thumb Code   202  stm32f4xx_ll_usb.o(i.USB_ActivateEndpoint)
    USB_ActivateSetup                        0x08004cad   Thumb Code    40  stm32f4xx_ll_usb.o(i.USB_ActivateSetup)
    USB_CoreInit                             0x08004cd5   Thumb Code   136  stm32f4xx_ll_usb.o(i.USB_CoreInit)
    USB_DeactivateEndpoint                   0x08004db5   Thumb Code   318  stm32f4xx_ll_usb.o(i.USB_DeactivateEndpoint)
    USB_DevConnect                           0x08004f01   Thumb Code    36  stm32f4xx_ll_usb.o(i.USB_DevConnect)
    USB_DevDisconnect                        0x08004f25   Thumb Code    36  stm32f4xx_ll_usb.o(i.USB_DevDisconnect)
    USB_DevInit                              0x08004f49   Thumb Code   480  stm32f4xx_ll_usb.o(i.USB_DevInit)
    USB_DisableGlobalInt                     0x08005131   Thumb Code    14  stm32f4xx_ll_usb.o(i.USB_DisableGlobalInt)
    USB_EP0_OutStart                         0x08005141   Thumb Code   106  stm32f4xx_ll_usb.o(i.USB_EP0_OutStart)
    USB_EPClearStall                         0x080051b1   Thumb Code   142  stm32f4xx_ll_usb.o(i.USB_EPClearStall)
    USB_EPSetStall                           0x0800523f   Thumb Code   154  stm32f4xx_ll_usb.o(i.USB_EPSetStall)
    USB_EPStartXfer                          0x080052d9   Thumb Code   944  stm32f4xx_ll_usb.o(i.USB_EPStartXfer)
    USB_EPStopXfer                           0x0800568d   Thumb Code   236  stm32f4xx_ll_usb.o(i.USB_EPStopXfer)
    USB_EnableGlobalInt                      0x08005779   Thumb Code    14  stm32f4xx_ll_usb.o(i.USB_EnableGlobalInt)
    USB_FlushRxFifo                          0x08005787   Thumb Code    80  stm32f4xx_ll_usb.o(i.USB_FlushRxFifo)
    USB_FlushTxFifo                          0x080057d7   Thumb Code    84  stm32f4xx_ll_usb.o(i.USB_FlushTxFifo)
    USB_GetDevSpeed                          0x0800582b   Thumb Code    38  stm32f4xx_ll_usb.o(i.USB_GetDevSpeed)
    USB_GetMode                              0x08005851   Thumb Code    10  stm32f4xx_ll_usb.o(i.USB_GetMode)
    USB_ReadDevAllInEpInterrupt              0x0800585b   Thumb Code    20  stm32f4xx_ll_usb.o(i.USB_ReadDevAllInEpInterrupt)
    USB_ReadDevAllOutEpInterrupt             0x0800586f   Thumb Code    20  stm32f4xx_ll_usb.o(i.USB_ReadDevAllOutEpInterrupt)
    USB_ReadDevInEPInterrupt                 0x08005883   Thumb Code    50  stm32f4xx_ll_usb.o(i.USB_ReadDevInEPInterrupt)
    USB_ReadDevOutEPInterrupt                0x080058b5   Thumb Code    26  stm32f4xx_ll_usb.o(i.USB_ReadDevOutEPInterrupt)
    USB_ReadInterrupts                       0x080058cf   Thumb Code    10  stm32f4xx_ll_usb.o(i.USB_ReadInterrupts)
    USB_ReadPacket                           0x080058d9   Thumb Code    96  stm32f4xx_ll_usb.o(i.USB_ReadPacket)
    USB_SetCurrentMode                       0x08005939   Thumb Code   104  stm32f4xx_ll_usb.o(i.USB_SetCurrentMode)
    USB_SetDevAddress                        0x080059a1   Thumb Code    42  stm32f4xx_ll_usb.o(i.USB_SetDevAddress)
    USB_SetDevSpeed                          0x080059cb   Thumb Code    18  stm32f4xx_ll_usb.o(i.USB_SetDevSpeed)
    USB_SetTurnaroundTime                    0x080059dd   Thumb Code   192  stm32f4xx_ll_usb.o(i.USB_SetTurnaroundTime)
    USB_WritePacket                          0x08005ac5   Thumb Code    68  stm32f4xx_ll_usb.o(i.USB_WritePacket)
    UsageFault_Handler                       0x08005b09   Thumb Code     4  stm32f4xx_it.o(i.UsageFault_Handler)
    WinUSB_Receive_HS                        0x08005b0d   Thumb Code   166  freertos.o(i.WinUSB_Receive_HS)
    main                                     0x08005c0f   Thumb Code    40  main.o(i.main)
    osDelay                                  0x08005c37   Thumb Code    30  cmsis_os2.o(i.osDelay)
    osKernelInitialize                       0x08005c55   Thumb Code    38  cmsis_os2.o(i.osKernelInitialize)
    osKernelStart                            0x08005c81   Thumb Code    82  cmsis_os2.o(i.osKernelStart)
    osThreadNew                              0x08005ce1   Thumb Code   184  cmsis_os2.o(i.osThreadNew)
    pvPortMalloc                             0x080067bd   Thumb Code   306  heap_4.o(i.pvPortMalloc)
    pxPortInitialiseStack                    0x08006909   Thumb Code    38  port.o(i.pxPortInitialiseStack)
    uxListRemove                             0x08006935   Thumb Code    40  list.o(i.uxListRemove)
    vApplicationGetIdleTaskMemory            0x0800695d   Thumb Code    14  cmsis_os2.o(i.vApplicationGetIdleTaskMemory)
    vApplicationGetTimerTaskMemory           0x08006975   Thumb Code    16  cmsis_os2.o(i.vApplicationGetTimerTaskMemory)
    vListInitialise                          0x0800698d   Thumb Code    26  list.o(i.vListInitialise)
    vListInitialiseItem                      0x080069a7   Thumb Code     6  list.o(i.vListInitialiseItem)
    vListInsert                              0x080069ad   Thumb Code    52  list.o(i.vListInsert)
    vListInsertEnd                           0x080069e1   Thumb Code    24  list.o(i.vListInsertEnd)
    vPortEnterCritical                       0x080069f9   Thumb Code    76  port.o(i.vPortEnterCritical)
    vPortExitCritical                        0x08006a4d   Thumb Code    56  port.o(i.vPortExitCritical)
    vPortFree                                0x08006a89   Thumb Code   150  heap_4.o(i.vPortFree)
    vPortSetupTimerInterrupt                 0x08006b2d   Thumb Code    36  port.o(i.vPortSetupTimerInterrupt)
    vPortValidateInterruptPriority           0x08006b55   Thumb Code   106  port.o(i.vPortValidateInterruptPriority)
    vQueueAddToRegistry                      0x08006bcd   Thumb Code    38  queue.o(i.vQueueAddToRegistry)
    vQueueWaitForMessageRestricted           0x08006bf9   Thumb Code    74  queue.o(i.vQueueWaitForMessageRestricted)
    vTaskDelay                               0x08006c45   Thumb Code    82  tasks.o(i.vTaskDelay)
    vTaskInternalSetTimeOutState             0x08006ca1   Thumb Code    14  tasks.o(i.vTaskInternalSetTimeOutState)
    vTaskMissedYield                         0x08006cb9   Thumb Code     8  tasks.o(i.vTaskMissedYield)
    vTaskPlaceOnEventList                    0x08006cc5   Thumb Code    52  tasks.o(i.vTaskPlaceOnEventList)
    vTaskPlaceOnEventListRestricted          0x08006cfd   Thumb Code    60  tasks.o(i.vTaskPlaceOnEventListRestricted)
    vTaskStartScheduler                      0x08006d3d   Thumb Code   156  tasks.o(i.vTaskStartScheduler)
    vTaskSuspendAll                          0x08006df5   Thumb Code    12  tasks.o(i.vTaskSuspendAll)
    vTaskSwitchContext                       0x08006e05   Thumb Code   122  tasks.o(i.vTaskSwitchContext)
    xPortStartScheduler                      0x08006e95   Thumb Code   330  port.o(i.xPortStartScheduler)
    xPortSysTickHandler                      0x08006ffd   Thumb Code    46  port.o(i.xPortSysTickHandler)
    xQueueGenericCreateStatic                0x08007031   Thumb Code   224  queue.o(i.xQueueGenericCreateStatic)
    xQueueGenericReset                       0x08007111   Thumb Code   146  queue.o(i.xQueueGenericReset)
    xQueueGenericSend                        0x080071a9   Thumb Code   420  queue.o(i.xQueueGenericSend)
    xQueueGenericSendFromISR                 0x08007351   Thumb Code   252  queue.o(i.xQueueGenericSendFromISR)
    xQueueReceive                            0x0800744d   Thumb Code   356  queue.o(i.xQueueReceive)
    xTaskCheckForTimeOut                     0x080075b5   Thumb Code   132  tasks.o(i.xTaskCheckForTimeOut)
    xTaskCreate                              0x08007641   Thumb Code   100  tasks.o(i.xTaskCreate)
    xTaskCreateStatic                        0x080076a5   Thumb Code   186  tasks.o(i.xTaskCreateStatic)
    xTaskGetSchedulerState                   0x08007761   Thumb Code    24  tasks.o(i.xTaskGetSchedulerState)
    xTaskGetTickCount                        0x08007781   Thumb Code     6  tasks.o(i.xTaskGetTickCount)
    xTaskIncrementTick                       0x0800778d   Thumb Code   280  tasks.o(i.xTaskIncrementTick)
    xTaskPriorityDisinherit                  0x080078d1   Thumb Code   152  tasks.o(i.xTaskPriorityDisinherit)
    xTaskRemoveFromEventList                 0x08007975   Thumb Code   126  tasks.o(i.xTaskRemoveFromEventList)
    xTaskResumeAll                           0x08007a0d   Thumb Code   222  tasks.o(i.xTaskResumeAll)
    xTimerCreateTimerTask                    0x08007b11   Thumb Code   100  timers.o(i.xTimerCreateTimerTask)
    xTimerGenericCommand                     0x08007b89   Thumb Code   128  timers.o(i.xTimerGenericCommand)
    _fp_init                                 0x08007c0d   Thumb Code    10  fpinit.o(x$fpl$fpinit)
    __fplib_config_fpu_vfp                   0x08007c15   Thumb Code     0  fpinit.o(x$fpl$fpinit)
    __fplib_config_pureend_doubles           0x08007c15   Thumb Code     0  fpinit.o(x$fpl$fpinit)
    defaultTask_attributes                   0x08007c18   Data          36  freertos.o(.constdata)
    USBD_OS_STRING                           0x08007c3c   Data           8  usbd_desc.o(.constdata)
    AHBPrescTable                            0x08007c4c   Data          16  system_stm32f4xx.o(.constdata)
    APBPrescTable                            0x08007c5c   Data           8  system_stm32f4xx.o(.constdata)
    Region$$Table$$Base                      0x08007c70   Number         0  anon$$obj.o(Region$$Table)
    Region$$Table$$Limit                     0x08007cb0   Number         0  anon$$obj.o(Region$$Table)
    usb_ep1_rxne                             0x10000000   Data           1  freertos.o(.data)
    usb_ep3_rxne                             0x10000001   Data           1  freertos.o(.data)
    usb_ep4_rxne                             0x10000002   Data           1  freertos.o(.data)
    usb_ep3_txne                             0x10000003   Data           1  freertos.o(.data)
    usb_ep4_txne                             0x10000004   Data           1  freertos.o(.data)
    defaultTaskHandle                        0x10000008   Data           4  freertos.o(.data)
    USBD_WINUSB_OSFeatureDesc                0x1000000c   Data          40  usbd_desc.o(.data)
    USBD_WINUSB_OSPropertyDesc               0x10000034   Data         142  usbd_desc.o(.data)
    HS_Desc                                  0x100000c4   Data          36  usbd_desc.o(.data)
    USBD_HS_DeviceDesc                       0x100000e8   Data          18  usbd_desc.o(.data)
    USBD_LangIDDesc                          0x100000fc   Data           4  usbd_desc.o(.data)
    USBD_StringSerial                        0x10000100   Data          26  usbd_desc.o(.data)
    USBD_Interface_fops_HS                   0x1000011c   Data          20  usbd_cdc_if.o(.data)
    SystemCoreClock                          0x10000130   Data           4  system_stm32f4xx.o(.data)
    USBD_CDC                                 0x10000140   Data          60  usbd_cdc.o(.data)
    hspi1                                    0x100001f4   Data          88  spi.o(.bss)
    UserRxBufferHS                           0x1000024c   Data        2048  usbd_cdc_if.o(.bss)
    UserTxBufferHS                           0x10000a4c   Data        2048  usbd_cdc_if.o(.bss)
    hpcd_USB_OTG_HS                          0x1000124c   Data        1252  usbd_conf.o(.bss)
    xQueueRegistry                           0x10001950   Data          64  queue.o(.bss)
    uwTick                                   0x20000000   Data           4  stm32f4xx_hal.o(.data)
    uwTickPrio                               0x20000004   Data           4  stm32f4xx_hal.o(.data)
    uwTickFreq                               0x20000008   Data           1  stm32f4xx_hal.o(.data)
    pxCurrentTCB                             0x2000000c   Data           4  tasks.o(.data)
    usb_ep1_rx                               0x2000005c   Data        2048  freertos.o(.bss)
    usb_ep1_tx                               0x2000085c   Data       40960  freertos.o(.bss)
    usb_ep3_rx                               0x2000a85c   Data        2048  freertos.o(.bss)
    usb_ep3_tx                               0x2000b05c   Data       40960  freertos.o(.bss)
    usb_ep4_rx                               0x2001505c   Data        2048  freertos.o(.bss)
    usb_ep4_tx                               0x2001585c   Data       40960  freertos.o(.bss)
    ADC_ConvertedValue                       0x2001f85c   Data          16  adc.o(.bss)
    ADC_ConvertedBuff0                       0x2001f86c   Data          16  adc.o(.bss)
    ADC_ProcessBuff                          0x2001f87c   Data          16  adc.o(.bss)
    hadc3                                    0x2001f88c   Data          72  adc.o(.bss)
    hdma_adc3                                0x2001f8d4   Data          96  adc.o(.bss)
    hUsbDeviceHS                             0x2001f934   Data         732  usb_device.o(.bss)
    USBD_StrDesc                             0x2001fc10   Data          64  usbd_desc.o(.bss)
    __libspace_start                         0x20023f08   Data          96  libspace.o(.bss)
    __temporary_stack_top$libspace           0x20023f68   Data           0  libspace.o(.bss)



==============================================================================

Memory Map of the image

  Image Entry point : 0x080001ad

  Load Region LR_IROM1 (Base: 0x08000000, Size: 0x00007f00, Max: 0x00100000, ABSOLUTE, COMPRESSED[0x00007e28])

    Execution Region ER_IROM1 (Exec base: 0x08000000, Load base: 0x08000000, Size: 0x00007cb0, Max: 0x00100000, ABSOLUTE)

    Exec Addr    Load Addr    Size         Type   Attr      Idx    E Section Name        Object

    0x08000000   0x08000000   0x000001ac   Data   RO            3    RESET               startup_stm32f429xx.o
    0x080001ac   0x080001ac   0x00000008   Code   RO         6321  * !!!main             c_w.l(__main.o)
    0x080001b4   0x080001b4   0x00000034   Code   RO         6655    !!!scatter          c_w.l(__scatter.o)
    0x080001e8   0x080001e8   0x0000005a   Code   RO         6653    !!dczerorl2         c_w.l(__dczerorl2.o)
    0x08000242   0x08000242   0x00000002   PAD
    0x08000244   0x08000244   0x0000001a   Code   RO         6657    !!handler_copy      c_w.l(__scatter_copy.o)
    0x0800025e   0x0800025e   0x00000002   PAD
    0x08000260   0x08000260   0x0000001c   Code   RO         6659    !!handler_zi        c_w.l(__scatter_zi.o)
    0x0800027c   0x0800027c   0x00000002   Code   RO         6573    .ARM.Collect$$libinit$$00000000  c_w.l(libinit.o)
    0x0800027e   0x0800027e   0x00000004   Code   RO         6371    .ARM.Collect$$libinit$$00000001  c_w.l(libinit2.o)
    0x08000282   0x08000282   0x00000000   Code   RO         6374    .ARM.Collect$$libinit$$00000004  c_w.l(libinit2.o)
    0x08000282   0x08000282   0x00000000   Code   RO         6377    .ARM.Collect$$libinit$$0000000A  c_w.l(libinit2.o)
    0x08000282   0x08000282   0x00000000   Code   RO         6379    .ARM.Collect$$libinit$$0000000C  c_w.l(libinit2.o)
    0x08000282   0x08000282   0x00000000   Code   RO         6381    .ARM.Collect$$libinit$$0000000E  c_w.l(libinit2.o)
    0x08000282   0x08000282   0x00000000   Code   RO         6384    .ARM.Collect$$libinit$$00000011  c_w.l(libinit2.o)
    0x08000282   0x08000282   0x00000000   Code   RO         6386    .ARM.Collect$$libinit$$00000013  c_w.l(libinit2.o)
    0x08000282   0x08000282   0x00000000   Code   RO         6388    .ARM.Collect$$libinit$$00000015  c_w.l(libinit2.o)
    0x08000282   0x08000282   0x00000000   Code   RO         6390    .ARM.Collect$$libinit$$00000017  c_w.l(libinit2.o)
    0x08000282   0x08000282   0x00000000   Code   RO         6392    .ARM.Collect$$libinit$$00000019  c_w.l(libinit2.o)
    0x08000282   0x08000282   0x00000000   Code   RO         6394    .ARM.Collect$$libinit$$0000001B  c_w.l(libinit2.o)
    0x08000282   0x08000282   0x00000000   Code   RO         6396    .ARM.Collect$$libinit$$0000001D  c_w.l(libinit2.o)
    0x08000282   0x08000282   0x00000000   Code   RO         6398    .ARM.Collect$$libinit$$0000001F  c_w.l(libinit2.o)
    0x08000282   0x08000282   0x00000000   Code   RO         6400    .ARM.Collect$$libinit$$00000021  c_w.l(libinit2.o)
    0x08000282   0x08000282   0x00000000   Code   RO         6402    .ARM.Collect$$libinit$$00000023  c_w.l(libinit2.o)
    0x08000282   0x08000282   0x00000000   Code   RO         6404    .ARM.Collect$$libinit$$00000025  c_w.l(libinit2.o)
    0x08000282   0x08000282   0x00000000   Code   RO         6408    .ARM.Collect$$libinit$$0000002C  c_w.l(libinit2.o)
    0x08000282   0x08000282   0x00000000   Code   RO         6410    .ARM.Collect$$libinit$$0000002E  c_w.l(libinit2.o)
    0x08000282   0x08000282   0x00000000   Code   RO         6412    .ARM.Collect$$libinit$$00000030  c_w.l(libinit2.o)
    0x08000282   0x08000282   0x00000000   Code   RO         6414    .ARM.Collect$$libinit$$00000032  c_w.l(libinit2.o)
    0x08000282   0x08000282   0x00000002   Code   RO         6415    .ARM.Collect$$libinit$$00000033  c_w.l(libinit2.o)
    0x08000284   0x08000284   0x00000002   Code   RO         6620    .ARM.Collect$$libshutdown$$00000000  c_w.l(libshutdown.o)
    0x08000286   0x08000286   0x00000000   Code   RO         6636    .ARM.Collect$$libshutdown$$00000002  c_w.l(libshutdown2.o)
    0x08000286   0x08000286   0x00000000   Code   RO         6638    .ARM.Collect$$libshutdown$$00000004  c_w.l(libshutdown2.o)
    0x08000286   0x08000286   0x00000000   Code   RO         6641    .ARM.Collect$$libshutdown$$00000007  c_w.l(libshutdown2.o)
    0x08000286   0x08000286   0x00000000   Code   RO         6644    .ARM.Collect$$libshutdown$$0000000A  c_w.l(libshutdown2.o)
    0x08000286   0x08000286   0x00000000   Code   RO         6646    .ARM.Collect$$libshutdown$$0000000C  c_w.l(libshutdown2.o)
    0x08000286   0x08000286   0x00000000   Code   RO         6649    .ARM.Collect$$libshutdown$$0000000F  c_w.l(libshutdown2.o)
    0x08000286   0x08000286   0x00000002   Code   RO         6650    .ARM.Collect$$libshutdown$$00000010  c_w.l(libshutdown2.o)
    0x08000288   0x08000288   0x00000000   Code   RO         6351    .ARM.Collect$$rtentry$$00000000  c_w.l(__rtentry.o)
    0x08000288   0x08000288   0x00000000   Code   RO         6479    .ARM.Collect$$rtentry$$00000002  c_w.l(__rtentry2.o)
    0x08000288   0x08000288   0x00000006   Code   RO         6491    .ARM.Collect$$rtentry$$00000004  c_w.l(__rtentry4.o)
    0x0800028e   0x0800028e   0x00000000   Code   RO         6481    .ARM.Collect$$rtentry$$00000009  c_w.l(__rtentry2.o)
    0x0800028e   0x0800028e   0x00000004   Code   RO         6482    .ARM.Collect$$rtentry$$0000000A  c_w.l(__rtentry2.o)
    0x08000292   0x08000292   0x00000000   Code   RO         6484    .ARM.Collect$$rtentry$$0000000C  c_w.l(__rtentry2.o)
    0x08000292   0x08000292   0x00000008   Code   RO         6485    .ARM.Collect$$rtentry$$0000000D  c_w.l(__rtentry2.o)
    0x0800029a   0x0800029a   0x00000002   Code   RO         6580    .ARM.Collect$$rtexit$$00000000  c_w.l(rtexit.o)
    0x0800029c   0x0800029c   0x00000000   Code   RO         6602    .ARM.Collect$$rtexit$$00000002  c_w.l(rtexit2.o)
    0x0800029c   0x0800029c   0x00000004   Code   RO         6603    .ARM.Collect$$rtexit$$00000003  c_w.l(rtexit2.o)
    0x080002a0   0x080002a0   0x00000006   Code   RO         6604    .ARM.Collect$$rtexit$$00000004  c_w.l(rtexit2.o)
    0x080002a6   0x080002a6   0x00000002   PAD
    0x080002a8   0x080002a8   0x000000be   Code   RO         5680    .emb_text           port.o
    0x08000366   0x08000366   0x00000002   PAD
    0x08000368   0x08000368   0x00000040   Code   RO            4    .text               startup_stm32f429xx.o
    0x080003a8   0x080003a8   0x000000ee   Code   RO         6247    .text               c_w.l(lludivv7m.o)
    0x08000496   0x08000496   0x0000008a   Code   RO         6311    .text               c_w.l(rt_memcpy_v6.o)
    0x08000520   0x08000520   0x00000010   Code   RO         6315    .text               c_w.l(aeabi_memset.o)
    0x08000530   0x08000530   0x0000004e   Code   RO         6317    .text               c_w.l(rt_memclr_w.o)
    0x0800057e   0x0800057e   0x00000006   Code   RO         6319    .text               c_w.l(heapauxi.o)
    0x08000584   0x08000584   0x00000064   Code   RO         6367    .text               c_w.l(rt_memcpy_w.o)
    0x080005e8   0x080005e8   0x00000044   Code   RO         6369    .text               c_w.l(rt_memclr.o)
    0x0800062c   0x0800062c   0x00000008   Code   RO         6551    .text               c_w.l(libspace.o)
    0x08000634   0x08000634   0x0000004a   Code   RO         6554    .text               c_w.l(sys_stackheap_outer.o)
    0x0800067e   0x0800067e   0x00000012   Code   RO         6556    .text               c_w.l(exit.o)
    0x08000690   0x08000690   0x0000000c   Code   RO         6596    .text               c_w.l(sys_exit.o)
    0x0800069c   0x0800069c   0x00000002   Code   RO         6598    .text               c_w.l(use_no_semi.o)
    0x0800069e   0x0800069e   0x00000000   Code   RO         6600    .text               c_w.l(indicate_semi.o)
    0x0800069e   0x0800069e   0x00000002   PAD
    0x080006a0   0x080006a0   0x00000160   Code   RO         2832    i.ADC_Init          stm32f4xx_hal_adc.o
    0x08000800   0x08000800   0x00000004   Code   RO          442    i.BusFault_Handler  stm32f4xx_it.o
    0x08000804   0x08000804   0x00000044   Code   RO          694    i.CDC_Control_HS    usbd_cdc_if.o
    0x08000848   0x08000848   0x00000004   Code   RO          695    i.CDC_DeInit_HS     usbd_cdc_if.o
    0x0800084c   0x0800084c   0x00000024   Code   RO          696    i.CDC_Init_HS       usbd_cdc_if.o
    0x08000870   0x08000870   0x00000098   Code   RO          697    i.CDC_Receive_HS    usbd_cdc_if.o
    0x08000908   0x08000908   0x0000000c   Code   RO          698    i.CDC_TransmitCplt_HS  usbd_cdc_if.o
    0x08000914   0x08000914   0x0000003c   Code   RO          699    i.CDC_Transmit_HS   usbd_cdc_if.o
    0x08000950   0x08000950   0x00000010   Code   RO          443    i.DMA2_Stream0_IRQHandler  stm32f4xx_it.o
    0x08000960   0x08000960   0x00000034   Code   RO         2115    i.DMA_CalcBaseAndBitshift  stm32f4xx_hal_dma.o
    0x08000994   0x08000994   0x000000aa   Code   RO         2116    i.DMA_CheckFifoParam  stm32f4xx_hal_dma.o
    0x08000a3e   0x08000a3e   0x00000002   Code   RO          444    i.DebugMon_Handler  stm32f4xx_it.o
    0x08000a40   0x08000a40   0x00000006   Code   RO           13    i.Error_Handler     main.o
    0x08000a46   0x08000a46   0x00000002   PAD
    0x08000a48   0x08000a48   0x00000024   Code   RO          585    i.Get_SerialNum     usbd_desc.o
    0x08000a6c   0x08000a6c   0x000001a4   Code   RO         2834    i.HAL_ADC_ConfigChannel  stm32f4xx_hal_adc.o
    0x08000c10   0x08000c10   0x00000068   Code   RO         2843    i.HAL_ADC_Init      stm32f4xx_hal_adc.o
    0x08000c78   0x08000c78   0x000000d4   Code   RO          320    i.HAL_ADC_MspInit   adc.o
    0x08000d4c   0x08000d4c   0x00000240   Code   RO         2123    i.HAL_DMA_IRQHandler  stm32f4xx_hal_dma.o
    0x08000f8c   0x08000f8c   0x000000ec   Code   RO         2124    i.HAL_DMA_Init      stm32f4xx_hal_dma.o
    0x08001078   0x08001078   0x00000028   Code   RO         2566    i.HAL_Delay         stm32f4xx_hal.o
    0x080010a0   0x080010a0   0x00000210   Code   RO         2011    i.HAL_GPIO_Init     stm32f4xx_hal_gpio.o
    0x080012b0   0x080012b0   0x0000000c   Code   RO         2574    i.HAL_GetTick       stm32f4xx_hal.o
    0x080012bc   0x080012bc   0x00000018   Code   RO         2580    i.HAL_IncTick       stm32f4xx_hal.o
    0x080012d4   0x080012d4   0x0000003c   Code   RO         2581    i.HAL_Init          stm32f4xx_hal.o
    0x08001310   0x08001310   0x0000004c   Code   RO         2582    i.HAL_InitTick      stm32f4xx_hal.o
    0x0800135c   0x0800135c   0x00000054   Code   RO          530    i.HAL_MspInit       stm32f4xx_hal_msp.o
    0x080013b0   0x080013b0   0x00000028   Code   RO         2419    i.HAL_NVIC_EnableIRQ  stm32f4xx_hal_cortex.o
    0x080013d8   0x080013d8   0x0000007c   Code   RO         2425    i.HAL_NVIC_SetPriority  stm32f4xx_hal_cortex.o
    0x08001454   0x08001454   0x00000028   Code   RO         2426    i.HAL_NVIC_SetPriorityGrouping  stm32f4xx_hal_cortex.o
    0x0800147c   0x0800147c   0x00000002   Code   RO         1202    i.HAL_PCDEx_LPM_Callback  stm32f4xx_hal_pcd_ex.o
    0x0800147e   0x0800147e   0x0000000a   Code   RO         1203    i.HAL_PCDEx_SetRxFiFo  stm32f4xx_hal_pcd_ex.o
    0x08001488   0x08001488   0x0000004e   Code   RO         1204    i.HAL_PCDEx_SetTxFiFo  stm32f4xx_hal_pcd_ex.o
    0x080014d6   0x080014d6   0x0000000e   Code   RO          751    i.HAL_PCD_ConnectCallback  usbd_conf.o
    0x080014e4   0x080014e4   0x00000020   Code   RO          752    i.HAL_PCD_DataInStageCallback  usbd_conf.o
    0x08001504   0x08001504   0x00000020   Code   RO          753    i.HAL_PCD_DataOutStageCallback  usbd_conf.o
    0x08001524   0x08001524   0x0000000e   Code   RO          754    i.HAL_PCD_DisconnectCallback  usbd_conf.o
    0x08001532   0x08001532   0x00000042   Code   RO          967    i.HAL_PCD_EP_Abort  stm32f4xx_hal_pcd.o
    0x08001574   0x08001574   0x0000006a   Code   RO          968    i.HAL_PCD_EP_Close  stm32f4xx_hal_pcd.o
    0x080015de   0x080015de   0x0000007c   Code   RO          969    i.HAL_PCD_EP_ClrStall  stm32f4xx_hal_pcd.o
    0x0800165a   0x0800165a   0x00000016   Code   RO          971    i.HAL_PCD_EP_GetRxCount  stm32f4xx_hal_pcd.o
    0x08001670   0x08001670   0x0000008c   Code   RO          972    i.HAL_PCD_EP_Open   stm32f4xx_hal_pcd.o
    0x080016fc   0x080016fc   0x00000046   Code   RO          973    i.HAL_PCD_EP_Receive  stm32f4xx_hal_pcd.o
    0x08001742   0x08001742   0x0000008a   Code   RO          974    i.HAL_PCD_EP_SetStall  stm32f4xx_hal_pcd.o
    0x080017cc   0x080017cc   0x00000048   Code   RO          975    i.HAL_PCD_EP_Transmit  stm32f4xx_hal_pcd.o
    0x08001814   0x08001814   0x000006ca   Code   RO          977    i.HAL_PCD_IRQHandler  stm32f4xx_hal_pcd.o
    0x08001ede   0x08001ede   0x00000012   Code   RO          755    i.HAL_PCD_ISOINIncompleteCallback  usbd_conf.o
    0x08001ef0   0x08001ef0   0x00000012   Code   RO          756    i.HAL_PCD_ISOOUTIncompleteCallback  usbd_conf.o
    0x08001f02   0x08001f02   0x0000015e   Code   RO          980    i.HAL_PCD_Init      stm32f4xx_hal_pcd.o
    0x08002060   0x08002060   0x000000b4   Code   RO          758    i.HAL_PCD_MspInit   usbd_conf.o
    0x08002114   0x08002114   0x00000030   Code   RO          759    i.HAL_PCD_ResetCallback  usbd_conf.o
    0x08002144   0x08002144   0x0000000e   Code   RO          760    i.HAL_PCD_ResumeCallback  usbd_conf.o
    0x08002152   0x08002152   0x0000000e   Code   RO          761    i.HAL_PCD_SOFCallback  usbd_conf.o
    0x08002160   0x08002160   0x00000034   Code   RO          986    i.HAL_PCD_SetAddress  stm32f4xx_hal_pcd.o
    0x08002194   0x08002194   0x00000012   Code   RO          762    i.HAL_PCD_SetupStageCallback  usbd_conf.o
    0x080021a6   0x080021a6   0x0000004c   Code   RO          989    i.HAL_PCD_Start     stm32f4xx_hal_pcd.o
    0x080021f2   0x080021f2   0x00000002   PAD
    0x080021f4   0x080021f4   0x00000034   Code   RO          763    i.HAL_PCD_SuspendCallback  usbd_conf.o
    0x08002228   0x08002228   0x00000184   Code   RO         1555    i.HAL_RCC_ClockConfig  stm32f4xx_hal_rcc.o
    0x080023ac   0x080023ac   0x0000000c   Code   RO         1560    i.HAL_RCC_GetHCLKFreq  stm32f4xx_hal_rcc.o
    0x080023b8   0x080023b8   0x000000b0   Code   RO         1564    i.HAL_RCC_GetSysClockFreq  stm32f4xx_hal_rcc.o
    0x08002468   0x08002468   0x0000049c   Code   RO         1567    i.HAL_RCC_OscConfig  stm32f4xx_hal_rcc.o
    0x08002904   0x08002904   0x000000de   Code   RO         3118    i.HAL_SPI_Init      stm32f4xx_hal_spi.o
    0x080029e2   0x080029e2   0x00000002   PAD
    0x080029e4   0x080029e4   0x00000088   Code   RO          401    i.HAL_SPI_MspInit   spi.o
    0x08002a6c   0x08002a6c   0x00000034   Code   RO         2430    i.HAL_SYSTICK_Config  stm32f4xx_hal_cortex.o
    0x08002aa0   0x08002aa0   0x00000004   Code   RO          445    i.HardFault_Handler  stm32f4xx_it.o
    0x08002aa4   0x08002aa4   0x0000003e   Code   RO          586    i.IntToUnicode      usbd_desc.o
    0x08002ae2   0x08002ae2   0x00000002   PAD
    0x08002ae4   0x08002ae4   0x00000108   Code   RO          321    i.MX_ADC3_Init      adc.o
    0x08002bec   0x08002bec   0x00000038   Code   RO          376    i.MX_DMA_Init       dma.o
    0x08002c24   0x08002c24   0x00000020   Code   RO          248    i.MX_FREERTOS_Init  freertos.o
    0x08002c44   0x08002c44   0x000000a0   Code   RO          224    i.MX_GPIO_Init      gpio.o
    0x08002ce4   0x08002ce4   0x00000050   Code   RO          402    i.MX_SPI1_Init      spi.o
    0x08002d34   0x08002d34   0x0000004c   Code   RO          554    i.MX_USB_DEVICE_Init  usb_device.o
    0x08002d80   0x08002d80   0x00000004   Code   RO          446    i.MemManage_Handler  stm32f4xx_it.o
    0x08002d84   0x08002d84   0x00000004   Code   RO          447    i.NMI_Handler       stm32f4xx_it.o
    0x08002d88   0x08002d88   0x00000010   Code   RO          448    i.OTG_HS_EP1_IN_IRQHandler  stm32f4xx_it.o
    0x08002d98   0x08002d98   0x00000010   Code   RO          449    i.OTG_HS_EP1_OUT_IRQHandler  stm32f4xx_it.o
    0x08002da8   0x08002da8   0x00000010   Code   RO          450    i.OTG_HS_IRQHandler  stm32f4xx_it.o
    0x08002db8   0x08002db8   0x00000064   Code   RO          993    i.PCD_EP_OutSetupPacket_int  stm32f4xx_hal_pcd.o
    0x08002e1c   0x08002e1c   0x00000144   Code   RO          994    i.PCD_EP_OutXfrComplete_int  stm32f4xx_hal_pcd.o
    0x08002f60   0x08002f60   0x000000b6   Code   RO          995    i.PCD_WriteEmptyTxFifo  stm32f4xx_hal_pcd.o
    0x08003016   0x08003016   0x00000012   Code   RO         3684    i.SWAPBYTE          usbd_ctlreq.o
    0x08003028   0x08003028   0x00000012   Code   RO          249    i.StartDefaultTask  freertos.o
    0x0800303a   0x0800303a   0x00000014   Code   RO          451    i.SysTick_Handler   stm32f4xx_it.o
    0x0800304e   0x0800304e   0x00000002   PAD
    0x08003050   0x08003050   0x000000b8   Code   RO           14    i.SystemClock_Config  main.o
    0x08003108   0x08003108   0x00000014   Code   RO         3486    i.SystemInit        system_stm32f4xx.o
    0x0800311c   0x0800311c   0x000000c4   Code   RO         3852    i.USBD_CDC_DataIn   usbd_cdc.o
    0x080031e0   0x080031e0   0x0000004a   Code   RO         3853    i.USBD_CDC_DataOut  usbd_cdc.o
    0x0800322a   0x0800322a   0x00000002   PAD
    0x0800322c   0x0800322c   0x00000100   Code   RO         3854    i.USBD_CDC_DeInit   usbd_cdc.o
    0x0800332c   0x0800332c   0x00000050   Code   RO         3855    i.USBD_CDC_EP0_RxReady  usbd_cdc.o
    0x0800337c   0x0800337c   0x00000010   Code   RO         3856    i.USBD_CDC_GetDeviceQualifierDescriptor  usbd_cdc.o
    0x0800338c   0x0800338c   0x00000044   Code   RO         3857    i.USBD_CDC_GetFSCfgDesc  usbd_cdc.o
    0x080033d0   0x080033d0   0x00000048   Code   RO         3858    i.USBD_CDC_GetHSCfgDesc  usbd_cdc.o
    0x08003418   0x08003418   0x00000044   Code   RO         3859    i.USBD_CDC_GetOtherSpeedCfgDesc  usbd_cdc.o
    0x0800345c   0x0800345c   0x0000021c   Code   RO         3860    i.USBD_CDC_Init     usbd_cdc.o
    0x08003678   0x08003678   0x00000048   Code   RO         3861    i.USBD_CDC_ReceivePacket  usbd_cdc.o
    0x080036c0   0x080036c0   0x00000018   Code   RO         3862    i.USBD_CDC_RegisterInterface  usbd_cdc.o
    0x080036d8   0x080036d8   0x0000001e   Code   RO         3863    i.USBD_CDC_SetRxBuffer  usbd_cdc.o
    0x080036f6   0x080036f6   0x00000024   Code   RO         3864    i.USBD_CDC_SetTxBuffer  usbd_cdc.o
    0x0800371a   0x0800371a   0x00000140   Code   RO         3865    i.USBD_CDC_Setup    usbd_cdc.o
    0x0800385a   0x0800385a   0x00000056   Code   RO         3866    i.USBD_CDC_TransmitPacket  usbd_cdc.o
    0x080038b0   0x080038b0   0x0000001c   Code   RO         3522    i.USBD_ClrClassConfig  usbd_core.o
    0x080038cc   0x080038cc   0x0000003e   Code   RO         3685    i.USBD_ClrFeature   usbd_ctlreq.o
    0x0800390a   0x0800390a   0x00000006   Code   RO         3523    i.USBD_CoreFindEP   usbd_core.o
    0x08003910   0x08003910   0x00000006   Code   RO         3524    i.USBD_CoreFindIF   usbd_core.o
    0x08003916   0x08003916   0x00000018   Code   RO         3792    i.USBD_CtlContinueRx  usbd_ioreq.o
    0x0800392e   0x0800392e   0x00000018   Code   RO         3793    i.USBD_CtlContinueSendData  usbd_ioreq.o
    0x08003946   0x08003946   0x00000018   Code   RO         3686    i.USBD_CtlError     usbd_ctlreq.o
    0x0800395e   0x0800395e   0x00000028   Code   RO         3794    i.USBD_CtlPrepareRx  usbd_ioreq.o
    0x08003986   0x08003986   0x0000001a   Code   RO         3795    i.USBD_CtlReceiveStatus  usbd_ioreq.o
    0x080039a0   0x080039a0   0x00000022   Code   RO         3796    i.USBD_CtlSendData  usbd_ioreq.o
    0x080039c2   0x080039c2   0x0000001a   Code   RO         3797    i.USBD_CtlSendStatus  usbd_ioreq.o
    0x080039dc   0x080039dc   0x00000056   Code   RO         3687    i.USBD_GetConfig    usbd_ctlreq.o
    0x08003a32   0x08003a32   0x0000021a   Code   RO         3688    i.USBD_GetDescriptor  usbd_ctlreq.o
    0x08003c4c   0x08003c4c   0x00000050   Code   RO         3526    i.USBD_GetEpDesc    usbd_core.o
    0x08003c9c   0x08003c9c   0x00000016   Code   RO         3689    i.USBD_GetLen       usbd_ctlreq.o
    0x08003cb2   0x08003cb2   0x00000014   Code   RO         3527    i.USBD_GetNextDesc  usbd_core.o
    0x08003cc6   0x08003cc6   0x0000005a   Code   RO         3690    i.USBD_GetStatus    usbd_ctlreq.o
    0x08003d20   0x08003d20   0x00000054   Code   RO         3691    i.USBD_GetString    usbd_ctlreq.o
    0x08003d74   0x08003d74   0x0000002c   Code   RO          764    i.USBD_Get_USB_Status  usbd_conf.o
    0x08003da0   0x08003da0   0x00000038   Code   RO          587    i.USBD_HS_ConfigStrDescriptor  usbd_desc.o
    0x08003dd8   0x08003dd8   0x00000010   Code   RO          588    i.USBD_HS_DeviceDescriptor  usbd_desc.o
    0x08003de8   0x08003de8   0x0000003c   Code   RO          589    i.USBD_HS_InterfaceStrDescriptor  usbd_desc.o
    0x08003e24   0x08003e24   0x00000010   Code   RO          590    i.USBD_HS_LangIDStrDescriptor  usbd_desc.o
    0x08003e34   0x08003e34   0x0000002c   Code   RO          591    i.USBD_HS_ManufacturerStrDescriptor  usbd_desc.o
    0x08003e60   0x08003e60   0x00000030   Code   RO          592    i.USBD_HS_ProductStrDescriptor  usbd_desc.o
    0x08003e90   0x08003e90   0x00000018   Code   RO          593    i.USBD_HS_SerialStrDescriptor  usbd_desc.o
    0x08003ea8   0x08003ea8   0x0000003a   Code   RO         3528    i.USBD_Init         usbd_core.o
    0x08003ee2   0x08003ee2   0x00000026   Code   RO          765    i.USBD_LL_ClearStallEP  usbd_conf.o
    0x08003f08   0x08003f08   0x00000026   Code   RO          766    i.USBD_LL_CloseEP   usbd_conf.o
    0x08003f2e   0x08003f2e   0x00000108   Code   RO         3529    i.USBD_LL_DataInStage  usbd_core.o
    0x08004036   0x08004036   0x00000102   Code   RO         3530    i.USBD_LL_DataOutStage  usbd_core.o
    0x08004138   0x08004138   0x00000006   Code   RO         3531    i.USBD_LL_DevConnected  usbd_core.o
    0x0800413e   0x0800413e   0x00000026   Code   RO         3532    i.USBD_LL_DevDisconnected  usbd_core.o
    0x08004164   0x08004164   0x00000012   Code   RO          770    i.USBD_LL_GetRxDataSize  usbd_conf.o
    0x08004176   0x08004176   0x00000002   PAD
    0x08004178   0x08004178   0x00000088   Code   RO          771    i.USBD_LL_Init      usbd_conf.o
    0x08004200   0x08004200   0x00000038   Code   RO          772    i.USBD_LL_IsStallEP  usbd_conf.o
    0x08004238   0x08004238   0x00000048   Code   RO         3533    i.USBD_LL_IsoINIncomplete  usbd_core.o
    0x08004280   0x08004280   0x00000048   Code   RO         3534    i.USBD_LL_IsoOUTIncomplete  usbd_core.o
    0x080042c8   0x080042c8   0x00000030   Code   RO          773    i.USBD_LL_OpenEP    usbd_conf.o
    0x080042f8   0x080042f8   0x00000030   Code   RO          774    i.USBD_LL_PrepareReceive  usbd_conf.o
    0x08004328   0x08004328   0x0000006c   Code   RO         3535    i.USBD_LL_Reset     usbd_core.o
    0x08004394   0x08004394   0x00000016   Code   RO         3536    i.USBD_LL_Resume    usbd_core.o
    0x080043aa   0x080043aa   0x00000028   Code   RO         3537    i.USBD_LL_SOF       usbd_core.o
    0x080043d2   0x080043d2   0x00000008   Code   RO         3538    i.USBD_LL_SetSpeed  usbd_core.o
    0x080043da   0x080043da   0x00000026   Code   RO          775    i.USBD_LL_SetUSBAddress  usbd_conf.o
    0x08004400   0x08004400   0x00000076   Code   RO         3539    i.USBD_LL_SetupStage  usbd_core.o
    0x08004476   0x08004476   0x00000026   Code   RO          776    i.USBD_LL_StallEP   usbd_conf.o
    0x0800449c   0x0800449c   0x0000001e   Code   RO          777    i.USBD_LL_Start     usbd_conf.o
    0x080044ba   0x080044ba   0x0000001c   Code   RO         3540    i.USBD_LL_Suspend   usbd_core.o
    0x080044d6   0x080044d6   0x00000030   Code   RO          779    i.USBD_LL_Transmit  usbd_conf.o
    0x08004506   0x08004506   0x00000036   Code   RO         3692    i.USBD_ParseSetupRequest  usbd_ctlreq.o
    0x0800453c   0x0800453c   0x00000048   Code   RO         3541    i.USBD_RegisterClass  usbd_core.o
    0x08004584   0x08004584   0x00000006   Code   RO         3542    i.USBD_RunTestMode  usbd_core.o
    0x0800458a   0x0800458a   0x0000005a   Code   RO         3693    i.USBD_SetAddress   usbd_ctlreq.o
    0x080045e4   0x080045e4   0x00000020   Code   RO         3543    i.USBD_SetClassConfig  usbd_core.o
    0x08004604   0x08004604   0x00000104   Code   RO         3694    i.USBD_SetConfig    usbd_ctlreq.o
    0x08004708   0x08004708   0x00000038   Code   RO         3695    i.USBD_SetFeature   usbd_ctlreq.o
    0x08004740   0x08004740   0x0000000c   Code   RO         3544    i.USBD_Start        usbd_core.o
    0x0800474c   0x0800474c   0x000000a0   Code   RO         3696    i.USBD_StdDevReq    usbd_ctlreq.o
    0x080047ec   0x080047ec   0x00000280   Code   RO         3697    i.USBD_StdEPReq     usbd_ctlreq.o
    0x08004a6c   0x08004a6c   0x000000bc   Code   RO         3698    i.USBD_StdItfReq    usbd_ctlreq.o
    0x08004b28   0x08004b28   0x00000068   Code   RO         3699    i.USBD_WinUSBGetDescriptor  usbd_ctlreq.o
    0x08004b90   0x08004b90   0x00000010   Code   RO          594    i.USBD_WinUSBOSFeatureDescriptor  usbd_desc.o
    0x08004ba0   0x08004ba0   0x00000010   Code   RO          595    i.USBD_WinUSBOSPropertyDescriptor  usbd_desc.o
    0x08004bb0   0x08004bb0   0x0000001c   Code   RO          596    i.USBD_WinUSBOSStrDescriptor  usbd_desc.o
    0x08004bcc   0x08004bcc   0x00000002   Code   RO          780    i.USBD_static_free  usbd_conf.o
    0x08004bce   0x08004bce   0x00000002   PAD
    0x08004bd0   0x08004bd0   0x0000000c   Code   RO          781    i.USBD_static_malloc  usbd_conf.o
    0x08004bdc   0x08004bdc   0x000000d0   Code   RO         1244    i.USB_ActivateEndpoint  stm32f4xx_ll_usb.o
    0x08004cac   0x08004cac   0x00000028   Code   RO         1246    i.USB_ActivateSetup  stm32f4xx_ll_usb.o
    0x08004cd4   0x08004cd4   0x0000008c   Code   RO         1248    i.USB_CoreInit      stm32f4xx_ll_usb.o
    0x08004d60   0x08004d60   0x00000054   Code   RO         1249    i.USB_CoreReset     stm32f4xx_ll_usb.o
    0x08004db4   0x08004db4   0x0000014c   Code   RO         1252    i.USB_DeactivateEndpoint  stm32f4xx_ll_usb.o
    0x08004f00   0x08004f00   0x00000024   Code   RO         1253    i.USB_DevConnect    stm32f4xx_ll_usb.o
    0x08004f24   0x08004f24   0x00000024   Code   RO         1254    i.USB_DevDisconnect  stm32f4xx_ll_usb.o
    0x08004f48   0x08004f48   0x000001e8   Code   RO         1255    i.USB_DevInit       stm32f4xx_ll_usb.o
    0x08005130   0x08005130   0x0000000e   Code   RO         1256    i.USB_DisableGlobalInt  stm32f4xx_ll_usb.o
    0x0800513e   0x0800513e   0x00000002   PAD
    0x08005140   0x08005140   0x00000070   Code   RO         1259    i.USB_EP0_OutStart  stm32f4xx_ll_usb.o
    0x080051b0   0x080051b0   0x0000008e   Code   RO         1260    i.USB_EPClearStall  stm32f4xx_ll_usb.o
    0x0800523e   0x0800523e   0x0000009a   Code   RO         1261    i.USB_EPSetStall    stm32f4xx_ll_usb.o
    0x080052d8   0x080052d8   0x000003b4   Code   RO         1262    i.USB_EPStartXfer   stm32f4xx_ll_usb.o
    0x0800568c   0x0800568c   0x000000ec   Code   RO         1263    i.USB_EPStopXfer    stm32f4xx_ll_usb.o
    0x08005778   0x08005778   0x0000000e   Code   RO         1264    i.USB_EnableGlobalInt  stm32f4xx_ll_usb.o
    0x08005786   0x08005786   0x00000050   Code   RO         1265    i.USB_FlushRxFifo   stm32f4xx_ll_usb.o
    0x080057d6   0x080057d6   0x00000054   Code   RO         1266    i.USB_FlushTxFifo   stm32f4xx_ll_usb.o
    0x0800582a   0x0800582a   0x00000026   Code   RO         1268    i.USB_GetDevSpeed   stm32f4xx_ll_usb.o
    0x08005850   0x08005850   0x0000000a   Code   RO         1270    i.USB_GetMode       stm32f4xx_ll_usb.o
    0x0800585a   0x0800585a   0x00000014   Code   RO         1278    i.USB_ReadDevAllInEpInterrupt  stm32f4xx_ll_usb.o
    0x0800586e   0x0800586e   0x00000014   Code   RO         1279    i.USB_ReadDevAllOutEpInterrupt  stm32f4xx_ll_usb.o
    0x08005882   0x08005882   0x00000032   Code   RO         1280    i.USB_ReadDevInEPInterrupt  stm32f4xx_ll_usb.o
    0x080058b4   0x080058b4   0x0000001a   Code   RO         1281    i.USB_ReadDevOutEPInterrupt  stm32f4xx_ll_usb.o
    0x080058ce   0x080058ce   0x0000000a   Code   RO         1282    i.USB_ReadInterrupts  stm32f4xx_ll_usb.o
    0x080058d8   0x080058d8   0x00000060   Code   RO         1283    i.USB_ReadPacket    stm32f4xx_ll_usb.o
    0x08005938   0x08005938   0x00000068   Code   RO         1285    i.USB_SetCurrentMode  stm32f4xx_ll_usb.o
    0x080059a0   0x080059a0   0x0000002a   Code   RO         1286    i.USB_SetDevAddress  stm32f4xx_ll_usb.o
    0x080059ca   0x080059ca   0x00000012   Code   RO         1287    i.USB_SetDevSpeed   stm32f4xx_ll_usb.o
    0x080059dc   0x080059dc   0x000000e8   Code   RO         1288    i.USB_SetTurnaroundTime  stm32f4xx_ll_usb.o
    0x08005ac4   0x08005ac4   0x00000044   Code   RO         1291    i.USB_WritePacket   stm32f4xx_ll_usb.o
    0x08005b08   0x08005b08   0x00000004   Code   RO          452    i.UsageFault_Handler  stm32f4xx_it.o
    0x08005b0c   0x08005b0c   0x000000c4   Code   RO          250    i.WinUSB_Receive_HS  freertos.o
    0x08005bd0   0x08005bd0   0x00000010   Code   RO         2432    i.__NVIC_GetPriorityGrouping  stm32f4xx_hal_cortex.o
    0x08005be0   0x08005be0   0x00000028   Code   RO         2433    i.__NVIC_SetPriority  stm32f4xx_hal_cortex.o
    0x08005c08   0x08005c08   0x00000006   Code   RO         5102    i.__get_IPSR        cmsis_os2.o
    0x08005c0e   0x08005c0e   0x00000028   Code   RO           15    i.main              main.o
    0x08005c36   0x08005c36   0x0000001e   Code   RO         5103    i.osDelay           cmsis_os2.o
    0x08005c54   0x08005c54   0x0000002c   Code   RO         5117    i.osKernelInitialize  cmsis_os2.o
    0x08005c80   0x08005c80   0x00000060   Code   RO         5120    i.osKernelStart     cmsis_os2.o
    0x08005ce0   0x08005ce0   0x000000b8   Code   RO         5162    i.osThreadNew       cmsis_os2.o
    0x08005d98   0x08005d98   0x0000007c   Code   RO         4538    i.prvAddCurrentTaskToDelayedList  tasks.o
    0x08005e14   0x08005e14   0x000000b8   Code   RO         4539    i.prvAddNewTaskToReadyList  tasks.o
    0x08005ecc   0x08005ecc   0x00000074   Code   RO         4914    i.prvCheckForValidListAndQueue  timers.o
    0x08005f40   0x08005f40   0x00000048   Code   RO         4540    i.prvCheckTasksWaitingTermination  tasks.o
    0x08005f88   0x08005f88   0x0000002a   Code   RO         4125    i.prvCopyDataFromQueue  queue.o
    0x08005fb2   0x08005fb2   0x0000007e   Code   RO         4126    i.prvCopyDataToQueue  queue.o
    0x08006030   0x08006030   0x00000050   Code   RO         4541    i.prvDeleteTCB      tasks.o
    0x08006080   0x08006080   0x00000028   Code   RO         4915    i.prvGetNextExpireTime  timers.o
    0x080060a8   0x080060a8   0x0000007c   Code   RO         5625    i.prvHeapInit       heap_4.o
    0x08006124   0x08006124   0x00000028   Code   RO         4542    i.prvIdleTask       tasks.o
    0x0800614c   0x0800614c   0x0000002a   Code   RO         4129    i.prvInitialiseNewQueue  queue.o
    0x08006176   0x08006176   0x000000be   Code   RO         4543    i.prvInitialiseNewTask  tasks.o
    0x08006234   0x08006234   0x00000068   Code   RO         4544    i.prvInitialiseTaskLists  tasks.o
    0x0800629c   0x0800629c   0x00000068   Code   RO         5626    i.prvInsertBlockIntoFreeList  heap_4.o
    0x08006304   0x08006304   0x00000058   Code   RO         4917    i.prvInsertTimerInActiveList  timers.o
    0x0800635c   0x0800635c   0x0000001a   Code   RO         4130    i.prvIsQueueEmpty   queue.o
    0x08006376   0x08006376   0x0000001e   Code   RO         4131    i.prvIsQueueFull    queue.o
    0x08006394   0x08006394   0x00000074   Code   RO         4918    i.prvProcessExpiredTimer  timers.o
    0x08006408   0x08006408   0x00000164   Code   RO         4919    i.prvProcessReceivedCommands  timers.o
    0x0800656c   0x0800656c   0x00000074   Code   RO         4920    i.prvProcessTimerOrBlockTask  timers.o
    0x080065e0   0x080065e0   0x00000034   Code   RO         4546    i.prvResetNextTaskUnblockTime  tasks.o
    0x08006614   0x08006614   0x0000002c   Code   RO         4921    i.prvSampleTimeNow  timers.o
    0x08006640   0x08006640   0x000000a4   Code   RO         4922    i.prvSwitchTimerLists  timers.o
    0x080066e4   0x080066e4   0x00000040   Code   RO         5681    i.prvTaskExitError  port.o
    0x08006724   0x08006724   0x0000001a   Code   RO         4923    i.prvTimerTask      timers.o
    0x0800673e   0x0800673e   0x0000007e   Code   RO         4132    i.prvUnlockQueue    queue.o
    0x080067bc   0x080067bc   0x0000014c   Code   RO         5627    i.pvPortMalloc      heap_4.o
    0x08006908   0x08006908   0x0000002c   Code   RO         5682    i.pxPortInitialiseStack  port.o
    0x08006934   0x08006934   0x00000028   Code   RO         4085    i.uxListRemove      list.o
    0x0800695c   0x0800695c   0x00000018   Code   RO         5174    i.vApplicationGetIdleTaskMemory  cmsis_os2.o
    0x08006974   0x08006974   0x00000018   Code   RO         5175    i.vApplicationGetTimerTaskMemory  cmsis_os2.o
    0x0800698c   0x0800698c   0x0000001a   Code   RO         4086    i.vListInitialise   list.o
    0x080069a6   0x080069a6   0x00000006   Code   RO         4087    i.vListInitialiseItem  list.o
    0x080069ac   0x080069ac   0x00000034   Code   RO         4088    i.vListInsert       list.o
    0x080069e0   0x080069e0   0x00000018   Code   RO         4089    i.vListInsertEnd    list.o
    0x080069f8   0x080069f8   0x00000054   Code   RO         5684    i.vPortEnterCritical  port.o
    0x08006a4c   0x08006a4c   0x0000003c   Code   RO         5685    i.vPortExitCritical  port.o
    0x08006a88   0x08006a88   0x000000a4   Code   RO         5628    i.vPortFree         heap_4.o
    0x08006b2c   0x08006b2c   0x00000028   Code   RO         5686    i.vPortSetupTimerInterrupt  port.o
    0x08006b54   0x08006b54   0x00000078   Code   RO         5687    i.vPortValidateInterruptPriority  port.o
    0x08006bcc   0x08006bcc   0x0000002c   Code   RO         4138    i.vQueueAddToRegistry  queue.o
    0x08006bf8   0x08006bf8   0x0000004a   Code   RO         4142    i.vQueueWaitForMessageRestricted  queue.o
    0x08006c42   0x08006c42   0x00000002   PAD
    0x08006c44   0x08006c44   0x0000005c   Code   RO         4559    i.vTaskDelay        tasks.o
    0x08006ca0   0x08006ca0   0x00000018   Code   RO         4564    i.vTaskInternalSetTimeOutState  tasks.o
    0x08006cb8   0x08006cb8   0x0000000c   Code   RO         4565    i.vTaskMissedYield  tasks.o
    0x08006cc4   0x08006cc4   0x00000038   Code   RO         4567    i.vTaskPlaceOnEventList  tasks.o
    0x08006cfc   0x08006cfc   0x00000040   Code   RO         4568    i.vTaskPlaceOnEventListRestricted  tasks.o
    0x08006d3c   0x08006d3c   0x000000b8   Code   RO         4576    i.vTaskStartScheduler  tasks.o
    0x08006df4   0x08006df4   0x00000010   Code   RO         4578    i.vTaskSuspendAll   tasks.o
    0x08006e04   0x08006e04   0x00000090   Code   RO         4579    i.vTaskSwitchContext  tasks.o
    0x08006e94   0x08006e94   0x00000168   Code   RO         5688    i.xPortStartScheduler  port.o
    0x08006ffc   0x08006ffc   0x00000034   Code   RO         5689    i.xPortSysTickHandler  port.o
    0x08007030   0x08007030   0x000000e0   Code   RO         4148    i.xQueueGenericCreateStatic  queue.o
    0x08007110   0x08007110   0x00000098   Code   RO         4149    i.xQueueGenericReset  queue.o
    0x080071a8   0x080071a8   0x000001a8   Code   RO         4150    i.xQueueGenericSend  queue.o
    0x08007350   0x08007350   0x000000fc   Code   RO         4151    i.xQueueGenericSendFromISR  queue.o
    0x0800744c   0x0800744c   0x00000168   Code   RO         4160    i.xQueueReceive     queue.o
    0x080075b4   0x080075b4   0x0000008c   Code   RO         4581    i.xTaskCheckForTimeOut  tasks.o
    0x08007640   0x08007640   0x00000064   Code   RO         4582    i.xTaskCreate       tasks.o
    0x080076a4   0x080076a4   0x000000ba   Code   RO         4583    i.xTaskCreateStatic  tasks.o
    0x0800775e   0x0800775e   0x00000002   PAD
    0x08007760   0x08007760   0x00000020   Code   RO         4587    i.xTaskGetSchedulerState  tasks.o
    0x08007780   0x08007780   0x0000000c   Code   RO         4588    i.xTaskGetTickCount  tasks.o
    0x0800778c   0x0800778c   0x00000144   Code   RO         4590    i.xTaskIncrementTick  tasks.o
    0x080078d0   0x080078d0   0x000000a4   Code   RO         4593    i.xTaskPriorityDisinherit  tasks.o
    0x08007974   0x08007974   0x00000098   Code   RO         4595    i.xTaskRemoveFromEventList  tasks.o
    0x08007a0c   0x08007a0c   0x00000104   Code   RO         4596    i.xTaskResumeAll    tasks.o
    0x08007b10   0x08007b10   0x00000078   Code   RO         4932    i.xTimerCreateTimerTask  timers.o
    0x08007b88   0x08007b88   0x00000084   Code   RO         4933    i.xTimerGenericCommand  timers.o
    0x08007c0c   0x08007c0c   0x0000000a   Code   RO         6547    x$fpl$fpinit        fz_wm.l(fpinit.o)
    0x08007c16   0x08007c16   0x00000002   PAD
    0x08007c18   0x08007c18   0x00000024   Data   RO          252    .constdata          freertos.o
    0x08007c3c   0x08007c3c   0x00000008   Data   RO          598    .constdata          usbd_desc.o
    0x08007c44   0x08007c44   0x00000008   Data   RO         2130    .constdata          stm32f4xx_hal_dma.o
    0x08007c4c   0x08007c4c   0x00000018   Data   RO         3487    .constdata          system_stm32f4xx.o
    0x08007c64   0x08007c64   0x0000000c   Data   RO          253    .conststring        freertos.o
    0x08007c70   0x08007c70   0x00000040   Data   RO         6651    Region$$Table       anon$$obj.o


    Execution Region RW_IRAM2 (Exec base: 0x10000000, Load base: 0x08007d0c, Size: 0x00003f70, Max: 0x00010000, ABSOLUTE, COMPRESSED[0x0000011c])

    Exec Addr    Load Addr    Size         Type   Attr      Idx    E Section Name        Object

    0x10000000   COMPRESSED   0x0000000c   Data   RW          254    .data               freertos.o
    0x1000000c   COMPRESSED   0x0000010e   Data   RW          599    .data               usbd_desc.o
    0x1000011a   COMPRESSED   0x00000002   PAD
    0x1000011c   COMPRESSED   0x00000014   Data   RW          701    .data               usbd_cdc_if.o
    0x10000130   COMPRESSED   0x00000004   Data   RW         3488    .data               system_stm32f4xx.o
    0x10000134   COMPRESSED   0x0000008e   Data   RW         3867    .data               usbd_cdc.o
    0x100001c2   COMPRESSED   0x00000002   PAD
    0x100001c4   COMPRESSED   0x00000004   Data   RW         5177    .data               cmsis_os2.o
    0x100001c8   COMPRESSED   0x00000020   Data   RW         5634    .data               heap_4.o
    0x100001e8   COMPRESSED   0x0000000c   Data   RW         5690    .data               port.o
    0x100001f4        -       0x00000058   Zero   RW          403    .bss                spi.o
    0x1000024c        -       0x00001000   Zero   RW          700    .bss                usbd_cdc_if.o
    0x1000124c        -       0x00000704   Zero   RW          782    .bss                usbd_conf.o
    0x10001950        -       0x00000040   Zero   RW         4164    .bss                queue.o
    0x10001990        -       0x000004c4   Zero   RW         4598    .bss                tasks.o
    0x10001e54        -       0x00000118   Zero   RW         4940    .bss                timers.o
    0x10001f6c   COMPRESSED   0x00000004   PAD
    0x10001f70        -       0x00001000   Zero   RW            2    HEAP                startup_stm32f429xx.o
    0x10002f70        -       0x00001000   Zero   RW            1    STACK               startup_stm32f429xx.o


    Execution Region RW_IRAM1 (Exec base: 0x20000000, Load base: 0x08007cb0, Size: 0x00023f68, Max: 0x00030000, ABSOLUTE)

    Exec Addr    Load Addr    Size         Type   Attr      Idx    E Section Name        Object

    0x20000000   0x08007cb0   0x00000009   Data   RW         2588    .data               stm32f4xx_hal.o
    0x20000009   0x08007cb9   0x00000001   Data   RW         3700    .data               usbd_ctlreq.o
    0x2000000a   0x08007cba   0x00000002   PAD
    0x2000000c   0x08007cbc   0x0000003c   Data   RW         4599    .data               tasks.o
    0x20000048   0x08007cf8   0x00000014   Data   RW         4941    .data               timers.o
    0x2000005c        -       0x0001f800   Zero   RW          251    .bss                freertos.o
    0x2001f85c        -       0x000000d8   Zero   RW          322    .bss                adc.o
    0x2001f934        -       0x000002dc   Zero   RW          555    .bss                usb_device.o
    0x2001fc10        -       0x00000040   Zero   RW          597    .bss                usbd_desc.o
    0x2001fc50        -       0x000006b8   Zero   RW         5176    .bss                cmsis_os2.o
    0x20020308        -       0x00003c00   Zero   RW         5633    .bss                heap_4.o
    0x20023f08        -       0x00000060   Zero   RW         6552    .bss                c_w.l(libspace.o)


==============================================================================

Image component sizes


      Code (inc. data)   RO Data    RW Data    ZI Data      Debug   Object Name

       476         36          0          0        216       2213   adc.o
       408         38          0          4       1720      64425   cmsis_os2.o
        56          4          0          0          0        758   dma.o
         0          0          0          0          0      19448   event_groups.o
       246         44         48         12     129024       4826   freertos.o
       160          4          0          0          0        923   gpio.o
       724         74          0         32      15360       4855   heap_4.o
       148          0          0          0          0       3554   list.o
       230         10          0          0          0     758332   main.o
      1014         92          0         12          0      11661   port.o
      1922         20          0          0         64      17356   queue.o
       216         22          0          0         88       1673   spi.o
        64         26        428          0       8192        840   startup_stm32f429xx.o
       212         36          0          9          0       9521   stm32f4xx_hal.o
       876         32          0          0          0       2743   stm32f4xx_hal_adc.o
       312         22          0          0          0      34319   stm32f4xx_hal_cortex.o
      1034         16          8          0          0       3880   stm32f4xx_hal_dma.o
       528         54          0          0          0       1468   stm32f4xx_hal_gpio.o
        84          6          0          0          0        854   stm32f4xx_hal_msp.o
      3560         16          0          0          0      13740   stm32f4xx_hal_pcd.o
        90          0          0          0          0       2421   stm32f4xx_hal_pcd_ex.o
      1756         64          0          0          0       4442   stm32f4xx_hal_rcc.o
       222          0          0          0          0       1203   stm32f4xx_hal_spi.o
       106         24          0          0          0       5312   stm32f4xx_it.o
      3882         82          0          0          0      22752   stm32f4xx_ll_usb.o
         0          0          0          0          0        392   stream_buffer.o
        20          6         24          4          0       1123   system_stm32f4xx.o
      2808        346          0         60       1220      27366   tasks.o
      1318        124          0         20        280      32819   timers.o
        76         16          0          0        732        772   usb_device.o
      1938         44          0        142          0      14485   usbd_cdc.o
       332         48          0         20       4096       4778   usbd_cdc_if.o
      1048         32          0          0       1796      17572   usbd_conf.o
      1354          0          0          0          0      16485   usbd_core.o
      2476         24          0          1          0      18756   usbd_ctlreq.o
       422        132          8        270         64       8889   usbd_desc.o
       174          0          0          0          0       4696   usbd_ioreq.o

    ----------------------------------------------------------------------
     30316       1494        580        592     162856    1141652   Object Totals
         0          0         64          0          0          0   (incl. Generated)
        24          0          0          6          4          0   (incl. Padding)

    ----------------------------------------------------------------------

      Code (inc. data)   RO Data    RW Data    ZI Data      Debug   Library Member Name

        90          0          0          0          0          0   __dczerorl2.o
         8          0          0          0          0         68   __main.o
         0          0          0          0          0          0   __rtentry.o
        12          0          0          0          0          0   __rtentry2.o
         6          0          0          0          0          0   __rtentry4.o
        52          8          0          0          0          0   __scatter.o
        26          0          0          0          0          0   __scatter_copy.o
        28          0          0          0          0          0   __scatter_zi.o
        16          0          0          0          0         68   aeabi_memset.o
        18          0          0          0          0         80   exit.o
         6          0          0          0          0        152   heapauxi.o
         0          0          0          0          0          0   indicate_semi.o
         2          0          0          0          0          0   libinit.o
         6          0          0          0          0          0   libinit2.o
         2          0          0          0          0          0   libshutdown.o
         2          0          0          0          0          0   libshutdown2.o
         8          4          0          0         96         68   libspace.o
       238          0          0          0          0        100   lludivv7m.o
        68          0          0          0          0         68   rt_memclr.o
        78          0          0          0          0         80   rt_memclr_w.o
       138          0          0          0          0         68   rt_memcpy_v6.o
       100          0          0          0          0         80   rt_memcpy_w.o
         2          0          0          0          0          0   rtexit.o
        10          0          0          0          0          0   rtexit2.o
        12          4          0          0          0         68   sys_exit.o
        74          0          0          0          0         80   sys_stackheap_outer.o
         2          0          0          0          0         68   use_no_semi.o
        10          0          0          0          0        116   fpinit.o

    ----------------------------------------------------------------------
      1024         16          0          0         96       1164   Library Totals
        10          0          0          0          0          0   (incl. Padding)

    ----------------------------------------------------------------------

      Code (inc. data)   RO Data    RW Data    ZI Data      Debug   Library Name

      1004         16          0          0         96       1048   c_w.l
        10          0          0          0          0        116   fz_wm.l

    ----------------------------------------------------------------------
      1024         16          0          0         96       1164   Library Totals

    ----------------------------------------------------------------------

==============================================================================


      Code (inc. data)   RO Data    RW Data    ZI Data      Debug   

     31340       1510        580        592     162952    1115616   Grand Totals
     31340       1510        580        376     162952    1115616   ELF Image Totals (compressed)
     31340       1510        580        376          0          0   ROM Totals

==============================================================================

    Total RO  Size (Code + RO Data)                31920 (  31.17kB)
    Total RW  Size (RW Data + ZI Data)            163544 ( 159.71kB)
    Total ROM Size (Code + RO Data + RW Data)      32296 (  31.54kB)

==============================================================================

