<!doctype html public "-//w3c//dtd html 4.0 transitional//en">
<html><head>
<title>Static Call Graph - [TAIER_usb_hs\TAIER_usb_hs.axf]</title></head>
<body><HR>
<H1>Static Call Graph for image TAIER_usb_hs\TAIER_usb_hs.axf</H1><HR>
<BR><P>#&#060CALLGRAPH&#062# ARM Linker, 5060750: Last Updated: Mon Sep 09 11:08:40 2024
<BR><P>
<H3>Maximum Stack Usage =       3056 bytes + Unknown(Functions without stacksize, Cycles, Untraceable Function Pointers)</H3><H3>
Call chain for Maximum Stack Depth:</H3>
str_gsub &rArr; add_value &rArr; add_s &rArr; luaL_addvalue &rArr; prepbuffsize &rArr; newbox &rArr; luaL_setfuncs &rArr; lua_setfield &rArr; auxsetstr &rArr; luaV_finishset &rArr; luaH_finishset &rArr; luaH_newkey &rArr; luaG_runerror &rArr; luaG_addinfo &rArr; luaO_pushfstring &rArr; luaO_pushvfstring &rArr;  luaG_runerror (Cycle)
<P>
<H3>
Functions with no stack information
</H3><UL>
 <LI><a href="#[18e]">__user_initial_stackheap</a>
</UL>
</UL>
<P>
<H3>
Mutually Recursive functions
</H3> <LI><a href="#[41]">ADC_IRQHandler</a>&nbsp;&nbsp;&nbsp;&rArr;&nbsp;&nbsp;&nbsp;<a href="#[41]">ADC_IRQHandler</a><BR>
 <LI><a href="#[4ca]">luaO_pushvfstring</a>&nbsp;&nbsp;&nbsp;&rArr;&nbsp;&nbsp;&nbsp;<a href="#[335]">luaG_runerror</a><BR>
 <LI><a href="#[51b]">luaV_concat</a>&nbsp;&nbsp;&nbsp;&rArr;&nbsp;&nbsp;&nbsp;<a href="#[335]">luaG_runerror</a><BR>
 <LI><a href="#[476]">luaM_toobig</a>&nbsp;&nbsp;&nbsp;&rArr;&nbsp;&nbsp;&nbsp;<a href="#[335]">luaG_runerror</a><BR>
 <LI><a href="#[4a1]">luaD_seterrorobj</a>&nbsp;&nbsp;&nbsp;&rArr;&nbsp;&nbsp;&nbsp;<a href="#[30b]">luaS_newlstr</a><BR>
 <LI><a href="#[2cf]">reallymarkobject</a>&nbsp;&nbsp;&nbsp;&rArr;&nbsp;&nbsp;&nbsp;<a href="#[2cf]">reallymarkobject</a><BR>
 <LI><a href="#[4a2]">luaD_shrinkstack</a>&nbsp;&nbsp;&nbsp;&rArr;&nbsp;&nbsp;&nbsp;<a href="#[49e]">luaD_reallocstack</a><BR>
 <LI><a href="#[325]">luaS_resize</a>&nbsp;&nbsp;&nbsp;&rArr;&nbsp;&nbsp;&nbsp;<a href="#[4ae]">luaM_realloc_</a><BR>
 <LI><a href="#[49e]">luaD_reallocstack</a>&nbsp;&nbsp;&nbsp;&rArr;&nbsp;&nbsp;&nbsp;<a href="#[340]">luaD_throw</a><BR>
 <LI><a href="#[340]">luaD_throw</a>&nbsp;&nbsp;&nbsp;&rArr;&nbsp;&nbsp;&nbsp;<a href="#[340]">luaD_throw</a><BR>
 <LI><a href="#[2f3]">basicgetobjname</a>&nbsp;&nbsp;&nbsp;&rArr;&nbsp;&nbsp;&nbsp;<a href="#[2f3]">basicgetobjname</a><BR>
 <LI><a href="#[3fe]">formatvarinfo</a>&nbsp;&nbsp;&nbsp;&rArr;&nbsp;&nbsp;&nbsp;<a href="#[32b]">luaO_pushfstring</a><BR>
 <LI><a href="#[4c1]">typeerror</a>&nbsp;&nbsp;&nbsp;&rArr;&nbsp;&nbsp;&nbsp;<a href="#[335]">luaG_runerror</a><BR>
 <LI><a href="#[315]">luaD_growstack</a>&nbsp;&nbsp;&nbsp;&rArr;&nbsp;&nbsp;&nbsp;<a href="#[335]">luaG_runerror</a><BR>
 <LI><a href="#[310]">callclosemethod</a>&nbsp;&nbsp;&nbsp;&rArr;&nbsp;&nbsp;&nbsp;<a href="#[312]">luaD_callnoyield</a><BR>
 <LI><a href="#[311]">luaD_call</a>&nbsp;&nbsp;&nbsp;&rArr;&nbsp;&nbsp;&nbsp;<a href="#[314]">ccall</a><BR>
 <LI><a href="#[51d]">luaV_objlen</a>&nbsp;&nbsp;&nbsp;&rArr;&nbsp;&nbsp;&nbsp;<a href="#[30f]">luaT_callTMres</a><BR>
 <LI><a href="#[318]">luaV_execute</a>&nbsp;&nbsp;&nbsp;&rArr;&nbsp;&nbsp;&nbsp;<a href="#[2ea]">luaV_finishset</a><BR>
 <LI><a href="#[2e8]">luaV_finishget</a>&nbsp;&nbsp;&nbsp;&rArr;&nbsp;&nbsp;&nbsp;<a href="#[335]">luaG_runerror</a><BR>
 <LI><a href="#[2a9]">luaV_equalobj</a>&nbsp;&nbsp;&nbsp;&rArr;&nbsp;&nbsp;&nbsp;<a href="#[30f]">luaT_callTMres</a><BR>
 <LI><a href="#[386]">luaH_setint</a>&nbsp;&nbsp;&nbsp;&rArr;&nbsp;&nbsp;&nbsp;<a href="#[4cf]">luaH_newkey</a><BR>
 <LI><a href="#[4d4]">setnodevector</a>&nbsp;&nbsp;&nbsp;&rArr;&nbsp;&nbsp;&nbsp;<a href="#[335]">luaG_runerror</a><BR>
 <LI><a href="#[2df]">luaH_set</a>&nbsp;&nbsp;&nbsp;&rArr;&nbsp;&nbsp;&nbsp;<a href="#[2aa]">luaH_finishset</a><BR>
 <LI><a href="#[333]">checkclosemth</a>&nbsp;&nbsp;&nbsp;&rArr;&nbsp;&nbsp;&nbsp;<a href="#[335]">luaG_runerror</a><BR>
 <LI><a href="#[449]">luaV_mod</a>&nbsp;&nbsp;&nbsp;&rArr;&nbsp;&nbsp;&nbsp;<a href="#[335]">luaG_runerror</a><BR>
 <LI><a href="#[44a]">luaV_idiv</a>&nbsp;&nbsp;&nbsp;&rArr;&nbsp;&nbsp;&nbsp;<a href="#[335]">luaG_runerror</a><BR>
 <LI><a href="#[4cb]">luaG_tointerror</a>&nbsp;&nbsp;&nbsp;&rArr;&nbsp;&nbsp;&nbsp;<a href="#[335]">luaG_runerror</a><BR>
 <LI><a href="#[50b]">luaT_trybinTM</a>&nbsp;&nbsp;&nbsp;&rArr;&nbsp;&nbsp;&nbsp;<a href="#[30e]">callbinTM</a><BR>
 <LI><a href="#[4c9]">luaG_ordererror</a>&nbsp;&nbsp;&nbsp;&rArr;&nbsp;&nbsp;&nbsp;<a href="#[335]">luaG_runerror</a><BR>
 <LI><a href="#[469]">luaT_callorderTM</a>&nbsp;&nbsp;&nbsp;&rArr;&nbsp;&nbsp;&nbsp;<a href="#[30e]">callbinTM</a><BR>
 <LI><a href="#[400]">forprep</a>&nbsp;&nbsp;&nbsp;&rArr;&nbsp;&nbsp;&nbsp;<a href="#[335]">luaG_runerror</a><BR>
 <LI><a href="#[3fb]">luaG_forerror</a>&nbsp;&nbsp;&nbsp;&rArr;&nbsp;&nbsp;&nbsp;<a href="#[335]">luaG_runerror</a><BR>
 <LI><a href="#[316]">luaE_checkcstack</a>&nbsp;&nbsp;&nbsp;&rArr;&nbsp;&nbsp;&nbsp;<a href="#[335]">luaG_runerror</a><BR>
 <LI><a href="#[3e7]">findfield</a>&nbsp;&nbsp;&nbsp;&rArr;&nbsp;&nbsp;&nbsp;<a href="#[3e7]">findfield</a><BR>
 <LI><a href="#[46c]">txtToken</a>&nbsp;&nbsp;&nbsp;&rArr;&nbsp;&nbsp;&nbsp;<a href="#[330]">save</a><BR>
 <LI><a href="#[3d5]">subexpr</a>&nbsp;&nbsp;&nbsp;&rArr;&nbsp;&nbsp;&nbsp;<a href="#[3d5]">subexpr</a><BR>
 <LI><a href="#[58e]">yindex</a>&nbsp;&nbsp;&nbsp;&rArr;&nbsp;&nbsp;&nbsp;<a href="#[388]">expr</a><BR>
 <LI><a href="#[59a]">singlevaraux</a>&nbsp;&nbsp;&nbsp;&rArr;&nbsp;&nbsp;&nbsp;<a href="#[59a]">singlevaraux</a><BR>
 <LI><a href="#[558]">primaryexp</a>&nbsp;&nbsp;&nbsp;&rArr;&nbsp;&nbsp;&nbsp;<a href="#[388]">expr</a><BR>
 <LI><a href="#[3d4]">explist</a>&nbsp;&nbsp;&nbsp;&rArr;&nbsp;&nbsp;&nbsp;<a href="#[388]">expr</a><BR>
 <LI><a href="#[3e3]">recfield</a>&nbsp;&nbsp;&nbsp;&rArr;&nbsp;&nbsp;&nbsp;<a href="#[388]">expr</a><BR>
 <LI><a href="#[3e2]">listfield</a>&nbsp;&nbsp;&nbsp;&rArr;&nbsp;&nbsp;&nbsp;<a href="#[388]">expr</a><BR>
 <LI><a href="#[2fc]">body</a>&nbsp;&nbsp;&nbsp;&rArr;&nbsp;&nbsp;&nbsp;<a href="#[2fa]">statlist</a><BR>
 <LI><a href="#[2f8]">block</a>&nbsp;&nbsp;&nbsp;&rArr;&nbsp;&nbsp;&nbsp;<a href="#[2fa]">statlist</a><BR>
 <LI><a href="#[591]">repeatstat</a>&nbsp;&nbsp;&nbsp;&rArr;&nbsp;&nbsp;&nbsp;<a href="#[2fa]">statlist</a><BR>
 <LI><a href="#[462]">labelstat</a>&nbsp;&nbsp;&nbsp;&rArr;&nbsp;&nbsp;&nbsp;<a href="#[463]">statement</a><BR>
 <LI><a href="#[441]">test_then_block</a>&nbsp;&nbsp;&nbsp;&rArr;&nbsp;&nbsp;&nbsp;<a href="#[2fa]">statlist</a><BR>
 <LI><a href="#[3d8]">restassign</a>&nbsp;&nbsp;&nbsp;&rArr;&nbsp;&nbsp;&nbsp;<a href="#[3d8]">restassign</a><BR>
 <LI><a href="#[47e]">loadProtos</a>&nbsp;&nbsp;&nbsp;&rArr;&nbsp;&nbsp;&nbsp;<a href="#[47c]">loadFunction</a><BR>
 <LI><a href="#[536]">start_capture</a>&nbsp;&nbsp;&nbsp;&rArr;&nbsp;&nbsp;&nbsp;<a href="#[3be]">match</a><BR>
 <LI><a href="#[53c]">min_expand</a>&nbsp;&nbsp;&nbsp;&rArr;&nbsp;&nbsp;&nbsp;<a href="#[3be]">match</a><BR>
 <LI><a href="#[53b]">max_expand</a>&nbsp;&nbsp;&nbsp;&rArr;&nbsp;&nbsp;&nbsp;<a href="#[3be]">match</a><BR>
 <LI><a href="#[3be]">match</a>&nbsp;&nbsp;&nbsp;&rArr;&nbsp;&nbsp;&nbsp;<a href="#[3be]">match</a><BR>
 <LI><a href="#[3bd]">end_capture</a>&nbsp;&nbsp;&nbsp;&rArr;&nbsp;&nbsp;&nbsp;<a href="#[3be]">match</a><BR>
 <LI><a href="#[3ba]">dumpProtos</a>&nbsp;&nbsp;&nbsp;&rArr;&nbsp;&nbsp;&nbsp;<a href="#[3b8]">dumpFunction</a><BR>
 <LI><a href="#[2eb]">auxsort</a>&nbsp;&nbsp;&nbsp;&rArr;&nbsp;&nbsp;&nbsp;<a href="#[2eb]">auxsort</a><BR>
</UL>
<P>
<H3>
Function Pointers
</H3><UL>
 <LI><a href="#[41]">ADC_IRQHandler</a> from startup_stm32f429xx.o(.text) referenced from startup_stm32f429xx.o(RESET)
 <LI><a href="#[29]">BusFault_Handler</a> from stm32f4xx_it.o(i.BusFault_Handler) referenced from startup_stm32f429xx.o(RESET)
 <LI><a href="#[43]">CAN1_RX0_IRQHandler</a> from startup_stm32f429xx.o(.text) referenced from startup_stm32f429xx.o(RESET)
 <LI><a href="#[44]">CAN1_RX1_IRQHandler</a> from startup_stm32f429xx.o(.text) referenced from startup_stm32f429xx.o(RESET)
 <LI><a href="#[45]">CAN1_SCE_IRQHandler</a> from startup_stm32f429xx.o(.text) referenced from startup_stm32f429xx.o(RESET)
 <LI><a href="#[42]">CAN1_TX_IRQHandler</a> from startup_stm32f429xx.o(.text) referenced from startup_stm32f429xx.o(RESET)
 <LI><a href="#[6f]">CAN2_RX0_IRQHandler</a> from startup_stm32f429xx.o(.text) referenced from startup_stm32f429xx.o(RESET)
 <LI><a href="#[70]">CAN2_RX1_IRQHandler</a> from startup_stm32f429xx.o(.text) referenced from startup_stm32f429xx.o(RESET)
 <LI><a href="#[71]">CAN2_SCE_IRQHandler</a> from startup_stm32f429xx.o(.text) referenced from startup_stm32f429xx.o(RESET)
 <LI><a href="#[6e]">CAN2_TX_IRQHandler</a> from startup_stm32f429xx.o(.text) referenced from startup_stm32f429xx.o(RESET)
 <LI><a href="#[22]">CDC_Control_HS</a> from usbd_cdc_if.o(i.CDC_Control_HS) referenced 2 times from usbd_cdc_if.o(.data)
 <LI><a href="#[21]">CDC_DeInit_HS</a> from usbd_cdc_if.o(i.CDC_DeInit_HS) referenced 2 times from usbd_cdc_if.o(.data)
 <LI><a href="#[20]">CDC_Init_HS</a> from usbd_cdc_if.o(i.CDC_Init_HS) referenced 2 times from usbd_cdc_if.o(.data)
 <LI><a href="#[23]">CDC_Receive_HS</a> from usbd_cdc_if.o(i.CDC_Receive_HS) referenced 2 times from usbd_cdc_if.o(.data)
 <LI><a href="#[24]">CDC_TransmitCplt_HS</a> from usbd_cdc_if.o(i.CDC_TransmitCplt_HS) referenced 2 times from usbd_cdc_if.o(.data)
 <LI><a href="#[7d]">DCMI_IRQHandler</a> from startup_stm32f429xx.o(.text) referenced from startup_stm32f429xx.o(RESET)
 <LI><a href="#[3a]">DMA1_Stream0_IRQHandler</a> from startup_stm32f429xx.o(.text) referenced from startup_stm32f429xx.o(RESET)
 <LI><a href="#[3b]">DMA1_Stream1_IRQHandler</a> from startup_stm32f429xx.o(.text) referenced from startup_stm32f429xx.o(RESET)
 <LI><a href="#[3c]">DMA1_Stream2_IRQHandler</a> from startup_stm32f429xx.o(.text) referenced from startup_stm32f429xx.o(RESET)
 <LI><a href="#[3d]">DMA1_Stream3_IRQHandler</a> from startup_stm32f429xx.o(.text) referenced from startup_stm32f429xx.o(RESET)
 <LI><a href="#[3e]">DMA1_Stream4_IRQHandler</a> from startup_stm32f429xx.o(.text) referenced from startup_stm32f429xx.o(RESET)
 <LI><a href="#[3f]">DMA1_Stream5_IRQHandler</a> from startup_stm32f429xx.o(.text) referenced from startup_stm32f429xx.o(RESET)
 <LI><a href="#[40]">DMA1_Stream6_IRQHandler</a> from startup_stm32f429xx.o(.text) referenced from startup_stm32f429xx.o(RESET)
 <LI><a href="#[5e]">DMA1_Stream7_IRQHandler</a> from startup_stm32f429xx.o(.text) referenced from startup_stm32f429xx.o(RESET)
 <LI><a href="#[88]">DMA2D_IRQHandler</a> from startup_stm32f429xx.o(.text) referenced from startup_stm32f429xx.o(RESET)
 <LI><a href="#[67]">DMA2_Stream0_IRQHandler</a> from stm32f4xx_it.o(i.DMA2_Stream0_IRQHandler) referenced from startup_stm32f429xx.o(RESET)
 <LI><a href="#[68]">DMA2_Stream1_IRQHandler</a> from startup_stm32f429xx.o(.text) referenced from startup_stm32f429xx.o(RESET)
 <LI><a href="#[69]">DMA2_Stream2_IRQHandler</a> from startup_stm32f429xx.o(.text) referenced from startup_stm32f429xx.o(RESET)
 <LI><a href="#[6a]">DMA2_Stream3_IRQHandler</a> from startup_stm32f429xx.o(.text) referenced from startup_stm32f429xx.o(RESET)
 <LI><a href="#[6b]">DMA2_Stream4_IRQHandler</a> from startup_stm32f429xx.o(.text) referenced from startup_stm32f429xx.o(RESET)
 <LI><a href="#[73]">DMA2_Stream5_IRQHandler</a> from startup_stm32f429xx.o(.text) referenced from startup_stm32f429xx.o(RESET)
 <LI><a href="#[74]">DMA2_Stream6_IRQHandler</a> from startup_stm32f429xx.o(.text) referenced from startup_stm32f429xx.o(RESET)
 <LI><a href="#[75]">DMA2_Stream7_IRQHandler</a> from startup_stm32f429xx.o(.text) referenced from startup_stm32f429xx.o(RESET)
 <LI><a href="#[2c]">DebugMon_Handler</a> from stm32f4xx_it.o(i.DebugMon_Handler) referenced from startup_stm32f429xx.o(RESET)
 <LI><a href="#[6c]">ETH_IRQHandler</a> from startup_stm32f429xx.o(.text) referenced from startup_stm32f429xx.o(RESET)
 <LI><a href="#[6d]">ETH_WKUP_IRQHandler</a> from startup_stm32f429xx.o(.text) referenced from startup_stm32f429xx.o(RESET)
 <LI><a href="#[35]">EXTI0_IRQHandler</a> from startup_stm32f429xx.o(.text) referenced from startup_stm32f429xx.o(RESET)
 <LI><a href="#[57]">EXTI15_10_IRQHandler</a> from startup_stm32f429xx.o(.text) referenced from startup_stm32f429xx.o(RESET)
 <LI><a href="#[36]">EXTI1_IRQHandler</a> from startup_stm32f429xx.o(.text) referenced from startup_stm32f429xx.o(RESET)
 <LI><a href="#[37]">EXTI2_IRQHandler</a> from startup_stm32f429xx.o(.text) referenced from startup_stm32f429xx.o(RESET)
 <LI><a href="#[38]">EXTI3_IRQHandler</a> from startup_stm32f429xx.o(.text) referenced from startup_stm32f429xx.o(RESET)
 <LI><a href="#[39]">EXTI4_IRQHandler</a> from startup_stm32f429xx.o(.text) referenced from startup_stm32f429xx.o(RESET)
 <LI><a href="#[46]">EXTI9_5_IRQHandler</a> from startup_stm32f429xx.o(.text) referenced from startup_stm32f429xx.o(RESET)
 <LI><a href="#[33]">FLASH_IRQHandler</a> from startup_stm32f429xx.o(.text) referenced from startup_stm32f429xx.o(RESET)
 <LI><a href="#[5f]">FMC_IRQHandler</a> from startup_stm32f429xx.o(.text) referenced from startup_stm32f429xx.o(RESET)
 <LI><a href="#[7f]">FPU_IRQHandler</a> from startup_stm32f429xx.o(.text) referenced from startup_stm32f429xx.o(RESET)
 <LI><a href="#[7e]">HASH_RNG_IRQHandler</a> from startup_stm32f429xx.o(.text) referenced from startup_stm32f429xx.o(RESET)
 <LI><a href="#[27]">HardFault_Handler</a> from stm32f4xx_it.o(i.HardFault_Handler) referenced from startup_stm32f429xx.o(RESET)
 <LI><a href="#[4f]">I2C1_ER_IRQHandler</a> from startup_stm32f429xx.o(.text) referenced from startup_stm32f429xx.o(RESET)
 <LI><a href="#[4e]">I2C1_EV_IRQHandler</a> from startup_stm32f429xx.o(.text) referenced from startup_stm32f429xx.o(RESET)
 <LI><a href="#[51]">I2C2_ER_IRQHandler</a> from startup_stm32f429xx.o(.text) referenced from startup_stm32f429xx.o(RESET)
 <LI><a href="#[50]">I2C2_EV_IRQHandler</a> from startup_stm32f429xx.o(.text) referenced from startup_stm32f429xx.o(RESET)
 <LI><a href="#[78]">I2C3_ER_IRQHandler</a> from startup_stm32f429xx.o(.text) referenced from startup_stm32f429xx.o(RESET)
 <LI><a href="#[77]">I2C3_EV_IRQHandler</a> from startup_stm32f429xx.o(.text) referenced from startup_stm32f429xx.o(RESET)
 <LI><a href="#[87]">LTDC_ER_IRQHandler</a> from startup_stm32f429xx.o(.text) referenced from startup_stm32f429xx.o(RESET)
 <LI><a href="#[86]">LTDC_IRQHandler</a> from startup_stm32f429xx.o(.text) referenced from startup_stm32f429xx.o(RESET)
 <LI><a href="#[28]">MemManage_Handler</a> from stm32f4xx_it.o(i.MemManage_Handler) referenced from startup_stm32f429xx.o(RESET)
 <LI><a href="#[26]">NMI_Handler</a> from stm32f4xx_it.o(i.NMI_Handler) referenced from startup_stm32f429xx.o(RESET)
 <LI><a href="#[72]">OTG_FS_IRQHandler</a> from startup_stm32f429xx.o(.text) referenced from startup_stm32f429xx.o(RESET)
 <LI><a href="#[59]">OTG_FS_WKUP_IRQHandler</a> from startup_stm32f429xx.o(.text) referenced from startup_stm32f429xx.o(RESET)
 <LI><a href="#[7a]">OTG_HS_EP1_IN_IRQHandler</a> from stm32f4xx_it.o(i.OTG_HS_EP1_IN_IRQHandler) referenced from startup_stm32f429xx.o(RESET)
 <LI><a href="#[79]">OTG_HS_EP1_OUT_IRQHandler</a> from stm32f4xx_it.o(i.OTG_HS_EP1_OUT_IRQHandler) referenced from startup_stm32f429xx.o(RESET)
 <LI><a href="#[7c]">OTG_HS_IRQHandler</a> from stm32f4xx_it.o(i.OTG_HS_IRQHandler) referenced from startup_stm32f429xx.o(RESET)
 <LI><a href="#[7b]">OTG_HS_WKUP_IRQHandler</a> from startup_stm32f429xx.o(.text) referenced from startup_stm32f429xx.o(RESET)
 <LI><a href="#[30]">PVD_IRQHandler</a> from startup_stm32f429xx.o(.text) referenced from startup_stm32f429xx.o(RESET)
 <LI><a href="#[2d]">PendSV_Handler</a> from port.o(.emb_text) referenced from startup_stm32f429xx.o(RESET)
 <LI><a href="#[97]">Preesure_Test_Task</a> from freertos.o(i.Preesure_Test_Task) referenced from freertos.o(i.MX_FREERTOS_Init)
 <LI><a href="#[34]">RCC_IRQHandler</a> from startup_stm32f429xx.o(.text) referenced from startup_stm32f429xx.o(RESET)
 <LI><a href="#[58]">RTC_Alarm_IRQHandler</a> from startup_stm32f429xx.o(.text) referenced from startup_stm32f429xx.o(RESET)
 <LI><a href="#[32]">RTC_WKUP_IRQHandler</a> from startup_stm32f429xx.o(.text) referenced from startup_stm32f429xx.o(RESET)
 <LI><a href="#[25]">Reset_Handler</a> from startup_stm32f429xx.o(.text) referenced from startup_stm32f429xx.o(RESET)
 <LI><a href="#[85]">SAI1_IRQHandler</a> from startup_stm32f429xx.o(.text) referenced from startup_stm32f429xx.o(RESET)
 <LI><a href="#[60]">SDIO_IRQHandler</a> from startup_stm32f429xx.o(.text) referenced from startup_stm32f429xx.o(RESET)
 <LI><a href="#[52]">SPI1_IRQHandler</a> from startup_stm32f429xx.o(.text) referenced from startup_stm32f429xx.o(RESET)
 <LI><a href="#[53]">SPI2_IRQHandler</a> from startup_stm32f429xx.o(.text) referenced from startup_stm32f429xx.o(RESET)
 <LI><a href="#[62]">SPI3_IRQHandler</a> from startup_stm32f429xx.o(.text) referenced from startup_stm32f429xx.o(RESET)
 <LI><a href="#[82]">SPI4_IRQHandler</a> from startup_stm32f429xx.o(.text) referenced from startup_stm32f429xx.o(RESET)
 <LI><a href="#[83]">SPI5_IRQHandler</a> from startup_stm32f429xx.o(.text) referenced from startup_stm32f429xx.o(RESET)
 <LI><a href="#[84]">SPI6_IRQHandler</a> from startup_stm32f429xx.o(.text) referenced from startup_stm32f429xx.o(RESET)
 <LI><a href="#[2b]">SVC_Handler</a> from port.o(.emb_text) referenced from startup_stm32f429xx.o(RESET)
 <LI><a href="#[94]">StartDefaultTask</a> from freertos.o(i.StartDefaultTask) referenced from freertos.o(i.MX_FREERTOS_Init)
 <LI><a href="#[2e]">SysTick_Handler</a> from stm32f4xx_it.o(i.SysTick_Handler) referenced from startup_stm32f429xx.o(RESET)
 <LI><a href="#[89]">SystemInit</a> from system_stm32f4xx.o(i.SystemInit) referenced from startup_stm32f429xx.o(.text)
 <LI><a href="#[31]">TAMP_STAMP_IRQHandler</a> from startup_stm32f429xx.o(.text) referenced from startup_stm32f429xx.o(RESET)
 <LI><a href="#[47]">TIM1_BRK_TIM9_IRQHandler</a> from startup_stm32f429xx.o(.text) referenced from startup_stm32f429xx.o(RESET)
 <LI><a href="#[4a]">TIM1_CC_IRQHandler</a> from startup_stm32f429xx.o(.text) referenced from startup_stm32f429xx.o(RESET)
 <LI><a href="#[49]">TIM1_TRG_COM_TIM11_IRQHandler</a> from startup_stm32f429xx.o(.text) referenced from startup_stm32f429xx.o(RESET)
 <LI><a href="#[48]">TIM1_UP_TIM10_IRQHandler</a> from startup_stm32f429xx.o(.text) referenced from startup_stm32f429xx.o(RESET)
 <LI><a href="#[4b]">TIM2_IRQHandler</a> from startup_stm32f429xx.o(.text) referenced from startup_stm32f429xx.o(RESET)
 <LI><a href="#[4c]">TIM3_IRQHandler</a> from startup_stm32f429xx.o(.text) referenced from startup_stm32f429xx.o(RESET)
 <LI><a href="#[4d]">TIM4_IRQHandler</a> from startup_stm32f429xx.o(.text) referenced from startup_stm32f429xx.o(RESET)
 <LI><a href="#[61]">TIM5_IRQHandler</a> from startup_stm32f429xx.o(.text) referenced from startup_stm32f429xx.o(RESET)
 <LI><a href="#[65]">TIM6_DAC_IRQHandler</a> from startup_stm32f429xx.o(.text) referenced from startup_stm32f429xx.o(RESET)
 <LI><a href="#[66]">TIM7_IRQHandler</a> from startup_stm32f429xx.o(.text) referenced from startup_stm32f429xx.o(RESET)
 <LI><a href="#[5a]">TIM8_BRK_TIM12_IRQHandler</a> from startup_stm32f429xx.o(.text) referenced from startup_stm32f429xx.o(RESET)
 <LI><a href="#[5d]">TIM8_CC_IRQHandler</a> from startup_stm32f429xx.o(.text) referenced from startup_stm32f429xx.o(RESET)
 <LI><a href="#[5c]">TIM8_TRG_COM_TIM14_IRQHandler</a> from startup_stm32f429xx.o(.text) referenced from startup_stm32f429xx.o(RESET)
 <LI><a href="#[5b]">TIM8_UP_TIM13_IRQHandler</a> from startup_stm32f429xx.o(.text) referenced from startup_stm32f429xx.o(RESET)
 <LI><a href="#[63]">UART4_IRQHandler</a> from startup_stm32f429xx.o(.text) referenced from startup_stm32f429xx.o(RESET)
 <LI><a href="#[64]">UART5_IRQHandler</a> from startup_stm32f429xx.o(.text) referenced from startup_stm32f429xx.o(RESET)
 <LI><a href="#[80]">UART7_IRQHandler</a> from startup_stm32f429xx.o(.text) referenced from startup_stm32f429xx.o(RESET)
 <LI><a href="#[81]">UART8_IRQHandler</a> from startup_stm32f429xx.o(.text) referenced from startup_stm32f429xx.o(RESET)
 <LI><a href="#[54]">USART1_IRQHandler</a> from startup_stm32f429xx.o(.text) referenced from startup_stm32f429xx.o(RESET)
 <LI><a href="#[55]">USART2_IRQHandler</a> from startup_stm32f429xx.o(.text) referenced from startup_stm32f429xx.o(RESET)
 <LI><a href="#[56]">USART3_IRQHandler</a> from startup_stm32f429xx.o(.text) referenced from startup_stm32f429xx.o(RESET)
 <LI><a href="#[76]">USART6_IRQHandler</a> from startup_stm32f429xx.o(.text) referenced from startup_stm32f429xx.o(RESET)
 <LI><a href="#[10]">USBD_CDC_DataIn</a> from usbd_cdc.o(i.USBD_CDC_DataIn) referenced 2 times from usbd_cdc.o(.data)
 <LI><a href="#[11]">USBD_CDC_DataOut</a> from usbd_cdc.o(i.USBD_CDC_DataOut) referenced 2 times from usbd_cdc.o(.data)
 <LI><a href="#[d]">USBD_CDC_DeInit</a> from usbd_cdc.o(i.USBD_CDC_DeInit) referenced 2 times from usbd_cdc.o(.data)
 <LI><a href="#[f]">USBD_CDC_EP0_RxReady</a> from usbd_cdc.o(i.USBD_CDC_EP0_RxReady) referenced 2 times from usbd_cdc.o(.data)
 <LI><a href="#[15]">USBD_CDC_GetDeviceQualifierDescriptor</a> from usbd_cdc.o(i.USBD_CDC_GetDeviceQualifierDescriptor) referenced 2 times from usbd_cdc.o(.data)
 <LI><a href="#[13]">USBD_CDC_GetFSCfgDesc</a> from usbd_cdc.o(i.USBD_CDC_GetFSCfgDesc) referenced 2 times from usbd_cdc.o(.data)
 <LI><a href="#[12]">USBD_CDC_GetHSCfgDesc</a> from usbd_cdc.o(i.USBD_CDC_GetHSCfgDesc) referenced 2 times from usbd_cdc.o(.data)
 <LI><a href="#[14]">USBD_CDC_GetOtherSpeedCfgDesc</a> from usbd_cdc.o(i.USBD_CDC_GetOtherSpeedCfgDesc) referenced 2 times from usbd_cdc.o(.data)
 <LI><a href="#[c]">USBD_CDC_Init</a> from usbd_cdc.o(i.USBD_CDC_Init) referenced 2 times from usbd_cdc.o(.data)
 <LI><a href="#[e]">USBD_CDC_Setup</a> from usbd_cdc.o(i.USBD_CDC_Setup) referenced 2 times from usbd_cdc.o(.data)
 <LI><a href="#[1c]">USBD_HS_ConfigStrDescriptor</a> from usbd_desc.o(i.USBD_HS_ConfigStrDescriptor) referenced 2 times from usbd_desc.o(.data)
 <LI><a href="#[17]">USBD_HS_DeviceDescriptor</a> from usbd_desc.o(i.USBD_HS_DeviceDescriptor) referenced 2 times from usbd_desc.o(.data)
 <LI><a href="#[1d]">USBD_HS_InterfaceStrDescriptor</a> from usbd_desc.o(i.USBD_HS_InterfaceStrDescriptor) referenced 2 times from usbd_desc.o(.data)
 <LI><a href="#[18]">USBD_HS_LangIDStrDescriptor</a> from usbd_desc.o(i.USBD_HS_LangIDStrDescriptor) referenced 2 times from usbd_desc.o(.data)
 <LI><a href="#[19]">USBD_HS_ManufacturerStrDescriptor</a> from usbd_desc.o(i.USBD_HS_ManufacturerStrDescriptor) referenced 2 times from usbd_desc.o(.data)
 <LI><a href="#[1a]">USBD_HS_ProductStrDescriptor</a> from usbd_desc.o(i.USBD_HS_ProductStrDescriptor) referenced 2 times from usbd_desc.o(.data)
 <LI><a href="#[1b]">USBD_HS_SerialStrDescriptor</a> from usbd_desc.o(i.USBD_HS_SerialStrDescriptor) referenced 2 times from usbd_desc.o(.data)
 <LI><a href="#[1e]">USBD_WinUSBOSFeatureDescriptor</a> from usbd_desc.o(i.USBD_WinUSBOSFeatureDescriptor) referenced 2 times from usbd_desc.o(.data)
 <LI><a href="#[1f]">USBD_WinUSBOSPropertyDescriptor</a> from usbd_desc.o(i.USBD_WinUSBOSPropertyDescriptor) referenced 2 times from usbd_desc.o(.data)
 <LI><a href="#[16]">USBD_WinUSBOSStrDescriptor</a> from usbd_desc.o(i.USBD_WinUSBOSStrDescriptor) referenced 2 times from usbd_cdc.o(.data)
 <LI><a href="#[2a]">UsageFault_Handler</a> from stm32f4xx_it.o(i.UsageFault_Handler) referenced from startup_stm32f429xx.o(RESET)
 <LI><a href="#[2f]">WWDG_IRQHandler</a> from startup_stm32f429xx.o(.text) referenced from startup_stm32f429xx.o(RESET)
 <LI><a href="#[ea]">__main</a> from __main.o(!!!main) referenced from startup_stm32f429xx.o(.text)
 <LI><a href="#[8b]">_get_lc_ctype</a> from lc_ctype_c.o(locale$$code) referenced from rt_ctype_table.o(.text)
 <LI><a href="#[8e]">_printf_input_char</a> from _printf_char_common.o(.text) referenced from _printf_char_common.o(.text)
 <LI><a href="#[91]">_sbackspace</a> from _sgetc.o(.text) referenced from strtod.o(.text)
 <LI><a href="#[90]">_sgetc</a> from _sgetc.o(.text) referenced from strtod.o(.text)
 <LI><a href="#[8d]">_snputc</a> from _snputc.o(.text) referenced from __2snprintf.o(.text)
 <LI><a href="#[8c]">_sputc</a> from _sputc.o(.text) referenced from __2sprintf.o(.text)
 <LI><a href="#[ca]">arith_add</a> from lstrlib.o(i.arith_add) referenced from lstrlib.o(.constdata)
 <LI><a href="#[cf]">arith_div</a> from lstrlib.o(i.arith_div) referenced from lstrlib.o(.constdata)
 <LI><a href="#[d0]">arith_idiv</a> from lstrlib.o(i.arith_idiv) referenced from lstrlib.o(.constdata)
 <LI><a href="#[cd]">arith_mod</a> from lstrlib.o(i.arith_mod) referenced from lstrlib.o(.constdata)
 <LI><a href="#[cc]">arith_mul</a> from lstrlib.o(i.arith_mul) referenced from lstrlib.o(.constdata)
 <LI><a href="#[ce]">arith_pow</a> from lstrlib.o(i.arith_pow) referenced from lstrlib.o(.constdata)
 <LI><a href="#[cb]">arith_sub</a> from lstrlib.o(i.arith_sub) referenced from lstrlib.o(.constdata)
 <LI><a href="#[d1]">arith_unm</a> from lstrlib.o(i.arith_unm) referenced from lstrlib.o(.constdata)
 <LI><a href="#[b0]">boxgc</a> from lauxlib.o(i.boxgc) referenced 2 times from lauxlib.o(.constdata)
 <LI><a href="#[a0]">closepaux</a> from ldo.o(i.closepaux) referenced from ldo.o(i.luaD_closeprotected)
 <LI><a href="#[9a]">dofilecont</a> from lbaselib.o(i.dofilecont) referenced from lbaselib.o(i.luaB_dofile)
 <LI><a href="#[93]">dothecall</a> from lgc.o(i.dothecall) referenced from lgc.o(i.GCTM)
 <LI><a href="#[a5]">f_call</a> from lapi.o(i.f_call) referenced from lapi.o(i.lua_pcallk)
 <LI><a href="#[a4]">f_luaopen</a> from lstate.o(i.f_luaopen) referenced from lstate.o(i.lua_newstate)
 <LI><a href="#[a1]">f_parser</a> from ldo.o(i.f_parser) referenced from ldo.o(i.luaD_protectedparser)
 <LI><a href="#[9f]">finishpcall</a> from lbaselib.o(i.finishpcall) referenced from lbaselib.o(i.luaB_pcall)
 <LI><a href="#[9f]">finishpcall</a> from lbaselib.o(i.finishpcall) referenced from lbaselib.o(i.luaB_xpcall)
 <LI><a href="#[8f]">fputc</a> from main.o(i.fputc) referenced from _printf_char_file.o(.text)
 <LI><a href="#[9c]">generic_reader</a> from lbaselib.o(i.generic_reader) referenced from lbaselib.o(i.luaB_load)
 <LI><a href="#[a3]">getF</a> from lauxlib.o(i.getF) referenced from lauxlib.o(i.luaL_loadfilex)
 <LI><a href="#[a2]">getS</a> from lauxlib.o(i.getS) referenced from lauxlib.o(i.luaL_loadbufferx)
 <LI><a href="#[d7]">gmatch</a> from lstrlib.o(i.gmatch) referenced from lstrlib.o(.constdata)
 <LI><a href="#[99]">gmatch_aux</a> from lstrlib.o(i.gmatch_aux) referenced from lstrlib.o(i.gmatch)
 <LI><a href="#[9b]">ipairsaux</a> from lbaselib.o(i.ipairsaux) referenced from lbaselib.o(i.luaB_ipairs)
 <LI><a href="#[92]">isspace</a> from isspace.o(.text) referenced from strtod.o(.text)
 <LI><a href="#[b1]">luaB_assert</a> from lbaselib.o(i.luaB_assert) referenced from lbaselib.o(.constdata)
 <LI><a href="#[b2]">luaB_collectgarbage</a> from lbaselib.o(i.luaB_collectgarbage) referenced from lbaselib.o(.constdata)
 <LI><a href="#[b3]">luaB_dofile</a> from lbaselib.o(i.luaB_dofile) referenced from lbaselib.o(.constdata)
 <LI><a href="#[b4]">luaB_error</a> from lbaselib.o(i.luaB_error) referenced from lbaselib.o(.constdata)
 <LI><a href="#[b5]">luaB_getmetatable</a> from lbaselib.o(i.luaB_getmetatable) referenced from lbaselib.o(.constdata)
 <LI><a href="#[b6]">luaB_ipairs</a> from lbaselib.o(i.luaB_ipairs) referenced from lbaselib.o(.constdata)
 <LI><a href="#[b8]">luaB_load</a> from lbaselib.o(i.luaB_load) referenced from lbaselib.o(.constdata)
 <LI><a href="#[b7]">luaB_loadfile</a> from lbaselib.o(i.luaB_loadfile) referenced from lbaselib.o(.constdata)
 <LI><a href="#[9d]">luaB_next</a> from lbaselib.o(i.luaB_next) referenced from lbaselib.o(.constdata)
 <LI><a href="#[9d]">luaB_next</a> from lbaselib.o(i.luaB_next) referenced from lbaselib.o(i.luaB_pairs)
 <LI><a href="#[b9]">luaB_pairs</a> from lbaselib.o(i.luaB_pairs) referenced from lbaselib.o(.constdata)
 <LI><a href="#[ba]">luaB_pcall</a> from lbaselib.o(i.luaB_pcall) referenced from lbaselib.o(.constdata)
 <LI><a href="#[bb]">luaB_print</a> from lbaselib.o(i.luaB_print) referenced from lbaselib.o(.constdata)
 <LI><a href="#[bd]">luaB_rawequal</a> from lbaselib.o(i.luaB_rawequal) referenced from lbaselib.o(.constdata)
 <LI><a href="#[bf]">luaB_rawget</a> from lbaselib.o(i.luaB_rawget) referenced from lbaselib.o(.constdata)
 <LI><a href="#[be]">luaB_rawlen</a> from lbaselib.o(i.luaB_rawlen) referenced from lbaselib.o(.constdata)
 <LI><a href="#[c0]">luaB_rawset</a> from lbaselib.o(i.luaB_rawset) referenced from lbaselib.o(.constdata)
 <LI><a href="#[c1]">luaB_select</a> from lbaselib.o(i.luaB_select) referenced from lbaselib.o(.constdata)
 <LI><a href="#[c2]">luaB_setmetatable</a> from lbaselib.o(i.luaB_setmetatable) referenced from lbaselib.o(.constdata)
 <LI><a href="#[c3]">luaB_tonumber</a> from lbaselib.o(i.luaB_tonumber) referenced from lbaselib.o(.constdata)
 <LI><a href="#[c4]">luaB_tostring</a> from lbaselib.o(i.luaB_tostring) referenced from lbaselib.o(.constdata)
 <LI><a href="#[c5]">luaB_type</a> from lbaselib.o(i.luaB_type) referenced from lbaselib.o(.constdata)
 <LI><a href="#[bc]">luaB_warn</a> from lbaselib.o(i.luaB_warn) referenced from lbaselib.o(.constdata)
 <LI><a href="#[c6]">luaB_xpcall</a> from lbaselib.o(i.luaB_xpcall) referenced from lbaselib.o(.constdata)
 <LI><a href="#[af]">lua_Pressure_test</a> from freertos.o(i.lua_Pressure_test) referenced from freertos.o(.constdata)
 <LI><a href="#[ac]">lua_delay</a> from freertos.o(i.lua_delay) referenced from freertos.o(.constdata)
 <LI><a href="#[ae]">lua_led_off</a> from freertos.o(i.lua_led_off) referenced from freertos.o(.constdata)
 <LI><a href="#[ad]">lua_led_on</a> from freertos.o(i.lua_led_on) referenced from freertos.o(.constdata)
 <LI><a href="#[a6]">lua_newstate</a> from lstate.o(i.lua_newstate) referenced from lstate.o(i.luai_makeseed)
 <LI><a href="#[ab]">lua_tester</a> from freertos.o(i.lua_tester) referenced from freertos.o(.constdata)
 <LI><a href="#[c7]">luaopen_base</a> from lbaselib.o(i.luaopen_base) referenced from linit.o(.constdata)
 <LI><a href="#[c9]">luaopen_string</a> from lstrlib.o(i.luaopen_string) referenced from linit.o(.constdata)
 <LI><a href="#[c8]">luaopen_table</a> from ltablib.o(i.luaopen_table) referenced from linit.o(.constdata)
 <LI><a href="#[9e]">pairscont</a> from lbaselib.o(i.pairscont) referenced from lbaselib.o(i.luaB_pairs)
 <LI><a href="#[a9]">prvIdleTask</a> from tasks.o(i.prvIdleTask) referenced from tasks.o(i.vTaskStartScheduler)
 <LI><a href="#[a7]">prvTaskExitError</a> from port.o(i.prvTaskExitError) referenced from port.o(i.pxPortInitialiseStack)
 <LI><a href="#[aa]">prvTimerTask</a> from timers.o(i.prvTimerTask) referenced from timers.o(i.xTimerCreateTimerTask)
 <LI><a href="#[98]">rtos_alloc_for_lua</a> from freertos.o(i.rtos_alloc_for_lua) referenced from freertos.o(i.Preesure_Test_Task)
 <LI><a href="#[98]">rtos_alloc_for_lua</a> from freertos.o(i.rtos_alloc_for_lua) referenced from freertos.o(i.StartDefaultTask)
 <LI><a href="#[e9]">sort</a> from ltablib.o(i.sort) referenced from ltablib.o(.constdata)
 <LI><a href="#[d2]">str_byte</a> from lstrlib.o(i.str_byte) referenced from lstrlib.o(.constdata)
 <LI><a href="#[d3]">str_char</a> from lstrlib.o(i.str_char) referenced from lstrlib.o(.constdata)
 <LI><a href="#[d4]">str_dump</a> from lstrlib.o(i.str_dump) referenced from lstrlib.o(.constdata)
 <LI><a href="#[d5]">str_find</a> from lstrlib.o(i.str_find) referenced from lstrlib.o(.constdata)
 <LI><a href="#[d6]">str_format</a> from lstrlib.o(i.str_format) referenced from lstrlib.o(.constdata)
 <LI><a href="#[d8]">str_gsub</a> from lstrlib.o(i.str_gsub) referenced from lstrlib.o(.constdata)
 <LI><a href="#[d9]">str_len</a> from lstrlib.o(i.str_len) referenced from lstrlib.o(.constdata)
 <LI><a href="#[da]">str_lower</a> from lstrlib.o(i.str_lower) referenced from lstrlib.o(.constdata)
 <LI><a href="#[db]">str_match</a> from lstrlib.o(i.str_match) referenced from lstrlib.o(.constdata)
 <LI><a href="#[e0]">str_pack</a> from lstrlib.o(i.str_pack) referenced from lstrlib.o(.constdata)
 <LI><a href="#[e1]">str_packsize</a> from lstrlib.o(i.str_packsize) referenced from lstrlib.o(.constdata)
 <LI><a href="#[dc]">str_rep</a> from lstrlib.o(i.str_rep) referenced from lstrlib.o(.constdata)
 <LI><a href="#[dd]">str_reverse</a> from lstrlib.o(i.str_reverse) referenced from lstrlib.o(.constdata)
 <LI><a href="#[de]">str_sub</a> from lstrlib.o(i.str_sub) referenced from lstrlib.o(.constdata)
 <LI><a href="#[e2]">str_unpack</a> from lstrlib.o(i.str_unpack) referenced from lstrlib.o(.constdata)
 <LI><a href="#[df]">str_upper</a> from lstrlib.o(i.str_upper) referenced from lstrlib.o(.constdata)
 <LI><a href="#[e3]">tconcat</a> from ltablib.o(i.tconcat) referenced from ltablib.o(.constdata)
 <LI><a href="#[e4]">tinsert</a> from ltablib.o(i.tinsert) referenced from ltablib.o(.constdata)
 <LI><a href="#[e8]">tmove</a> from ltablib.o(i.tmove) referenced from ltablib.o(.constdata)
 <LI><a href="#[e5]">tpack</a> from ltablib.o(i.tpack) referenced from ltablib.o(.constdata)
 <LI><a href="#[e7]">tremove</a> from ltablib.o(i.tremove) referenced from ltablib.o(.constdata)
 <LI><a href="#[e6]">tunpack</a> from ltablib.o(i.tunpack) referenced from ltablib.o(.constdata)
 <LI><a href="#[95]">vTaskLinkUsbCmdProcess</a> from freertos.o(i.vTaskLinkUsbCmdProcess) referenced from freertos.o(i.MX_FREERTOS_Init)
 <LI><a href="#[96]">vTaskSendMsgToHost</a> from freertos.o(i.vTaskSendMsgToHost) referenced from freertos.o(i.MX_FREERTOS_Init)
 <LI><a href="#[a8]">writer</a> from lstrlib.o(i.writer) referenced from lstrlib.o(i.str_dump)
</UL>
<P>
<H3>
Global Symbols
</H3>
<P><STRONG><a name="[ea]"></a>__main</STRONG> (Thumb, 8 bytes, Stack size 0 bytes, __main.o(!!!main))
<BR><BR>[Calls]<UL><LI><a href="#[ec]">&gt;&gt;</a>&nbsp;&nbsp;&nbsp;__rt_entry
<LI><a href="#[eb]">&gt;&gt;</a>&nbsp;&nbsp;&nbsp;__scatterload
</UL>

<P><STRONG><a name="[eb]"></a>__scatterload</STRONG> (Thumb, 0 bytes, Stack size unknown bytes, __scatter.o(!!!scatter))
<BR><BR>[Called By]<UL><LI><a href="#[ea]">&gt;&gt;</a>&nbsp;&nbsp;&nbsp;__main
</UL>

<P><STRONG><a name="[ed]"></a>__scatterload_rt2</STRONG> (Thumb, 44 bytes, Stack size unknown bytes, __scatter.o(!!!scatter), UNUSED)
<BR><BR>[Calls]<UL><LI><a href="#[ec]">&gt;&gt;</a>&nbsp;&nbsp;&nbsp;__rt_entry
</UL>

<P><STRONG><a name="[5da]"></a>__scatterload_rt2_thumb_only</STRONG> (Thumb, 0 bytes, Stack size unknown bytes, __scatter.o(!!!scatter), UNUSED)

<P><STRONG><a name="[5db]"></a>__scatterload_null</STRONG> (Thumb, 0 bytes, Stack size unknown bytes, __scatter.o(!!!scatter), UNUSED)

<P><STRONG><a name="[5dc]"></a>__decompress</STRONG> (Thumb, 90 bytes, Stack size unknown bytes, __dczerorl2.o(!!dczerorl2), UNUSED)

<P><STRONG><a name="[5dd]"></a>__decompress1</STRONG> (Thumb, 0 bytes, Stack size unknown bytes, __dczerorl2.o(!!dczerorl2), UNUSED)

<P><STRONG><a name="[ee]"></a>__scatterload_copy</STRONG> (Thumb, 26 bytes, Stack size unknown bytes, __scatter_copy.o(!!handler_copy), UNUSED)
<BR><BR>[Calls]<UL><LI><a href="#[ee]">&gt;&gt;</a>&nbsp;&nbsp;&nbsp;__scatterload_copy
</UL>
<BR>[Called By]<UL><LI><a href="#[ee]">&gt;&gt;</a>&nbsp;&nbsp;&nbsp;__scatterload_copy
</UL>

<P><STRONG><a name="[5de]"></a>__scatterload_zeroinit</STRONG> (Thumb, 28 bytes, Stack size unknown bytes, __scatter_zi.o(!!handler_zi), UNUSED)

<P><STRONG><a name="[ef]"></a>_printf_n</STRONG> (Thumb, 0 bytes, Stack size unknown bytes, _printf_n.o(.ARM.Collect$$_printf_percent$$00000001))
<BR><BR>[Calls]<UL><LI><a href="#[f0]">&gt;&gt;</a>&nbsp;&nbsp;&nbsp;_printf_charcount
</UL>

<P><STRONG><a name="[143]"></a>_printf_percent</STRONG> (Thumb, 0 bytes, Stack size unknown bytes, _printf_percent.o(.ARM.Collect$$_printf_percent$$00000000))
<BR><BR>[Called By]<UL><LI><a href="#[141]">&gt;&gt;</a>&nbsp;&nbsp;&nbsp;__printf
</UL>

<P><STRONG><a name="[f1]"></a>_printf_p</STRONG> (Thumb, 0 bytes, Stack size unknown bytes, _printf_p.o(.ARM.Collect$$_printf_percent$$00000002))
<BR><BR>[Stack]<UL><LI>Max Depth = 64 + Unknown Stack Size
<LI>Call Chain = _printf_p &rArr; _printf_hex_ptr &rArr; _printf_longlong_hex &rArr; _printf_int_common &rArr; _printf_post_padding
</UL>
<BR>[Calls]<UL><LI><a href="#[f2]">&gt;&gt;</a>&nbsp;&nbsp;&nbsp;_printf_hex_ptr
</UL>

<P><STRONG><a name="[f3]"></a>_printf_f</STRONG> (Thumb, 0 bytes, Stack size unknown bytes, _printf_f.o(.ARM.Collect$$_printf_percent$$00000003))
<BR><BR>[Stack]<UL><LI>Max Depth = 324 + Unknown Stack Size
<LI>Call Chain = _printf_f &rArr; _printf_fp_dec &rArr; _printf_fp_dec_real &rArr; _fp_digits &rArr; _btod_etento &rArr; _btod_emul &rArr; _e2e
</UL>
<BR>[Calls]<UL><LI><a href="#[f4]">&gt;&gt;</a>&nbsp;&nbsp;&nbsp;_printf_fp_dec
</UL>

<P><STRONG><a name="[f5]"></a>_printf_e</STRONG> (Thumb, 0 bytes, Stack size unknown bytes, _printf_e.o(.ARM.Collect$$_printf_percent$$00000004))
<BR><BR>[Stack]<UL><LI>Max Depth = 324 + Unknown Stack Size
<LI>Call Chain = _printf_e &rArr; _printf_fp_dec &rArr; _printf_fp_dec_real &rArr; _fp_digits &rArr; _btod_etento &rArr; _btod_emul &rArr; _e2e
</UL>
<BR>[Calls]<UL><LI><a href="#[f4]">&gt;&gt;</a>&nbsp;&nbsp;&nbsp;_printf_fp_dec
</UL>

<P><STRONG><a name="[f6]"></a>_printf_g</STRONG> (Thumb, 0 bytes, Stack size unknown bytes, _printf_g.o(.ARM.Collect$$_printf_percent$$00000005))
<BR><BR>[Stack]<UL><LI>Max Depth = 324 + Unknown Stack Size
<LI>Call Chain = _printf_g &rArr; _printf_fp_dec &rArr; _printf_fp_dec_real &rArr; _fp_digits &rArr; _btod_etento &rArr; _btod_emul &rArr; _e2e
</UL>
<BR>[Calls]<UL><LI><a href="#[f4]">&gt;&gt;</a>&nbsp;&nbsp;&nbsp;_printf_fp_dec
</UL>

<P><STRONG><a name="[f7]"></a>_printf_a</STRONG> (Thumb, 0 bytes, Stack size unknown bytes, _printf_a.o(.ARM.Collect$$_printf_percent$$00000006))
<BR><BR>[Stack]<UL><LI>Max Depth = 112 + Unknown Stack Size
<LI>Call Chain = _printf_a &rArr; _printf_fp_hex &rArr; _printf_fp_hex_real &rArr; _printf_fp_infnan &rArr; _printf_post_padding
</UL>
<BR>[Calls]<UL><LI><a href="#[f8]">&gt;&gt;</a>&nbsp;&nbsp;&nbsp;_printf_fp_hex
</UL>

<P><STRONG><a name="[5df]"></a>_printf_ll</STRONG> (Thumb, 0 bytes, Stack size unknown bytes, _printf_ll.o(.ARM.Collect$$_printf_percent$$00000007))

<P><STRONG><a name="[f9]"></a>_printf_i</STRONG> (Thumb, 0 bytes, Stack size unknown bytes, _printf_i.o(.ARM.Collect$$_printf_percent$$00000008))
<BR><BR>[Stack]<UL><LI>Max Depth = 72 + Unknown Stack Size
<LI>Call Chain = _printf_i &rArr; _printf_int_dec &rArr; _printf_int_common &rArr; _printf_post_padding
</UL>
<BR>[Calls]<UL><LI><a href="#[fa]">&gt;&gt;</a>&nbsp;&nbsp;&nbsp;_printf_int_dec
</UL>

<P><STRONG><a name="[fb]"></a>_printf_d</STRONG> (Thumb, 0 bytes, Stack size unknown bytes, _printf_d.o(.ARM.Collect$$_printf_percent$$00000009))
<BR><BR>[Stack]<UL><LI>Max Depth = 72 + Unknown Stack Size
<LI>Call Chain = _printf_d &rArr; _printf_int_dec &rArr; _printf_int_common &rArr; _printf_post_padding
</UL>
<BR>[Calls]<UL><LI><a href="#[fa]">&gt;&gt;</a>&nbsp;&nbsp;&nbsp;_printf_int_dec
</UL>

<P><STRONG><a name="[fc]"></a>_printf_u</STRONG> (Thumb, 0 bytes, Stack size unknown bytes, _printf_u.o(.ARM.Collect$$_printf_percent$$0000000A))
<BR><BR>[Stack]<UL><LI>Max Depth = 72 + Unknown Stack Size
<LI>Call Chain = _printf_u &rArr; _printf_int_dec &rArr; _printf_int_common &rArr; _printf_post_padding
</UL>
<BR>[Calls]<UL><LI><a href="#[fa]">&gt;&gt;</a>&nbsp;&nbsp;&nbsp;_printf_int_dec
</UL>

<P><STRONG><a name="[fd]"></a>_printf_o</STRONG> (Thumb, 0 bytes, Stack size unknown bytes, _printf_o.o(.ARM.Collect$$_printf_percent$$0000000B))
<BR><BR>[Stack]<UL><LI>Max Depth = 64 + Unknown Stack Size
<LI>Call Chain = _printf_o &rArr; _printf_int_oct &rArr; _printf_longlong_oct &rArr; _printf_int_common &rArr; _printf_post_padding
</UL>
<BR>[Calls]<UL><LI><a href="#[fe]">&gt;&gt;</a>&nbsp;&nbsp;&nbsp;_printf_int_oct
</UL>

<P><STRONG><a name="[ff]"></a>_printf_x</STRONG> (Thumb, 0 bytes, Stack size unknown bytes, _printf_x.o(.ARM.Collect$$_printf_percent$$0000000C))
<BR><BR>[Stack]<UL><LI>Max Depth = 80 + Unknown Stack Size
<LI>Call Chain = _printf_x &rArr; _printf_int_hex &rArr; _printf_longlong_hex &rArr; _printf_int_common &rArr; _printf_post_padding
</UL>
<BR>[Calls]<UL><LI><a href="#[100]">&gt;&gt;</a>&nbsp;&nbsp;&nbsp;_printf_int_hex
</UL>

<P><STRONG><a name="[101]"></a>_printf_lli</STRONG> (Thumb, 0 bytes, Stack size unknown bytes, _printf_lli.o(.ARM.Collect$$_printf_percent$$0000000D))
<BR><BR>[Stack]<UL><LI>Max Depth = 72 + Unknown Stack Size
<LI>Call Chain = _printf_lli &rArr; _printf_longlong_dec &rArr; _printf_int_common &rArr; _printf_post_padding
</UL>
<BR>[Calls]<UL><LI><a href="#[102]">&gt;&gt;</a>&nbsp;&nbsp;&nbsp;_printf_longlong_dec
</UL>

<P><STRONG><a name="[103]"></a>_printf_lld</STRONG> (Thumb, 0 bytes, Stack size unknown bytes, _printf_lld.o(.ARM.Collect$$_printf_percent$$0000000E))
<BR><BR>[Stack]<UL><LI>Max Depth = 72 + Unknown Stack Size
<LI>Call Chain = _printf_lld &rArr; _printf_longlong_dec &rArr; _printf_int_common &rArr; _printf_post_padding
</UL>
<BR>[Calls]<UL><LI><a href="#[102]">&gt;&gt;</a>&nbsp;&nbsp;&nbsp;_printf_longlong_dec
</UL>

<P><STRONG><a name="[104]"></a>_printf_llu</STRONG> (Thumb, 0 bytes, Stack size unknown bytes, _printf_llu.o(.ARM.Collect$$_printf_percent$$0000000F))
<BR><BR>[Stack]<UL><LI>Max Depth = 72 + Unknown Stack Size
<LI>Call Chain = _printf_llu &rArr; _printf_longlong_dec &rArr; _printf_int_common &rArr; _printf_post_padding
</UL>
<BR>[Calls]<UL><LI><a href="#[102]">&gt;&gt;</a>&nbsp;&nbsp;&nbsp;_printf_longlong_dec
</UL>

<P><STRONG><a name="[105]"></a>_printf_llo</STRONG> (Thumb, 0 bytes, Stack size unknown bytes, _printf_llo.o(.ARM.Collect$$_printf_percent$$00000010))
<BR><BR>[Stack]<UL><LI>Max Depth = 56 + Unknown Stack Size
<LI>Call Chain = _printf_llo &rArr; _printf_ll_oct &rArr; _printf_longlong_oct &rArr; _printf_int_common &rArr; _printf_post_padding
</UL>
<BR>[Calls]<UL><LI><a href="#[106]">&gt;&gt;</a>&nbsp;&nbsp;&nbsp;_printf_ll_oct
</UL>

<P><STRONG><a name="[107]"></a>_printf_llx</STRONG> (Thumb, 0 bytes, Stack size unknown bytes, _printf_llx.o(.ARM.Collect$$_printf_percent$$00000011))
<BR><BR>[Stack]<UL><LI>Max Depth = 64 + Unknown Stack Size
<LI>Call Chain = _printf_llx &rArr; _printf_ll_hex &rArr; _printf_longlong_hex &rArr; _printf_int_common &rArr; _printf_post_padding
</UL>
<BR>[Calls]<UL><LI><a href="#[108]">&gt;&gt;</a>&nbsp;&nbsp;&nbsp;_printf_ll_hex
</UL>

<P><STRONG><a name="[5e0]"></a>_printf_l</STRONG> (Thumb, 0 bytes, Stack size unknown bytes, _printf_l.o(.ARM.Collect$$_printf_percent$$00000012))

<P><STRONG><a name="[109]"></a>_printf_c</STRONG> (Thumb, 0 bytes, Stack size unknown bytes, _printf_c.o(.ARM.Collect$$_printf_percent$$00000013))
<BR><BR>[Stack]<UL><LI>Max Depth = 40 + Unknown Stack Size
<LI>Call Chain = _printf_c &rArr; _printf_char &rArr; _printf_cs_common &rArr; _printf_str &rArr; _printf_post_padding
</UL>
<BR>[Calls]<UL><LI><a href="#[10a]">&gt;&gt;</a>&nbsp;&nbsp;&nbsp;_printf_char
</UL>

<P><STRONG><a name="[10b]"></a>_printf_s</STRONG> (Thumb, 0 bytes, Stack size unknown bytes, _printf_s.o(.ARM.Collect$$_printf_percent$$00000014))
<BR><BR>[Stack]<UL><LI>Max Depth = 40 + Unknown Stack Size
<LI>Call Chain = _printf_s &rArr; _printf_string &rArr; _printf_cs_common &rArr; _printf_str &rArr; _printf_post_padding
</UL>
<BR>[Calls]<UL><LI><a href="#[10c]">&gt;&gt;</a>&nbsp;&nbsp;&nbsp;_printf_string
</UL>

<P><STRONG><a name="[10d]"></a>_printf_lc</STRONG> (Thumb, 0 bytes, Stack size unknown bytes, _printf_lc.o(.ARM.Collect$$_printf_percent$$00000015))
<BR><BR>[Stack]<UL><LI>Max Depth = 88 + Unknown Stack Size
<LI>Call Chain = _printf_lc &rArr; _printf_wchar &rArr; _printf_lcs_common &rArr; _printf_wctomb &rArr; _wcrtomb &rArr; __rt_ctype_table
</UL>
<BR>[Calls]<UL><LI><a href="#[10e]">&gt;&gt;</a>&nbsp;&nbsp;&nbsp;_printf_wchar
</UL>

<P><STRONG><a name="[5e1]"></a>_printf_percent_end</STRONG> (Thumb, 0 bytes, Stack size unknown bytes, _printf_percent_end.o(.ARM.Collect$$_printf_percent$$00000017))

<P><STRONG><a name="[123]"></a>__rt_lib_init</STRONG> (Thumb, 0 bytes, Stack size unknown bytes, libinit.o(.ARM.Collect$$libinit$$00000000))
<BR><BR>[Called By]<UL><LI><a href="#[122]">&gt;&gt;</a>&nbsp;&nbsp;&nbsp;__rt_entry_li
</UL>

<P><STRONG><a name="[10f]"></a>__rt_lib_init_fp_1</STRONG> (Thumb, 0 bytes, Stack size unknown bytes, libinit2.o(.ARM.Collect$$libinit$$00000001))
<BR><BR>[Calls]<UL><LI><a href="#[110]">&gt;&gt;</a>&nbsp;&nbsp;&nbsp;_fp_init
</UL>

<P><STRONG><a name="[111]"></a>__rt_lib_init_heap_2</STRONG> (Thumb, 0 bytes, Stack size unknown bytes, libinit2.o(.ARM.Collect$$libinit$$00000005))
<BR><BR>[Stack]<UL><LI>Max Depth = 64 + Unknown Stack Size
<LI>Call Chain = __rt_lib_init_heap_2 &rArr; _init_alloc &rArr; __rt_SIGRTMEM &rArr; __rt_SIGRTMEM_inner &rArr; __default_signal_display &rArr; _ttywrch
</UL>
<BR>[Calls]<UL><LI><a href="#[112]">&gt;&gt;</a>&nbsp;&nbsp;&nbsp;_init_alloc
</UL>

<P><STRONG><a name="[5e2]"></a>__rt_lib_init_preinit_1</STRONG> (Thumb, 0 bytes, Stack size unknown bytes, libinit2.o(.ARM.Collect$$libinit$$00000004))

<P><STRONG><a name="[5e3]"></a>__rt_lib_init_heap_1</STRONG> (Thumb, 0 bytes, Stack size unknown bytes, libinit2.o(.ARM.Collect$$libinit$$0000000A))

<P><STRONG><a name="[113]"></a>__rt_lib_init_lc_common</STRONG> (Thumb, 0 bytes, Stack size unknown bytes, libinit2.o(.ARM.Collect$$libinit$$0000000F))
<BR><BR>[Calls]<UL><LI><a href="#[114]">&gt;&gt;</a>&nbsp;&nbsp;&nbsp;__rt_locale
</UL>

<P><STRONG><a name="[5e4]"></a>__rt_lib_init_rand_1</STRONG> (Thumb, 0 bytes, Stack size unknown bytes, libinit2.o(.ARM.Collect$$libinit$$0000000E))

<P><STRONG><a name="[5e5]"></a>__rt_lib_init_user_alloc_1</STRONG> (Thumb, 0 bytes, Stack size unknown bytes, libinit2.o(.ARM.Collect$$libinit$$0000000C))

<P><STRONG><a name="[115]"></a>__rt_lib_init_lc_collate_2</STRONG> (Thumb, 0 bytes, Stack size unknown bytes, libinit2.o(.ARM.Collect$$libinit$$00000010))
<BR><BR>[Stack]<UL><LI>Max Depth = 8 + Unknown Stack Size
<LI>Call Chain = __rt_lib_init_lc_collate_2 &rArr; _get_lc_collate
</UL>
<BR>[Calls]<UL><LI><a href="#[116]">&gt;&gt;</a>&nbsp;&nbsp;&nbsp;_get_lc_collate
</UL>

<P><STRONG><a name="[5e6]"></a>__rt_lib_init_lc_collate_1</STRONG> (Thumb, 0 bytes, Stack size unknown bytes, libinit2.o(.ARM.Collect$$libinit$$00000011))

<P><STRONG><a name="[117]"></a>__rt_lib_init_lc_ctype_2</STRONG> (Thumb, 0 bytes, Stack size unknown bytes, libinit2.o(.ARM.Collect$$libinit$$00000012))
<BR><BR>[Stack]<UL><LI>Max Depth = 8 + Unknown Stack Size
<LI>Call Chain = __rt_lib_init_lc_ctype_2 &rArr; _get_lc_ctype
</UL>
<BR>[Calls]<UL><LI><a href="#[8b]">&gt;&gt;</a>&nbsp;&nbsp;&nbsp;_get_lc_ctype
</UL>

<P><STRONG><a name="[5e7]"></a>__rt_lib_init_lc_ctype_1</STRONG> (Thumb, 0 bytes, Stack size unknown bytes, libinit2.o(.ARM.Collect$$libinit$$00000013))

<P><STRONG><a name="[118]"></a>__rt_lib_init_lc_monetary_2</STRONG> (Thumb, 0 bytes, Stack size unknown bytes, libinit2.o(.ARM.Collect$$libinit$$00000014))
<BR><BR>[Stack]<UL><LI>Max Depth = 8 + Unknown Stack Size
<LI>Call Chain = __rt_lib_init_lc_monetary_2 &rArr; _get_lc_monetary
</UL>
<BR>[Calls]<UL><LI><a href="#[119]">&gt;&gt;</a>&nbsp;&nbsp;&nbsp;_get_lc_monetary
</UL>

<P><STRONG><a name="[5e8]"></a>__rt_lib_init_lc_monetary_1</STRONG> (Thumb, 0 bytes, Stack size unknown bytes, libinit2.o(.ARM.Collect$$libinit$$00000015))

<P><STRONG><a name="[11a]"></a>__rt_lib_init_lc_numeric_2</STRONG> (Thumb, 0 bytes, Stack size unknown bytes, libinit2.o(.ARM.Collect$$libinit$$00000016))
<BR><BR>[Stack]<UL><LI>Max Depth = 8 + Unknown Stack Size
<LI>Call Chain = __rt_lib_init_lc_numeric_2 &rArr; _get_lc_numeric
</UL>
<BR>[Calls]<UL><LI><a href="#[11b]">&gt;&gt;</a>&nbsp;&nbsp;&nbsp;_get_lc_numeric
</UL>

<P><STRONG><a name="[5e9]"></a>__rt_lib_init_atexit_1</STRONG> (Thumb, 0 bytes, Stack size unknown bytes, libinit2.o(.ARM.Collect$$libinit$$0000001B))

<P><STRONG><a name="[11c]"></a>__rt_lib_init_clock_2</STRONG> (Thumb, 0 bytes, Stack size unknown bytes, libinit2.o(.ARM.Collect$$libinit$$00000020))
<BR><BR>[Calls]<UL><LI><a href="#[11d]">&gt;&gt;</a>&nbsp;&nbsp;&nbsp;_clock_init
</UL>

<P><STRONG><a name="[5ea]"></a>__rt_lib_init_fp_trap_1</STRONG> (Thumb, 0 bytes, Stack size unknown bytes, libinit2.o(.ARM.Collect$$libinit$$0000001F))

<P><STRONG><a name="[5eb]"></a>__rt_lib_init_lc_numeric_1</STRONG> (Thumb, 0 bytes, Stack size unknown bytes, libinit2.o(.ARM.Collect$$libinit$$00000017))

<P><STRONG><a name="[5ec]"></a>__rt_lib_init_lc_time_1</STRONG> (Thumb, 0 bytes, Stack size unknown bytes, libinit2.o(.ARM.Collect$$libinit$$00000019))

<P><STRONG><a name="[5ed]"></a>__rt_lib_init_signal_1</STRONG> (Thumb, 0 bytes, Stack size unknown bytes, libinit2.o(.ARM.Collect$$libinit$$0000001D))

<P><STRONG><a name="[5ee]"></a>__rt_lib_init_clock_1</STRONG> (Thumb, 0 bytes, Stack size unknown bytes, libinit2.o(.ARM.Collect$$libinit$$00000021))

<P><STRONG><a name="[5ef]"></a>__rt_lib_init_getenv_1</STRONG> (Thumb, 0 bytes, Stack size unknown bytes, libinit2.o(.ARM.Collect$$libinit$$00000023))

<P><STRONG><a name="[11e]"></a>__rt_lib_init_stdio_2</STRONG> (Thumb, 0 bytes, Stack size unknown bytes, libinit2.o(.ARM.Collect$$libinit$$00000024))
<BR><BR>[Stack]<UL><LI>Max Depth = 392 + Unknown Stack Size
<LI>Call Chain = __rt_lib_init_stdio_2 &rArr; _initio &rArr; freopen &rArr; _fclose_internal &rArr; _fflush &rArr; _writebuf &rArr; _sys_write
</UL>
<BR>[Calls]<UL><LI><a href="#[11f]">&gt;&gt;</a>&nbsp;&nbsp;&nbsp;_initio
</UL>

<P><STRONG><a name="[5f0]"></a>__rt_lib_init_alloca_1</STRONG> (Thumb, 0 bytes, Stack size unknown bytes, libinit2.o(.ARM.Collect$$libinit$$0000002E))

<P><STRONG><a name="[5f1]"></a>__rt_lib_init_argv_1</STRONG> (Thumb, 0 bytes, Stack size unknown bytes, libinit2.o(.ARM.Collect$$libinit$$0000002C))

<P><STRONG><a name="[5f2]"></a>__rt_lib_init_cpp_1</STRONG> (Thumb, 0 bytes, Stack size unknown bytes, libinit2.o(.ARM.Collect$$libinit$$00000032))

<P><STRONG><a name="[5f3]"></a>__rt_lib_init_exceptions_1</STRONG> (Thumb, 0 bytes, Stack size unknown bytes, libinit2.o(.ARM.Collect$$libinit$$00000030))

<P><STRONG><a name="[5f4]"></a>__rt_lib_init_return</STRONG> (Thumb, 0 bytes, Stack size unknown bytes, libinit2.o(.ARM.Collect$$libinit$$00000033))

<P><STRONG><a name="[5f5]"></a>__rt_lib_init_stdio_1</STRONG> (Thumb, 0 bytes, Stack size unknown bytes, libinit2.o(.ARM.Collect$$libinit$$00000025))

<P><STRONG><a name="[ec]"></a>__rt_entry</STRONG> (Thumb, 0 bytes, Stack size unknown bytes, __rtentry.o(.ARM.Collect$$rtentry$$00000000))
<BR><BR>[Called By]<UL><LI><a href="#[ea]">&gt;&gt;</a>&nbsp;&nbsp;&nbsp;__main
<LI><a href="#[ed]">&gt;&gt;</a>&nbsp;&nbsp;&nbsp;__scatterload_rt2
</UL>

<P><STRONG><a name="[5f6]"></a>__rt_entry_presh_1</STRONG> (Thumb, 0 bytes, Stack size unknown bytes, __rtentry2.o(.ARM.Collect$$rtentry$$00000002))

<P><STRONG><a name="[120]"></a>__rt_entry_sh</STRONG> (Thumb, 0 bytes, Stack size unknown bytes, __rtentry4.o(.ARM.Collect$$rtentry$$00000004))
<BR><BR>[Stack]<UL><LI>Max Depth = 8 + Unknown Stack Size
<LI>Call Chain = __rt_entry_sh &rArr; __user_setup_stackheap
</UL>
<BR>[Calls]<UL><LI><a href="#[121]">&gt;&gt;</a>&nbsp;&nbsp;&nbsp;__user_setup_stackheap
</UL>

<P><STRONG><a name="[5f7]"></a>__rt_lib_shutdown_stdio_2</STRONG> (Thumb, 0 bytes, Stack size unknown bytes, libshutdown2.o(.ARM.Collect$$libshutdown$$00000004))

<P><STRONG><a name="[122]"></a>__rt_entry_li</STRONG> (Thumb, 0 bytes, Stack size unknown bytes, __rtentry2.o(.ARM.Collect$$rtentry$$0000000A))
<BR><BR>[Calls]<UL><LI><a href="#[123]">&gt;&gt;</a>&nbsp;&nbsp;&nbsp;__rt_lib_init
</UL>

<P><STRONG><a name="[5f8]"></a>__rt_entry_postsh_1</STRONG> (Thumb, 0 bytes, Stack size unknown bytes, __rtentry2.o(.ARM.Collect$$rtentry$$00000009))

<P><STRONG><a name="[124]"></a>__rt_entry_main</STRONG> (Thumb, 0 bytes, Stack size unknown bytes, __rtentry2.o(.ARM.Collect$$rtentry$$0000000D))
<BR><BR>[Stack]<UL><LI>Max Depth = 192 + Unknown Stack Size
<LI>Call Chain = __rt_entry_main &rArr; main &rArr; MX_FREERTOS_Init &rArr; osThreadNew &rArr; xTaskCreate &rArr; pvPortMalloc &rArr; xTaskResumeAll &rArr; xTaskIncrementTick
</UL>
<BR>[Calls]<UL><LI><a href="#[125]">&gt;&gt;</a>&nbsp;&nbsp;&nbsp;main
<LI><a href="#[126]">&gt;&gt;</a>&nbsp;&nbsp;&nbsp;exit
</UL>

<P><STRONG><a name="[5f9]"></a>__rt_entry_postli_1</STRONG> (Thumb, 0 bytes, Stack size unknown bytes, __rtentry2.o(.ARM.Collect$$rtentry$$0000000C))

<P><STRONG><a name="[2b]"></a>SVC_Handler</STRONG> (Thumb, 28 bytes, Stack size 0 bytes, port.o(.emb_text))
<BR>[Address Reference Count : 1]<UL><LI> startup_stm32f429xx.o(RESET)
</UL>
<P><STRONG><a name="[5b9]"></a>__asm___6_port_c_39a90d8d__prvStartFirstTask</STRONG> (Thumb, 36 bytes, Stack size 0 bytes, port.o(.emb_text))
<BR><BR>[Called By]<UL><LI><a href="#[5b3]">&gt;&gt;</a>&nbsp;&nbsp;&nbsp;xPortStartScheduler
</UL>

<P><STRONG><a name="[5b8]"></a>__asm___6_port_c_39a90d8d__prvEnableVFP</STRONG> (Thumb, 16 bytes, Stack size 0 bytes, port.o(.emb_text))
<BR><BR>[Called By]<UL><LI><a href="#[5b3]">&gt;&gt;</a>&nbsp;&nbsp;&nbsp;xPortStartScheduler
</UL>

<P><STRONG><a name="[2d]"></a>PendSV_Handler</STRONG> (Thumb, 88 bytes, Stack size 0 bytes, port.o(.emb_text))
<BR><BR>[Stack]<UL><LI>Max Depth = 16<LI>Call Chain = PendSV_Handler &rArr; vTaskSwitchContext
</UL>
<BR>[Calls]<UL><LI><a href="#[127]">&gt;&gt;</a>&nbsp;&nbsp;&nbsp;vTaskSwitchContext
</UL>
<BR>[Address Reference Count : 1]<UL><LI> startup_stm32f429xx.o(RESET)
</UL>
<P><STRONG><a name="[5ac]"></a>vPortGetIPSR</STRONG> (Thumb, 6 bytes, Stack size 0 bytes, port.o(.emb_text))
<BR><BR>[Called By]<UL><LI><a href="#[5ab]">&gt;&gt;</a>&nbsp;&nbsp;&nbsp;vPortValidateInterruptPriority
</UL>

<P><STRONG><a name="[25]"></a>Reset_Handler</STRONG> (Thumb, 8 bytes, Stack size 0 bytes, startup_stm32f429xx.o(.text))
<BR>[Address Reference Count : 1]<UL><LI> startup_stm32f429xx.o(RESET)
</UL>
<P><STRONG><a name="[5fa]"></a>_maybe_terminate_alloc</STRONG> (Thumb, 0 bytes, Stack size 0 bytes, maybetermalloc1.o(.emb_text), UNUSED)

<P><STRONG><a name="[41]"></a>ADC_IRQHandler</STRONG> (Thumb, 0 bytes, Stack size 0 bytes, startup_stm32f429xx.o(.text))
<BR><BR>[Calls]<UL><LI><a href="#[41]">&gt;&gt;</a>&nbsp;&nbsp;&nbsp;ADC_IRQHandler
</UL>
<BR>[Called By]<UL><LI><a href="#[41]">&gt;&gt;</a>&nbsp;&nbsp;&nbsp;ADC_IRQHandler
</UL>
<BR>[Address Reference Count : 1]<UL><LI> startup_stm32f429xx.o(RESET)
</UL>
<P><STRONG><a name="[43]"></a>CAN1_RX0_IRQHandler</STRONG> (Thumb, 0 bytes, Stack size 0 bytes, startup_stm32f429xx.o(.text))
<BR>[Address Reference Count : 1]<UL><LI> startup_stm32f429xx.o(RESET)
</UL>
<P><STRONG><a name="[44]"></a>CAN1_RX1_IRQHandler</STRONG> (Thumb, 0 bytes, Stack size 0 bytes, startup_stm32f429xx.o(.text))
<BR>[Address Reference Count : 1]<UL><LI> startup_stm32f429xx.o(RESET)
</UL>
<P><STRONG><a name="[45]"></a>CAN1_SCE_IRQHandler</STRONG> (Thumb, 0 bytes, Stack size 0 bytes, startup_stm32f429xx.o(.text))
<BR>[Address Reference Count : 1]<UL><LI> startup_stm32f429xx.o(RESET)
</UL>
<P><STRONG><a name="[42]"></a>CAN1_TX_IRQHandler</STRONG> (Thumb, 0 bytes, Stack size 0 bytes, startup_stm32f429xx.o(.text))
<BR>[Address Reference Count : 1]<UL><LI> startup_stm32f429xx.o(RESET)
</UL>
<P><STRONG><a name="[6f]"></a>CAN2_RX0_IRQHandler</STRONG> (Thumb, 0 bytes, Stack size 0 bytes, startup_stm32f429xx.o(.text))
<BR>[Address Reference Count : 1]<UL><LI> startup_stm32f429xx.o(RESET)
</UL>
<P><STRONG><a name="[70]"></a>CAN2_RX1_IRQHandler</STRONG> (Thumb, 0 bytes, Stack size 0 bytes, startup_stm32f429xx.o(.text))
<BR>[Address Reference Count : 1]<UL><LI> startup_stm32f429xx.o(RESET)
</UL>
<P><STRONG><a name="[71]"></a>CAN2_SCE_IRQHandler</STRONG> (Thumb, 0 bytes, Stack size 0 bytes, startup_stm32f429xx.o(.text))
<BR>[Address Reference Count : 1]<UL><LI> startup_stm32f429xx.o(RESET)
</UL>
<P><STRONG><a name="[6e]"></a>CAN2_TX_IRQHandler</STRONG> (Thumb, 0 bytes, Stack size 0 bytes, startup_stm32f429xx.o(.text))
<BR>[Address Reference Count : 1]<UL><LI> startup_stm32f429xx.o(RESET)
</UL>
<P><STRONG><a name="[7d]"></a>DCMI_IRQHandler</STRONG> (Thumb, 0 bytes, Stack size 0 bytes, startup_stm32f429xx.o(.text))
<BR>[Address Reference Count : 1]<UL><LI> startup_stm32f429xx.o(RESET)
</UL>
<P><STRONG><a name="[3a]"></a>DMA1_Stream0_IRQHandler</STRONG> (Thumb, 0 bytes, Stack size 0 bytes, startup_stm32f429xx.o(.text))
<BR>[Address Reference Count : 1]<UL><LI> startup_stm32f429xx.o(RESET)
</UL>
<P><STRONG><a name="[3b]"></a>DMA1_Stream1_IRQHandler</STRONG> (Thumb, 0 bytes, Stack size 0 bytes, startup_stm32f429xx.o(.text))
<BR>[Address Reference Count : 1]<UL><LI> startup_stm32f429xx.o(RESET)
</UL>
<P><STRONG><a name="[3c]"></a>DMA1_Stream2_IRQHandler</STRONG> (Thumb, 0 bytes, Stack size 0 bytes, startup_stm32f429xx.o(.text))
<BR>[Address Reference Count : 1]<UL><LI> startup_stm32f429xx.o(RESET)
</UL>
<P><STRONG><a name="[3d]"></a>DMA1_Stream3_IRQHandler</STRONG> (Thumb, 0 bytes, Stack size 0 bytes, startup_stm32f429xx.o(.text))
<BR>[Address Reference Count : 1]<UL><LI> startup_stm32f429xx.o(RESET)
</UL>
<P><STRONG><a name="[3e]"></a>DMA1_Stream4_IRQHandler</STRONG> (Thumb, 0 bytes, Stack size 0 bytes, startup_stm32f429xx.o(.text))
<BR>[Address Reference Count : 1]<UL><LI> startup_stm32f429xx.o(RESET)
</UL>
<P><STRONG><a name="[3f]"></a>DMA1_Stream5_IRQHandler</STRONG> (Thumb, 0 bytes, Stack size 0 bytes, startup_stm32f429xx.o(.text))
<BR>[Address Reference Count : 1]<UL><LI> startup_stm32f429xx.o(RESET)
</UL>
<P><STRONG><a name="[40]"></a>DMA1_Stream6_IRQHandler</STRONG> (Thumb, 0 bytes, Stack size 0 bytes, startup_stm32f429xx.o(.text))
<BR>[Address Reference Count : 1]<UL><LI> startup_stm32f429xx.o(RESET)
</UL>
<P><STRONG><a name="[5e]"></a>DMA1_Stream7_IRQHandler</STRONG> (Thumb, 0 bytes, Stack size 0 bytes, startup_stm32f429xx.o(.text))
<BR>[Address Reference Count : 1]<UL><LI> startup_stm32f429xx.o(RESET)
</UL>
<P><STRONG><a name="[88]"></a>DMA2D_IRQHandler</STRONG> (Thumb, 0 bytes, Stack size 0 bytes, startup_stm32f429xx.o(.text))
<BR>[Address Reference Count : 1]<UL><LI> startup_stm32f429xx.o(RESET)
</UL>
<P><STRONG><a name="[68]"></a>DMA2_Stream1_IRQHandler</STRONG> (Thumb, 0 bytes, Stack size 0 bytes, startup_stm32f429xx.o(.text))
<BR>[Address Reference Count : 1]<UL><LI> startup_stm32f429xx.o(RESET)
</UL>
<P><STRONG><a name="[69]"></a>DMA2_Stream2_IRQHandler</STRONG> (Thumb, 0 bytes, Stack size 0 bytes, startup_stm32f429xx.o(.text))
<BR>[Address Reference Count : 1]<UL><LI> startup_stm32f429xx.o(RESET)
</UL>
<P><STRONG><a name="[6a]"></a>DMA2_Stream3_IRQHandler</STRONG> (Thumb, 0 bytes, Stack size 0 bytes, startup_stm32f429xx.o(.text))
<BR>[Address Reference Count : 1]<UL><LI> startup_stm32f429xx.o(RESET)
</UL>
<P><STRONG><a name="[6b]"></a>DMA2_Stream4_IRQHandler</STRONG> (Thumb, 0 bytes, Stack size 0 bytes, startup_stm32f429xx.o(.text))
<BR>[Address Reference Count : 1]<UL><LI> startup_stm32f429xx.o(RESET)
</UL>
<P><STRONG><a name="[73]"></a>DMA2_Stream5_IRQHandler</STRONG> (Thumb, 0 bytes, Stack size 0 bytes, startup_stm32f429xx.o(.text))
<BR>[Address Reference Count : 1]<UL><LI> startup_stm32f429xx.o(RESET)
</UL>
<P><STRONG><a name="[74]"></a>DMA2_Stream6_IRQHandler</STRONG> (Thumb, 0 bytes, Stack size 0 bytes, startup_stm32f429xx.o(.text))
<BR>[Address Reference Count : 1]<UL><LI> startup_stm32f429xx.o(RESET)
</UL>
<P><STRONG><a name="[75]"></a>DMA2_Stream7_IRQHandler</STRONG> (Thumb, 0 bytes, Stack size 0 bytes, startup_stm32f429xx.o(.text))
<BR>[Address Reference Count : 1]<UL><LI> startup_stm32f429xx.o(RESET)
</UL>
<P><STRONG><a name="[6c]"></a>ETH_IRQHandler</STRONG> (Thumb, 0 bytes, Stack size 0 bytes, startup_stm32f429xx.o(.text))
<BR>[Address Reference Count : 1]<UL><LI> startup_stm32f429xx.o(RESET)
</UL>
<P><STRONG><a name="[6d]"></a>ETH_WKUP_IRQHandler</STRONG> (Thumb, 0 bytes, Stack size 0 bytes, startup_stm32f429xx.o(.text))
<BR>[Address Reference Count : 1]<UL><LI> startup_stm32f429xx.o(RESET)
</UL>
<P><STRONG><a name="[35]"></a>EXTI0_IRQHandler</STRONG> (Thumb, 0 bytes, Stack size 0 bytes, startup_stm32f429xx.o(.text))
<BR>[Address Reference Count : 1]<UL><LI> startup_stm32f429xx.o(RESET)
</UL>
<P><STRONG><a name="[57]"></a>EXTI15_10_IRQHandler</STRONG> (Thumb, 0 bytes, Stack size 0 bytes, startup_stm32f429xx.o(.text))
<BR>[Address Reference Count : 1]<UL><LI> startup_stm32f429xx.o(RESET)
</UL>
<P><STRONG><a name="[36]"></a>EXTI1_IRQHandler</STRONG> (Thumb, 0 bytes, Stack size 0 bytes, startup_stm32f429xx.o(.text))
<BR>[Address Reference Count : 1]<UL><LI> startup_stm32f429xx.o(RESET)
</UL>
<P><STRONG><a name="[37]"></a>EXTI2_IRQHandler</STRONG> (Thumb, 0 bytes, Stack size 0 bytes, startup_stm32f429xx.o(.text))
<BR>[Address Reference Count : 1]<UL><LI> startup_stm32f429xx.o(RESET)
</UL>
<P><STRONG><a name="[38]"></a>EXTI3_IRQHandler</STRONG> (Thumb, 0 bytes, Stack size 0 bytes, startup_stm32f429xx.o(.text))
<BR>[Address Reference Count : 1]<UL><LI> startup_stm32f429xx.o(RESET)
</UL>
<P><STRONG><a name="[39]"></a>EXTI4_IRQHandler</STRONG> (Thumb, 0 bytes, Stack size 0 bytes, startup_stm32f429xx.o(.text))
<BR>[Address Reference Count : 1]<UL><LI> startup_stm32f429xx.o(RESET)
</UL>
<P><STRONG><a name="[46]"></a>EXTI9_5_IRQHandler</STRONG> (Thumb, 0 bytes, Stack size 0 bytes, startup_stm32f429xx.o(.text))
<BR>[Address Reference Count : 1]<UL><LI> startup_stm32f429xx.o(RESET)
</UL>
<P><STRONG><a name="[33]"></a>FLASH_IRQHandler</STRONG> (Thumb, 0 bytes, Stack size 0 bytes, startup_stm32f429xx.o(.text))
<BR>[Address Reference Count : 1]<UL><LI> startup_stm32f429xx.o(RESET)
</UL>
<P><STRONG><a name="[5f]"></a>FMC_IRQHandler</STRONG> (Thumb, 0 bytes, Stack size 0 bytes, startup_stm32f429xx.o(.text))
<BR>[Address Reference Count : 1]<UL><LI> startup_stm32f429xx.o(RESET)
</UL>
<P><STRONG><a name="[7f]"></a>FPU_IRQHandler</STRONG> (Thumb, 0 bytes, Stack size 0 bytes, startup_stm32f429xx.o(.text))
<BR>[Address Reference Count : 1]<UL><LI> startup_stm32f429xx.o(RESET)
</UL>
<P><STRONG><a name="[7e]"></a>HASH_RNG_IRQHandler</STRONG> (Thumb, 0 bytes, Stack size 0 bytes, startup_stm32f429xx.o(.text))
<BR>[Address Reference Count : 1]<UL><LI> startup_stm32f429xx.o(RESET)
</UL>
<P><STRONG><a name="[4f]"></a>I2C1_ER_IRQHandler</STRONG> (Thumb, 0 bytes, Stack size 0 bytes, startup_stm32f429xx.o(.text))
<BR>[Address Reference Count : 1]<UL><LI> startup_stm32f429xx.o(RESET)
</UL>
<P><STRONG><a name="[4e]"></a>I2C1_EV_IRQHandler</STRONG> (Thumb, 0 bytes, Stack size 0 bytes, startup_stm32f429xx.o(.text))
<BR>[Address Reference Count : 1]<UL><LI> startup_stm32f429xx.o(RESET)
</UL>
<P><STRONG><a name="[51]"></a>I2C2_ER_IRQHandler</STRONG> (Thumb, 0 bytes, Stack size 0 bytes, startup_stm32f429xx.o(.text))
<BR>[Address Reference Count : 1]<UL><LI> startup_stm32f429xx.o(RESET)
</UL>
<P><STRONG><a name="[50]"></a>I2C2_EV_IRQHandler</STRONG> (Thumb, 0 bytes, Stack size 0 bytes, startup_stm32f429xx.o(.text))
<BR>[Address Reference Count : 1]<UL><LI> startup_stm32f429xx.o(RESET)
</UL>
<P><STRONG><a name="[78]"></a>I2C3_ER_IRQHandler</STRONG> (Thumb, 0 bytes, Stack size 0 bytes, startup_stm32f429xx.o(.text))
<BR>[Address Reference Count : 1]<UL><LI> startup_stm32f429xx.o(RESET)
</UL>
<P><STRONG><a name="[77]"></a>I2C3_EV_IRQHandler</STRONG> (Thumb, 0 bytes, Stack size 0 bytes, startup_stm32f429xx.o(.text))
<BR>[Address Reference Count : 1]<UL><LI> startup_stm32f429xx.o(RESET)
</UL>
<P><STRONG><a name="[87]"></a>LTDC_ER_IRQHandler</STRONG> (Thumb, 0 bytes, Stack size 0 bytes, startup_stm32f429xx.o(.text))
<BR>[Address Reference Count : 1]<UL><LI> startup_stm32f429xx.o(RESET)
</UL>
<P><STRONG><a name="[86]"></a>LTDC_IRQHandler</STRONG> (Thumb, 0 bytes, Stack size 0 bytes, startup_stm32f429xx.o(.text))
<BR>[Address Reference Count : 1]<UL><LI> startup_stm32f429xx.o(RESET)
</UL>
<P><STRONG><a name="[72]"></a>OTG_FS_IRQHandler</STRONG> (Thumb, 0 bytes, Stack size 0 bytes, startup_stm32f429xx.o(.text))
<BR>[Address Reference Count : 1]<UL><LI> startup_stm32f429xx.o(RESET)
</UL>
<P><STRONG><a name="[59]"></a>OTG_FS_WKUP_IRQHandler</STRONG> (Thumb, 0 bytes, Stack size 0 bytes, startup_stm32f429xx.o(.text))
<BR>[Address Reference Count : 1]<UL><LI> startup_stm32f429xx.o(RESET)
</UL>
<P><STRONG><a name="[7b]"></a>OTG_HS_WKUP_IRQHandler</STRONG> (Thumb, 0 bytes, Stack size 0 bytes, startup_stm32f429xx.o(.text))
<BR>[Address Reference Count : 1]<UL><LI> startup_stm32f429xx.o(RESET)
</UL>
<P><STRONG><a name="[30]"></a>PVD_IRQHandler</STRONG> (Thumb, 0 bytes, Stack size 0 bytes, startup_stm32f429xx.o(.text))
<BR>[Address Reference Count : 1]<UL><LI> startup_stm32f429xx.o(RESET)
</UL>
<P><STRONG><a name="[34]"></a>RCC_IRQHandler</STRONG> (Thumb, 0 bytes, Stack size 0 bytes, startup_stm32f429xx.o(.text))
<BR>[Address Reference Count : 1]<UL><LI> startup_stm32f429xx.o(RESET)
</UL>
<P><STRONG><a name="[58]"></a>RTC_Alarm_IRQHandler</STRONG> (Thumb, 0 bytes, Stack size 0 bytes, startup_stm32f429xx.o(.text))
<BR>[Address Reference Count : 1]<UL><LI> startup_stm32f429xx.o(RESET)
</UL>
<P><STRONG><a name="[32]"></a>RTC_WKUP_IRQHandler</STRONG> (Thumb, 0 bytes, Stack size 0 bytes, startup_stm32f429xx.o(.text))
<BR>[Address Reference Count : 1]<UL><LI> startup_stm32f429xx.o(RESET)
</UL>
<P><STRONG><a name="[85]"></a>SAI1_IRQHandler</STRONG> (Thumb, 0 bytes, Stack size 0 bytes, startup_stm32f429xx.o(.text))
<BR>[Address Reference Count : 1]<UL><LI> startup_stm32f429xx.o(RESET)
</UL>
<P><STRONG><a name="[60]"></a>SDIO_IRQHandler</STRONG> (Thumb, 0 bytes, Stack size 0 bytes, startup_stm32f429xx.o(.text))
<BR>[Address Reference Count : 1]<UL><LI> startup_stm32f429xx.o(RESET)
</UL>
<P><STRONG><a name="[52]"></a>SPI1_IRQHandler</STRONG> (Thumb, 0 bytes, Stack size 0 bytes, startup_stm32f429xx.o(.text))
<BR>[Address Reference Count : 1]<UL><LI> startup_stm32f429xx.o(RESET)
</UL>
<P><STRONG><a name="[53]"></a>SPI2_IRQHandler</STRONG> (Thumb, 0 bytes, Stack size 0 bytes, startup_stm32f429xx.o(.text))
<BR>[Address Reference Count : 1]<UL><LI> startup_stm32f429xx.o(RESET)
</UL>
<P><STRONG><a name="[62]"></a>SPI3_IRQHandler</STRONG> (Thumb, 0 bytes, Stack size 0 bytes, startup_stm32f429xx.o(.text))
<BR>[Address Reference Count : 1]<UL><LI> startup_stm32f429xx.o(RESET)
</UL>
<P><STRONG><a name="[82]"></a>SPI4_IRQHandler</STRONG> (Thumb, 0 bytes, Stack size 0 bytes, startup_stm32f429xx.o(.text))
<BR>[Address Reference Count : 1]<UL><LI> startup_stm32f429xx.o(RESET)
</UL>
<P><STRONG><a name="[83]"></a>SPI5_IRQHandler</STRONG> (Thumb, 0 bytes, Stack size 0 bytes, startup_stm32f429xx.o(.text))
<BR>[Address Reference Count : 1]<UL><LI> startup_stm32f429xx.o(RESET)
</UL>
<P><STRONG><a name="[84]"></a>SPI6_IRQHandler</STRONG> (Thumb, 0 bytes, Stack size 0 bytes, startup_stm32f429xx.o(.text))
<BR>[Address Reference Count : 1]<UL><LI> startup_stm32f429xx.o(RESET)
</UL>
<P><STRONG><a name="[31]"></a>TAMP_STAMP_IRQHandler</STRONG> (Thumb, 0 bytes, Stack size 0 bytes, startup_stm32f429xx.o(.text))
<BR>[Address Reference Count : 1]<UL><LI> startup_stm32f429xx.o(RESET)
</UL>
<P><STRONG><a name="[47]"></a>TIM1_BRK_TIM9_IRQHandler</STRONG> (Thumb, 0 bytes, Stack size 0 bytes, startup_stm32f429xx.o(.text))
<BR>[Address Reference Count : 1]<UL><LI> startup_stm32f429xx.o(RESET)
</UL>
<P><STRONG><a name="[4a]"></a>TIM1_CC_IRQHandler</STRONG> (Thumb, 0 bytes, Stack size 0 bytes, startup_stm32f429xx.o(.text))
<BR>[Address Reference Count : 1]<UL><LI> startup_stm32f429xx.o(RESET)
</UL>
<P><STRONG><a name="[49]"></a>TIM1_TRG_COM_TIM11_IRQHandler</STRONG> (Thumb, 0 bytes, Stack size 0 bytes, startup_stm32f429xx.o(.text))
<BR>[Address Reference Count : 1]<UL><LI> startup_stm32f429xx.o(RESET)
</UL>
<P><STRONG><a name="[48]"></a>TIM1_UP_TIM10_IRQHandler</STRONG> (Thumb, 0 bytes, Stack size 0 bytes, startup_stm32f429xx.o(.text))
<BR>[Address Reference Count : 1]<UL><LI> startup_stm32f429xx.o(RESET)
</UL>
<P><STRONG><a name="[4b]"></a>TIM2_IRQHandler</STRONG> (Thumb, 0 bytes, Stack size 0 bytes, startup_stm32f429xx.o(.text))
<BR>[Address Reference Count : 1]<UL><LI> startup_stm32f429xx.o(RESET)
</UL>
<P><STRONG><a name="[4c]"></a>TIM3_IRQHandler</STRONG> (Thumb, 0 bytes, Stack size 0 bytes, startup_stm32f429xx.o(.text))
<BR>[Address Reference Count : 1]<UL><LI> startup_stm32f429xx.o(RESET)
</UL>
<P><STRONG><a name="[4d]"></a>TIM4_IRQHandler</STRONG> (Thumb, 0 bytes, Stack size 0 bytes, startup_stm32f429xx.o(.text))
<BR>[Address Reference Count : 1]<UL><LI> startup_stm32f429xx.o(RESET)
</UL>
<P><STRONG><a name="[61]"></a>TIM5_IRQHandler</STRONG> (Thumb, 0 bytes, Stack size 0 bytes, startup_stm32f429xx.o(.text))
<BR>[Address Reference Count : 1]<UL><LI> startup_stm32f429xx.o(RESET)
</UL>
<P><STRONG><a name="[65]"></a>TIM6_DAC_IRQHandler</STRONG> (Thumb, 0 bytes, Stack size 0 bytes, startup_stm32f429xx.o(.text))
<BR>[Address Reference Count : 1]<UL><LI> startup_stm32f429xx.o(RESET)
</UL>
<P><STRONG><a name="[66]"></a>TIM7_IRQHandler</STRONG> (Thumb, 0 bytes, Stack size 0 bytes, startup_stm32f429xx.o(.text))
<BR>[Address Reference Count : 1]<UL><LI> startup_stm32f429xx.o(RESET)
</UL>
<P><STRONG><a name="[5a]"></a>TIM8_BRK_TIM12_IRQHandler</STRONG> (Thumb, 0 bytes, Stack size 0 bytes, startup_stm32f429xx.o(.text))
<BR>[Address Reference Count : 1]<UL><LI> startup_stm32f429xx.o(RESET)
</UL>
<P><STRONG><a name="[5d]"></a>TIM8_CC_IRQHandler</STRONG> (Thumb, 0 bytes, Stack size 0 bytes, startup_stm32f429xx.o(.text))
<BR>[Address Reference Count : 1]<UL><LI> startup_stm32f429xx.o(RESET)
</UL>
<P><STRONG><a name="[5c]"></a>TIM8_TRG_COM_TIM14_IRQHandler</STRONG> (Thumb, 0 bytes, Stack size 0 bytes, startup_stm32f429xx.o(.text))
<BR>[Address Reference Count : 1]<UL><LI> startup_stm32f429xx.o(RESET)
</UL>
<P><STRONG><a name="[5b]"></a>TIM8_UP_TIM13_IRQHandler</STRONG> (Thumb, 0 bytes, Stack size 0 bytes, startup_stm32f429xx.o(.text))
<BR>[Address Reference Count : 1]<UL><LI> startup_stm32f429xx.o(RESET)
</UL>
<P><STRONG><a name="[63]"></a>UART4_IRQHandler</STRONG> (Thumb, 0 bytes, Stack size 0 bytes, startup_stm32f429xx.o(.text))
<BR>[Address Reference Count : 1]<UL><LI> startup_stm32f429xx.o(RESET)
</UL>
<P><STRONG><a name="[64]"></a>UART5_IRQHandler</STRONG> (Thumb, 0 bytes, Stack size 0 bytes, startup_stm32f429xx.o(.text))
<BR>[Address Reference Count : 1]<UL><LI> startup_stm32f429xx.o(RESET)
</UL>
<P><STRONG><a name="[80]"></a>UART7_IRQHandler</STRONG> (Thumb, 0 bytes, Stack size 0 bytes, startup_stm32f429xx.o(.text))
<BR>[Address Reference Count : 1]<UL><LI> startup_stm32f429xx.o(RESET)
</UL>
<P><STRONG><a name="[81]"></a>UART8_IRQHandler</STRONG> (Thumb, 0 bytes, Stack size 0 bytes, startup_stm32f429xx.o(.text))
<BR>[Address Reference Count : 1]<UL><LI> startup_stm32f429xx.o(RESET)
</UL>
<P><STRONG><a name="[54]"></a>USART1_IRQHandler</STRONG> (Thumb, 0 bytes, Stack size 0 bytes, startup_stm32f429xx.o(.text))
<BR>[Address Reference Count : 1]<UL><LI> startup_stm32f429xx.o(RESET)
</UL>
<P><STRONG><a name="[55]"></a>USART2_IRQHandler</STRONG> (Thumb, 0 bytes, Stack size 0 bytes, startup_stm32f429xx.o(.text))
<BR>[Address Reference Count : 1]<UL><LI> startup_stm32f429xx.o(RESET)
</UL>
<P><STRONG><a name="[56]"></a>USART3_IRQHandler</STRONG> (Thumb, 0 bytes, Stack size 0 bytes, startup_stm32f429xx.o(.text))
<BR>[Address Reference Count : 1]<UL><LI> startup_stm32f429xx.o(RESET)
</UL>
<P><STRONG><a name="[76]"></a>USART6_IRQHandler</STRONG> (Thumb, 0 bytes, Stack size 0 bytes, startup_stm32f429xx.o(.text))
<BR>[Address Reference Count : 1]<UL><LI> startup_stm32f429xx.o(RESET)
</UL>
<P><STRONG><a name="[2f]"></a>WWDG_IRQHandler</STRONG> (Thumb, 0 bytes, Stack size 0 bytes, startup_stm32f429xx.o(.text))
<BR>[Address Reference Count : 1]<UL><LI> startup_stm32f429xx.o(RESET)
</UL>
<P><STRONG><a name="[18e]"></a>__user_initial_stackheap</STRONG> (Thumb, 0 bytes, Stack size unknown bytes, startup_stm32f429xx.o(.text))
<BR><BR>[Called By]<UL><LI><a href="#[121]">&gt;&gt;</a>&nbsp;&nbsp;&nbsp;__user_setup_stackheap
</UL>

<P><STRONG><a name="[128]"></a>remove</STRONG> (Thumb, 18 bytes, Stack size 16 bytes, sys_remove.o(.text))
<BR><BR>[Stack]<UL><LI>Max Depth = 24<LI>Call Chain = remove &rArr; strlen
</UL>
<BR>[Calls]<UL><LI><a href="#[129]">&gt;&gt;</a>&nbsp;&nbsp;&nbsp;strlen
</UL>
<BR>[Called By]<UL><LI><a href="#[151]">&gt;&gt;</a>&nbsp;&nbsp;&nbsp;_fclose_internal
</UL>

<P><STRONG><a name="[458]"></a>clock</STRONG> (Thumb, 14 bytes, Stack size 0 bytes, sys_clock.o(.text))
<BR><BR>[Called By]<UL><LI><a href="#[2f0]">&gt;&gt;</a>&nbsp;&nbsp;&nbsp;l_randomizePivot
</UL>

<P><STRONG><a name="[11d]"></a>_clock_init</STRONG> (Thumb, 12 bytes, Stack size 0 bytes, sys_clock.o(.text))
<BR><BR>[Called By]<UL><LI><a href="#[11c]">&gt;&gt;</a>&nbsp;&nbsp;&nbsp;__rt_lib_init_clock_2
</UL>

<P><STRONG><a name="[12a]"></a>__rt_ctype_table</STRONG> (Thumb, 16 bytes, Stack size 8 bytes, rt_ctype_table.o(.text))
<BR><BR>[Stack]<UL><LI>Max Depth = 8<LI>Call Chain = __rt_ctype_table
</UL>
<BR>[Calls]<UL><LI><a href="#[114]">&gt;&gt;</a>&nbsp;&nbsp;&nbsp;__rt_locale
</UL>
<BR>[Called By]<UL><LI><a href="#[2f1]">&gt;&gt;</a>&nbsp;&nbsp;&nbsp;b_str2int
<LI><a href="#[53d]">&gt;&gt;</a>&nbsp;&nbsp;&nbsp;match_class
<LI><a href="#[33a]">&gt;&gt;</a>&nbsp;&nbsp;&nbsp;get2digits
<LI><a href="#[339]">&gt;&gt;</a>&nbsp;&nbsp;&nbsp;checkformat
<LI><a href="#[2af]">&gt;&gt;</a>&nbsp;&nbsp;&nbsp;addquoted
<LI><a href="#[292]">&gt;&gt;</a>&nbsp;&nbsp;&nbsp;add_s
<LI><a href="#[130]">&gt;&gt;</a>&nbsp;&nbsp;&nbsp;toupper
<LI><a href="#[12f]">&gt;&gt;</a>&nbsp;&nbsp;&nbsp;tolower
<LI><a href="#[92]">&gt;&gt;</a>&nbsp;&nbsp;&nbsp;isspace
<LI><a href="#[13d]">&gt;&gt;</a>&nbsp;&nbsp;&nbsp;_wcrtomb
</UL>

<P><STRONG><a name="[14c]"></a>__aeabi_errno_addr</STRONG> (Thumb, 8 bytes, Stack size 0 bytes, rt_errno_addr_intlibspace.o(.text))
<BR><BR>[Called By]<UL><LI><a href="#[48e]">&gt;&gt;</a>&nbsp;&nbsp;&nbsp;luaL_loadfilex
<LI><a href="#[3c8]">&gt;&gt;</a>&nbsp;&nbsp;&nbsp;errfile
<LI><a href="#[149]">&gt;&gt;</a>&nbsp;&nbsp;&nbsp;_ftell_internal
<LI><a href="#[169]">&gt;&gt;</a>&nbsp;&nbsp;&nbsp;__set_errno
<LI><a href="#[168]">&gt;&gt;</a>&nbsp;&nbsp;&nbsp;__read_errno
<LI><a href="#[18f]">&gt;&gt;</a>&nbsp;&nbsp;&nbsp;_fp_value
</UL>

<P><STRONG><a name="[5fb]"></a>__errno$intlibspace</STRONG> (Thumb, 0 bytes, Stack size 0 bytes, rt_errno_addr_intlibspace.o(.text), UNUSED)

<P><STRONG><a name="[5fc]"></a>__rt_errno_addr$intlibspace</STRONG> (Thumb, 0 bytes, Stack size 0 bytes, rt_errno_addr_intlibspace.o(.text), UNUSED)

<P><STRONG><a name="[12b]"></a>free</STRONG> (Thumb, 78 bytes, Stack size 16 bytes, h1_free.o(.text))
<BR><BR>[Stack]<UL><LI>Max Depth = 16<LI>Call Chain = free
</UL>
<BR>[Calls]<UL><LI><a href="#[12c]">&gt;&gt;</a>&nbsp;&nbsp;&nbsp;__rt_heap_descriptor
</UL>
<BR>[Called By]<UL><LI><a href="#[151]">&gt;&gt;</a>&nbsp;&nbsp;&nbsp;_fclose_internal
<LI><a href="#[164]">&gt;&gt;</a>&nbsp;&nbsp;&nbsp;__Heap_ProvideMemory
<LI><a href="#[180]">&gt;&gt;</a>&nbsp;&nbsp;&nbsp;_terminateio
</UL>

<P><STRONG><a name="[12e]"></a>__aeabi_uldivmod</STRONG> (Thumb, 0 bytes, Stack size 48 bytes, lludivv7m.o(.text))
<BR><BR>[Stack]<UL><LI>Max Depth = 48<LI>Call Chain = __aeabi_uldivmod
</UL>
<BR>[Called By]<UL><LI><a href="#[20d]">&gt;&gt;</a>&nbsp;&nbsp;&nbsp;HAL_RCC_GetSysClockFreq
<LI><a href="#[43f]">&gt;&gt;</a>&nbsp;&nbsp;&nbsp;hashint
<LI><a href="#[43d]">&gt;&gt;</a>&nbsp;&nbsp;&nbsp;hash_search
<LI><a href="#[12d]">&gt;&gt;</a>&nbsp;&nbsp;&nbsp;_ll_sdiv
<LI><a href="#[400]">&gt;&gt;</a>&nbsp;&nbsp;&nbsp;forprep
</UL>

<P><STRONG><a name="[5fd]"></a>_ll_udiv</STRONG> (Thumb, 238 bytes, Stack size 48 bytes, lludivv7m.o(.text), UNUSED)

<P><STRONG><a name="[19c]"></a>__aeabi_llsl</STRONG> (Thumb, 0 bytes, Stack size 0 bytes, llshl.o(.text))
<BR><BR>[Called By]<UL><LI><a href="#[44b]">&gt;&gt;</a>&nbsp;&nbsp;&nbsp;luaV_shiftl
<LI><a href="#[5a3]">&gt;&gt;</a>&nbsp;&nbsp;&nbsp;unpackint
<LI><a href="#[e0]">&gt;&gt;</a>&nbsp;&nbsp;&nbsp;str_pack
<LI><a href="#[19a]">&gt;&gt;</a>&nbsp;&nbsp;&nbsp;_scanf_really_hex_real
</UL>

<P><STRONG><a name="[5fe]"></a>_ll_shift_l</STRONG> (Thumb, 38 bytes, Stack size 0 bytes, llshl.o(.text), UNUSED)

<P><STRONG><a name="[522]"></a>__aeabi_llsr</STRONG> (Thumb, 0 bytes, Stack size 0 bytes, llushr.o(.text))
<BR><BR>[Called By]<UL><LI><a href="#[44b]">&gt;&gt;</a>&nbsp;&nbsp;&nbsp;luaV_shiftl
</UL>

<P><STRONG><a name="[5ff]"></a>_ll_ushift_r</STRONG> (Thumb, 38 bytes, Stack size 0 bytes, llushr.o(.text), UNUSED)

<P><STRONG><a name="[51f]"></a>__aeabi_ldivmod</STRONG> (Thumb, 0 bytes, Stack size 8 bytes, llsdiv.o(.text))
<BR><BR>[Stack]<UL><LI>Max Depth = 8<LI>Call Chain = __aeabi_ldivmod
</UL>
<BR>[Called By]<UL><LI><a href="#[449]">&gt;&gt;</a>&nbsp;&nbsp;&nbsp;luaV_mod
<LI><a href="#[44a]">&gt;&gt;</a>&nbsp;&nbsp;&nbsp;luaV_idiv
<LI><a href="#[dc]">&gt;&gt;</a>&nbsp;&nbsp;&nbsp;str_rep
</UL>

<P><STRONG><a name="[12d]"></a>_ll_sdiv</STRONG> (Thumb, 72 bytes, Stack size 8 bytes, llsdiv.o(.text), UNUSED)
<BR><BR>[Calls]<UL><LI><a href="#[12e]">&gt;&gt;</a>&nbsp;&nbsp;&nbsp;__aeabi_uldivmod
</UL>

<P><STRONG><a name="[12f]"></a>tolower</STRONG> (Thumb, 26 bytes, Stack size 8 bytes, tolower.o(.text))
<BR><BR>[Stack]<UL><LI>Max Depth = 16<LI>Call Chain = tolower &rArr; __rt_ctype_table
</UL>
<BR>[Calls]<UL><LI><a href="#[12a]">&gt;&gt;</a>&nbsp;&nbsp;&nbsp;__rt_ctype_table
</UL>
<BR>[Called By]<UL><LI><a href="#[da]">&gt;&gt;</a>&nbsp;&nbsp;&nbsp;str_lower
<LI><a href="#[53d]">&gt;&gt;</a>&nbsp;&nbsp;&nbsp;match_class
</UL>

<P><STRONG><a name="[130]"></a>toupper</STRONG> (Thumb, 30 bytes, Stack size 8 bytes, toupper.o(.text))
<BR><BR>[Stack]<UL><LI>Max Depth = 16<LI>Call Chain = toupper &rArr; __rt_ctype_table
</UL>
<BR>[Calls]<UL><LI><a href="#[12a]">&gt;&gt;</a>&nbsp;&nbsp;&nbsp;__rt_ctype_table
</UL>
<BR>[Called By]<UL><LI><a href="#[2f1]">&gt;&gt;</a>&nbsp;&nbsp;&nbsp;b_str2int
<LI><a href="#[df]">&gt;&gt;</a>&nbsp;&nbsp;&nbsp;str_upper
</UL>

<P><STRONG><a name="[131]"></a>__2printf</STRONG> (Thumb, 20 bytes, Stack size 24 bytes, __2printf.o(.text))
<BR><BR>[Stack]<UL><LI>Max Depth = 144 + Unknown Stack Size
<LI>Call Chain = __2printf &rArr; _printf_char_file &rArr; _printf_char_common &rArr; __printf
</UL>
<BR>[Calls]<UL><LI><a href="#[132]">&gt;&gt;</a>&nbsp;&nbsp;&nbsp;_printf_char_file
</UL>
<BR>[Called By]<UL><LI><a href="#[94]">&gt;&gt;</a>&nbsp;&nbsp;&nbsp;StartDefaultTask
<LI><a href="#[97]">&gt;&gt;</a>&nbsp;&nbsp;&nbsp;Preesure_Test_Task
<LI><a href="#[ab]">&gt;&gt;</a>&nbsp;&nbsp;&nbsp;lua_tester
</UL>

<P><STRONG><a name="[133]"></a>__2sprintf</STRONG> (Thumb, 38 bytes, Stack size 32 bytes, __2sprintf.o(.text))
<BR><BR>[Stack]<UL><LI>Max Depth = 136 + Unknown Stack Size
<LI>Call Chain = __2sprintf &rArr; _printf_char_common &rArr; __printf
</UL>
<BR>[Calls]<UL><LI><a href="#[8c]">&gt;&gt;</a>&nbsp;&nbsp;&nbsp;_sputc
<LI><a href="#[134]">&gt;&gt;</a>&nbsp;&nbsp;&nbsp;_printf_char_common
</UL>
<BR>[Called By]<UL><LI><a href="#[95]">&gt;&gt;</a>&nbsp;&nbsp;&nbsp;vTaskLinkUsbCmdProcess
</UL>

<P><STRONG><a name="[135]"></a>__2snprintf</STRONG> (Thumb, 50 bytes, Stack size 40 bytes, __2snprintf.o(.text))
<BR><BR>[Stack]<UL><LI>Max Depth = 144 + Unknown Stack Size
<LI>Call Chain = __2snprintf &rArr; _printf_char_common &rArr; __printf
</UL>
<BR>[Calls]<UL><LI><a href="#[8c]">&gt;&gt;</a>&nbsp;&nbsp;&nbsp;_sputc
<LI><a href="#[134]">&gt;&gt;</a>&nbsp;&nbsp;&nbsp;_printf_char_common
</UL>
<BR>[Called By]<UL><LI><a href="#[4ca]">&gt;&gt;</a>&nbsp;&nbsp;&nbsp;luaO_pushvfstring
<LI><a href="#[2b8]">&gt;&gt;</a>&nbsp;&nbsp;&nbsp;tostringbuff
<LI><a href="#[d6]">&gt;&gt;</a>&nbsp;&nbsp;&nbsp;str_format
<LI><a href="#[2b2]">&gt;&gt;</a>&nbsp;&nbsp;&nbsp;quotefloat
<LI><a href="#[2af]">&gt;&gt;</a>&nbsp;&nbsp;&nbsp;addquoted
<LI><a href="#[2ae]">&gt;&gt;</a>&nbsp;&nbsp;&nbsp;addliteral
</UL>

<P><STRONG><a name="[137]"></a>_printf_pre_padding</STRONG> (Thumb, 44 bytes, Stack size 16 bytes, _printf_pad.o(.text))
[...]
</UL>
<BR>[Calls]<UL><LI><a href="#[47d]">&gt;&gt;</a>&nbsp;&nbsp;&nbsp;loadUpvalues
<LI><a href="#[47b]">&gt;&gt;</a>&nbsp;&nbsp;&nbsp;loadStringN
<LI><a href="#[47e]">&gt;&gt;</a>&nbsp;&nbsp;&nbsp;loadProtos
<LI><a href="#[475]">&gt;&gt;</a>&nbsp;&nbsp;&nbsp;loadInt
<LI><a href="#[47a]">&gt;&gt;</a>&nbsp;&nbsp;&nbsp;loadDebug
<LI><a href="#[478]">&gt;&gt;</a>&nbsp;&nbsp;&nbsp;loadConstants
<LI><a href="#[474]">&gt;&gt;</a>&nbsp;&nbsp;&nbsp;loadCode
<LI><a href="#[31f]">&gt;&gt;</a>&nbsp;&nbsp;&nbsp;loadByte
</UL>
<BR>[Called By]<UL><LI><a href="#[3de]">&gt;&gt;</a>&nbsp;&nbsp;&nbsp;luaU_undump
<LI><a href="#[47e]">&gt;&gt;</a>&nbsp;&nbsp;&nbsp;loadProtos
</UL>

<P><STRONG><a name="[475]"></a>loadInt</STRONG> (Thumb, 16 bytes, Stack size 8 bytes, lundump.o(i.loadInt))
<BR><BR>[Stack]<UL><LI>Max Depth = 1736 + Unknown Stack Size
<LI>Call Chain = loadInt &rArr; loadUnsigned &rArr; loadByte &rArr; error &rArr; luaO_pushfstring &rArr; luaO_pushvfstring &rArr;  luaG_runerror (Cycle)
</UL>
<BR>[Calls]<UL><LI><a href="#[47f]">&gt;&gt;</a>&nbsp;&nbsp;&nbsp;loadUnsigned
</UL>
<BR>[Called By]<UL><LI><a href="#[47d]">&gt;&gt;</a>&nbsp;&nbsp;&nbsp;loadUpvalues
<LI><a href="#[47e]">&gt;&gt;</a>&nbsp;&nbsp;&nbsp;loadProtos
<LI><a href="#[47c]">&gt;&gt;</a>&nbsp;&nbsp;&nbsp;loadFunction
<LI><a href="#[47a]">&gt;&gt;</a>&nbsp;&nbsp;&nbsp;loadDebug
<LI><a href="#[478]">&gt;&gt;</a>&nbsp;&nbsp;&nbsp;loadConstants
<LI><a href="#[474]">&gt;&gt;</a>&nbsp;&nbsp;&nbsp;loadCode
</UL>

<P><STRONG><a name="[322]"></a>loadInteger</STRONG> (Thumb, 20 bytes, Stack size 16 bytes, lundump.o(i.loadInteger))
<BR><BR>[Stack]<UL><LI>Max Depth = 1720 + Unknown Stack Size
<LI>Call Chain = loadInteger &rArr; loadBlock &rArr; error &rArr; luaO_pushfstring &rArr; luaO_pushvfstring &rArr;  luaG_runerror (Cycle)
</UL>
<BR>[Calls]<UL><LI><a href="#[33c]">&gt;&gt;</a>&nbsp;&nbsp;&nbsp;loadBlock
</UL>
<BR>[Called By]<UL><LI><a href="#[478]">&gt;&gt;</a>&nbsp;&nbsp;&nbsp;loadConstants
<LI><a href="#[31d]">&gt;&gt;</a>&nbsp;&nbsp;&nbsp;checkHeader
</UL>

<P><STRONG><a name="[323]"></a>loadNumber</STRONG> (Thumb, 20 bytes, Stack size 16 bytes, lundump.o(i.loadNumber))
<BR><BR>[Stack]<UL><LI>Max Depth = 1720 + Unknown Stack Size
<LI>Call Chain = loadNumber &rArr; loadBlock &rArr; error &rArr; luaO_pushfstring &rArr; luaO_pushvfstring &rArr;  luaG_runerror (Cycle)
</UL>
<BR>[Calls]<UL><LI><a href="#[33c]">&gt;&gt;</a>&nbsp;&nbsp;&nbsp;loadBlock
</UL>
<BR>[Called By]<UL><LI><a href="#[478]">&gt;&gt;</a>&nbsp;&nbsp;&nbsp;loadConstants
<LI><a href="#[31d]">&gt;&gt;</a>&nbsp;&nbsp;&nbsp;checkHeader
</UL>

<P><STRONG><a name="[47e]"></a>loadProtos</STRONG> (Thumb, 146 bytes, Stack size 24 bytes, lundump.o(i.loadProtos))
<BR><BR>[Stack]<UL><LI>Max Depth = 1760 + Unknown Stack Size
 + In Cycle
<LI>Call Chain = loadProtos &rArr;  loadFunction (Cycle)
</UL>
<BR>[Calls]<UL><LI><a href="#[477]">&gt;&gt;</a>&nbsp;&nbsp;&nbsp;luaM_malloc_
<LI><a href="#[2ba]">&gt;&gt;</a>&nbsp;&nbsp;&nbsp;luaF_newproto
<LI><a href="#[2ac]">&gt;&gt;</a>&nbsp;&nbsp;&nbsp;luaC_barrier_
<LI><a href="#[476]">&gt;&gt;</a>&nbsp;&nbsp;&nbsp;luaM_toobig
<LI><a href="#[475]">&gt;&gt;</a>&nbsp;&nbsp;&nbsp;loadInt
<LI><a href="#[47c]">&gt;&gt;</a>&nbsp;&nbsp;&nbsp;loadFunction
</UL>
<BR>[Called By]<UL><LI><a href="#[47c]">&gt;&gt;</a>&nbsp;&nbsp;&nbsp;loadFunction
</UL>

<P><STRONG><a name="[480]"></a>loadSize</STRONG> (Thumb, 16 bytes, Stack size 8 bytes, lundump.o(i.loadSize))
<BR><BR>[Stack]<UL><LI>Max Depth = 1736 + Unknown Stack Size
<LI>Call Chain = loadSize &rArr; loadUnsigned &rArr; loadByte &rArr; error &rArr; luaO_pushfstring &rArr; luaO_pushvfstring &rArr;  luaG_runerror (Cycle)
</UL>
<BR>[Calls]<UL><LI><a href="#[47f]">&gt;&gt;</a>&nbsp;&nbsp;&nbsp;loadUnsigned
</UL>
<BR>[Called By]<UL><LI><a href="#[47b]">&gt;&gt;</a>&nbsp;&nbsp;&nbsp;loadStringN
</UL>

<P><STRONG><a name="[479]"></a>loadString</STRONG> (Thumb, 30 bytes, Stack size 16 bytes, lundump.o(i.loadString))
<BR><BR>[Stack]<UL><LI>Max Depth = 1816 + Unknown Stack Size
<LI>Call Chain = loadString &rArr; loadStringN &rArr; loadSize &rArr; loadUnsigned &rArr; loadByte &rArr; error &rArr; luaO_pushfstring &rArr; luaO_pushvfstring &rArr;  luaG_runerror (Cycle)
</UL>
<BR>[Calls]<UL><LI><a href="#[47b]">&gt;&gt;</a>&nbsp;&nbsp;&nbsp;loadStringN
<LI><a href="#[320]">&gt;&gt;</a>&nbsp;&nbsp;&nbsp;error
</UL>
<BR>[Called By]<UL><LI><a href="#[478]">&gt;&gt;</a>&nbsp;&nbsp;&nbsp;loadConstants
</UL>

<P><STRONG><a name="[47b]"></a>loadStringN</STRONG> (Thumb, 146 bytes, Stack size 64 bytes, lundump.o(i.loadStringN))
<BR><BR>[Stack]<UL><LI>Max Depth = 1800 + Unknown Stack Size
<LI>Call Chain = loadStringN &rArr; loadSize &rArr; loadUnsigned &rArr; loadByte &rArr; error &rArr; luaO_pushfstring &rArr; luaO_pushvfstring &rArr;  luaG_runerror (Cycle)
</UL>
<BR>[Calls]<UL><LI><a href="#[482]">&gt;&gt;</a>&nbsp;&nbsp;&nbsp;luaD_inctop
<LI><a href="#[30b]">&gt;&gt;</a>&nbsp;&nbsp;&nbsp;luaS_newlstr
<LI><a href="#[2ac]">&gt;&gt;</a>&nbsp;&nbsp;&nbsp;luaC_barrier_
<LI><a href="#[481]">&gt;&gt;</a>&nbsp;&nbsp;&nbsp;luaS_createlngstrobj
<LI><a href="#[480]">&gt;&gt;</a>&nbsp;&nbsp;&nbsp;loadSize
<LI><a href="#[33c]">&gt;&gt;</a>&nbsp;&nbsp;&nbsp;loadBlock
</UL>
<BR>[Called By]<UL><LI><a href="#[479]">&gt;&gt;</a>&nbsp;&nbsp;&nbsp;loadString
<LI><a href="#[47c]">&gt;&gt;</a>&nbsp;&nbsp;&nbsp;loadFunction
<LI><a href="#[47a]">&gt;&gt;</a>&nbsp;&nbsp;&nbsp;loadDebug
</UL>

<P><STRONG><a name="[47f]"></a>loadUnsigned</STRONG> (Thumb, 56 bytes, Stack size 24 bytes, lundump.o(i.loadUnsigned))
<BR><BR>[Stack]<UL><LI>Max Depth = 1728 + Unknown Stack Size
<LI>Call Chain = loadUnsigned &rArr; loadByte &rArr; error &rArr; luaO_pushfstring &rArr; luaO_pushvfstring &rArr;  luaG_runerror (Cycle)
</UL>
<BR>[Calls]<UL><LI><a href="#[31f]">&gt;&gt;</a>&nbsp;&nbsp;&nbsp;loadByte
<LI><a href="#[320]">&gt;&gt;</a>&nbsp;&nbsp;&nbsp;error
</UL>
<BR>[Called By]<UL><LI><a href="#[480]">&gt;&gt;</a>&nbsp;&nbsp;&nbsp;loadSize
<LI><a href="#[475]">&gt;&gt;</a>&nbsp;&nbsp;&nbsp;loadInt
</UL>

<P><STRONG><a name="[47d]"></a>loadUpvalues</STRONG> (Thumb, 122 bytes, Stack size 24 bytes, lundump.o(i.loadUpvalues))
<BR><BR>[Stack]<UL><LI>Max Depth = 1760 + Unknown Stack Size
<LI>Call Chain = loadUpvalues &rArr; loadInt &rArr; loadUnsigned &rArr; loadByte &rArr; error &rArr; luaO_pushfstring &rArr; luaO_pushvfstring &rArr;  luaG_runerror (Cycle)
</UL>
<BR>[Calls]<UL><LI><a href="#[477]">&gt;&gt;</a>&nbsp;&nbsp;&nbsp;luaM_malloc_
<LI><a href="#[476]">&gt;&gt;</a>&nbsp;&nbsp;&nbsp;luaM_toobig
<LI><a href="#[475]">&gt;&gt;</a>&nbsp;&nbsp;&nbsp;loadInt
<LI><a href="#[31f]">&gt;&gt;</a>&nbsp;&nbsp;&nbsp;loadByte
</UL>
<BR>[Called By]<UL><LI><a href="#[47c]">&gt;&gt;</a>&nbsp;&nbsp;&nbsp;loadFunction
</UL>

<P><STRONG><a name="[214]"></a>LEfloatint</STRONG> (Thumb, 132 bytes, Stack size 40 bytes, lvm.o(i.LEfloatint))
<BR><BR>[Stack]<UL><LI>Max Depth = 128<LI>Call Chain = LEfloatint &rArr; luaV_flttointeger &rArr; __hardfp_floor &rArr; __aeabi_cdrcmple
</UL>
<BR>[Calls]<UL><LI><a href="#[217]">&gt;&gt;</a>&nbsp;&nbsp;&nbsp;luaV_flttointeger
<LI><a href="#[216]">&gt;&gt;</a>&nbsp;&nbsp;&nbsp;__aeabi_cdrcmple
<LI><a href="#[218]">&gt;&gt;</a>&nbsp;&nbsp;&nbsp;__aeabi_cdcmple
<LI><a href="#[215]">&gt;&gt;</a>&nbsp;&nbsp;&nbsp;__aeabi_l2d
</UL>
<BR>[Called By]<UL><LI><a href="#[21a]">&gt;&gt;</a>&nbsp;&nbsp;&nbsp;LEnum
</UL>

<P><STRONG><a name="[219]"></a>LEintfloat</STRONG> (Thumb, 130 bytes, Stack size 40 bytes, lvm.o(i.LEintfloat))
<BR><BR>[Stack]<UL><LI>Max Depth = 128<LI>Call Chain = LEintfloat &rArr; luaV_flttointeger &rArr; __hardfp_floor &rArr; __aeabi_cdrcmple
</UL>
<BR>[Calls]<UL><LI><a href="#[217]">&gt;&gt;</a>&nbsp;&nbsp;&nbsp;luaV_flttointeger
<LI><a href="#[216]">&gt;&gt;</a>&nbsp;&nbsp;&nbsp;__aeabi_cdrcmple
<LI><a href="#[218]">&gt;&gt;</a>&nbsp;&nbsp;&nbsp;__aeabi_cdcmple
<LI><a href="#[215]">&gt;&gt;</a>&nbsp;&nbsp;&nbsp;__aeabi_l2d
</UL>
<BR>[Called By]<UL><LI><a href="#[21a]">&gt;&gt;</a>&nbsp;&nbsp;&nbsp;LEnum
</UL>

<P><STRONG><a name="[21a]"></a>LEnum</STRONG> (Thumb, 146 bytes, Stack size 32 bytes, lvm.o(i.LEnum))
<BR><BR>[Stack]<UL><LI>Max Depth = 160<LI>Call Chain = LEnum &rArr; LEintfloat &rArr; luaV_flttointeger &rArr; __hardfp_floor &rArr; __aeabi_cdrcmple
</UL>
<BR>[Calls]<UL><LI><a href="#[219]">&gt;&gt;</a>&nbsp;&nbsp;&nbsp;LEintfloat
<LI><a href="#[214]">&gt;&gt;</a>&nbsp;&nbsp;&nbsp;LEfloatint
<LI><a href="#[218]">&gt;&gt;</a>&nbsp;&nbsp;&nbsp;__aeabi_cdcmple
</UL>
<BR>[Called By]<UL><LI><a href="#[318]">&gt;&gt;</a>&nbsp;&nbsp;&nbsp;luaV_execute
<LI><a href="#[520]">&gt;&gt;</a>&nbsp;&nbsp;&nbsp;luaV_lessequal
</UL>

<P><STRONG><a name="[21b]"></a>LTfloatint</STRONG> (Thumb, 130 bytes, Stack size 40 bytes, lvm.o(i.LTfloatint))
<BR><BR>[Stack]<UL><LI>Max Depth = 128<LI>Call Chain = LTfloatint &rArr; luaV_flttointeger &rArr; __hardfp_floor &rArr; __aeabi_cdrcmple
</UL>
<BR>[Calls]<UL><LI><a href="#[217]">&gt;&gt;</a>&nbsp;&nbsp;&nbsp;luaV_flttointeger
<LI><a href="#[216]">&gt;&gt;</a>&nbsp;&nbsp;&nbsp;__aeabi_cdrcmple
<LI><a href="#[218]">&gt;&gt;</a>&nbsp;&nbsp;&nbsp;__aeabi_cdcmple
<LI><a href="#[215]">&gt;&gt;</a>&nbsp;&nbsp;&nbsp;__aeabi_l2d
</UL>
<BR>[Called By]<UL><LI><a href="#[21d]">&gt;&gt;</a>&nbsp;&nbsp;&nbsp;LTnum
</UL>

<P><STRONG><a name="[21c]"></a>LTintfloat</STRONG> (Thumb, 132 bytes, Stack size 40 bytes, lvm.o(i.LTintfloat))
<BR><BR>[Stack]<UL><LI>Max Depth = 128<LI>Call Chain = LTintfloat &rArr; luaV_flttointeger &rArr; __hardfp_floor &rArr; __aeabi_cdrcmple
</UL>
<BR>[Calls]<UL><LI><a href="#[217]">&gt;&gt;</a>&nbsp;&nbsp;&nbsp;luaV_flttointeger
<LI><a href="#[216]">&gt;&gt;</a>&nbsp;&nbsp;&nbsp;__aeabi_cdrcmple
<LI><a href="#[218]">&gt;&gt;</a>&nbsp;&nbsp;&nbsp;__aeabi_cdcmple
<LI><a href="#[215]">&gt;&gt;</a>&nbsp;&nbsp;&nbsp;__aeabi_l2d
</UL>
<BR>[Called By]<UL><LI><a href="#[21d]">&gt;&gt;</a>&nbsp;&nbsp;&nbsp;LTnum
</UL>

<P><STRONG><a name="[21d]"></a>LTnum</STRONG> (Thumb, 148 bytes, Stack size 32 bytes, lvm.o(i.LTnum))
<BR><BR>[Stack]<UL><LI>Max Depth = 160<LI>Call Chain = LTnum &rArr; LTintfloat &rArr; luaV_flttointeger &rArr; __hardfp_floor &rArr; __aeabi_cdrcmple
</UL>
<BR>[Calls]<UL><LI><a href="#[21c]">&gt;&gt;</a>&nbsp;&nbsp;&nbsp;LTintfloat
<LI><a href="#[21b]">&gt;&gt;</a>&nbsp;&nbsp;&nbsp;LTfloatint
<LI><a href="#[218]">&gt;&gt;</a>&nbsp;&nbsp;&nbsp;__aeabi_cdcmple
</UL>
<BR>[Called By]<UL><LI><a href="#[318]">&gt;&gt;</a>&nbsp;&nbsp;&nbsp;luaV_execute
<LI><a href="#[521]">&gt;&gt;</a>&nbsp;&nbsp;&nbsp;luaV_lessthan
</UL>

<P><STRONG><a name="[394]"></a>copy2buff</STRONG> (Thumb, 62 bytes, Stack size 32 bytes, lvm.o(i.copy2buff))
<BR><BR>[Stack]<UL><LI>Max Depth = 32<LI>Call Chain = copy2buff
</UL>
<BR>[Calls]<UL><LI><a href="#[198]">&gt;&gt;</a>&nbsp;&nbsp;&nbsp;__aeabi_memcpy
</UL>
<BR>[Called By]<UL><LI><a href="#[51b]">&gt;&gt;</a>&nbsp;&nbsp;&nbsp;luaV_concat
</UL>

<P><STRONG><a name="[3f6]"></a>floatforloop</STRONG> (Thumb, 150 bytes, Stack size 32 bytes, lvm.o(i.floatforloop))
<BR><BR>[Stack]<UL><LI>Max Depth = 64<LI>Call Chain = floatforloop &rArr; __aeabi_cdcmple
</UL>
<BR>[Calls]<UL><LI><a href="#[218]">&gt;&gt;</a>&nbsp;&nbsp;&nbsp;__aeabi_cdcmple
<LI><a href="#[27c]">&gt;&gt;</a>&nbsp;&nbsp;&nbsp;__aeabi_dadd
</UL>
<BR>[Called By]<UL><LI><a href="#[318]">&gt;&gt;</a>&nbsp;&nbsp;&nbsp;luaV_execute
</UL>

<P><STRONG><a name="[3f8]"></a>forlimit</STRONG> (Thumb, 218 bytes, Stack size 40 bytes, lvm.o(i.forlimit))
<BR><BR>[Stack]<UL><LI>Max Depth = 864<LI>Call Chain = forlimit &rArr; luaG_forerror &rArr;  luaG_runerror (Cycle)
</UL>
<BR>[Calls]<UL><LI><a href="#[3fb]">&gt;&gt;</a>&nbsp;&nbsp;&nbsp;luaG_forerror
<LI><a href="#[3fa]">&gt;&gt;</a>&nbsp;&nbsp;&nbsp;luaV_tonumber_
<LI><a href="#[3f9]">&gt;&gt;</a>&nbsp;&nbsp;&nbsp;luaV_tointeger
<LI><a href="#[218]">&gt;&gt;</a>&nbsp;&nbsp;&nbsp;__aeabi_cdcmple
</UL>
<BR>[Called By]<UL><LI><a href="#[400]">&gt;&gt;</a>&nbsp;&nbsp;&nbsp;forprep
</UL>

<P><STRONG><a name="[400]"></a>forprep</STRONG> (Thumb, 516 bytes, Stack size 72 bytes, lvm.o(i.forprep))
<BR><BR>[Stack]<UL><LI>Max Depth = 936 + In Cycle
<LI>Call Chain = forprep &rArr;  luaG_runerror (Cycle)
</UL>
<BR>[Calls]<UL><LI><a href="#[335]">&gt;&gt;</a>&nbsp;&nbsp;&nbsp;luaG_runerror
<LI><a href="#[3fb]">&gt;&gt;</a>&nbsp;&nbsp;&nbsp;luaG_forerror
<LI><a href="#[3fa]">&gt;&gt;</a>&nbsp;&nbsp;&nbsp;luaV_tonumber_
<LI><a href="#[12e]">&gt;&gt;</a>&nbsp;&nbsp;&nbsp;__aeabi_uldivmod
<LI><a href="#[3f8]">&gt;&gt;</a>&nbsp;&nbsp;&nbsp;forlimit
<LI><a href="#[218]">&gt;&gt;</a>&nbsp;&nbsp;&nbsp;__aeabi_cdcmple
<LI><a href="#[279]">&gt;&gt;</a>&nbsp;&nbsp;&nbsp;__aeabi_cdcmpeq
</UL>
<BR>[Called By]<UL><LI><a href="#[318]">&gt;&gt;</a>&nbsp;&nbsp;&nbsp;luaV_execute
</UL>

<P><STRONG><a name="[45f]"></a>l_strcmp</STRONG> (Thumb, 138 bytes, Stack size 40 bytes, lvm.o(i.l_strcmp))
<BR><BR>[Stack]<UL><LI>Max Depth = 56<LI>Call Chain = l_strcmp &rArr; strcoll
</UL>
<BR>[Calls]<UL><LI><a href="#[129]">&gt;&gt;</a>&nbsp;&nbsp;&nbsp;strlen
<LI><a href="#[15d]">&gt;&gt;</a>&nbsp;&nbsp;&nbsp;strcoll
</UL>
<BR>[Called By]<UL><LI><a href="#[46a]">&gt;&gt;</a>&nbsp;&nbsp;&nbsp;lessthanothers
<LI><a href="#[468]">&gt;&gt;</a>&nbsp;&nbsp;&nbsp;lessequalothers
</UL>

<P><STRONG><a name="[460]"></a>l_strton</STRONG> (Thumb, 60 bytes, Stack size 16 bytes, lvm.o(i.l_strton))
<BR><BR>[Stack]<UL><LI>Max Depth = 756<LI>Call Chain = l_strton &rArr; luaO_str2num &rArr; l_str2d &rArr; l_str2dloc &rArr; __hardfp_strtod &rArr; __strtod_int &rArr; _local_sscanf &rArr; _scanf_real &rArr; _scanf_really_real &rArr; _fp_value &rArr; _btod_etento &rArr; _btod_emul &rArr; _e2e
</UL>
<BR>[Calls]<UL><LI><a href="#[461]">&gt;&gt;</a>&nbsp;&nbsp;&nbsp;luaO_str2num
</UL>
<BR>[Called By]<UL><LI><a href="#[3fa]">&gt;&gt;</a>&nbsp;&nbsp;&nbsp;luaV_tonumber_
<LI><a href="#[3f9]">&gt;&gt;</a>&nbsp;&nbsp;&nbsp;luaV_tointeger
</UL>

<P><STRONG><a name="[468]"></a>lessequalothers</STRONG> (Thumb, 62 bytes, Stack size 16 bytes, lvm.o(i.lessequalothers))
<BR><BR>[Stack]<UL><LI>Max Depth = 864<LI>Call Chain = lessequalothers &rArr; luaT_callorderTM &rArr;  callbinTM (Cycle)
</UL>
<BR>[Calls]<UL><LI><a href="#[469]">&gt;&gt;</a>&nbsp;&nbsp;&nbsp;luaT_callorderTM
<LI><a href="#[45f]">&gt;&gt;</a>&nbsp;&nbsp;&nbsp;l_strcmp
</UL>
<BR>[Called By]<UL><LI><a href="#[318]">&gt;&gt;</a>&nbsp;&nbsp;&nbsp;luaV_execute
<LI><a href="#[520]">&gt;&gt;</a>&nbsp;&nbsp;&nbsp;luaV_lessequal
</UL>

<P><STRONG><a name="[46a]"></a>lessthanothers</STRONG> (Thumb, 54 bytes, Stack size 16 bytes, lvm.o(i.lessthanothers))
<BR><BR>[Stack]<UL><LI>Max Depth = 864<LI>Call Chain = lessthanothers &rArr; luaT_callorderTM &rArr;  callbinTM (Cycle)
</UL>
<BR>[Calls]<UL><LI><a href="#[469]">&gt;&gt;</a>&nbsp;&nbsp;&nbsp;luaT_callorderTM
<LI><a href="#[45f]">&gt;&gt;</a>&nbsp;&nbsp;&nbsp;l_strcmp
</UL>
<BR>[Called By]<UL><LI><a href="#[318]">&gt;&gt;</a>&nbsp;&nbsp;&nbsp;luaV_execute
<LI><a href="#[521]">&gt;&gt;</a>&nbsp;&nbsp;&nbsp;luaV_lessthan
</UL>

<P><STRONG><a name="[51e]"></a>pushclosure</STRONG> (Thumb, 152 bytes, Stack size 56 bytes, lvm.o(i.pushclosure))
<BR><BR>[Stack]<UL><LI>Max Depth = 760<LI>Call Chain = pushclosure &rArr; luaF_findupval &rArr; newupval &rArr; luaC_newobj &rArr; luaC_newobjdt &rArr; luaM_malloc_ &rArr; luaD_throw &rArr;  luaD_throw (Cycle)
</UL>
<BR>[Calls]<UL><LI><a href="#[4bd]">&gt;&gt;</a>&nbsp;&nbsp;&nbsp;luaF_newLclosure
<LI><a href="#[4ba]">&gt;&gt;</a>&nbsp;&nbsp;&nbsp;luaF_findupval
<LI><a href="#[2ac]">&gt;&gt;</a>&nbsp;&nbsp;&nbsp;luaC_barrier_
</UL>
<BR>[Called By]<UL><LI><a href="#[318]">&gt;&gt;</a>&nbsp;&nbsp;&nbsp;luaV_execute
</UL>

<P><STRONG><a name="[23a]"></a>_DoInit</STRONG> (Thumb, 74 bytes, Stack size 8 bytes, segger_rtt.o(i._DoInit))
<BR><BR>[Stack]<UL><LI>Max Depth = 20<LI>Call Chain = _DoInit &rArr; strcpy
</UL>
<BR>[Calls]<UL><LI><a href="#[276]">&gt;&gt;</a>&nbsp;&nbsp;&nbsp;strcpy
</UL>
<BR>[Called By]<UL><LI><a href="#[23c]">&gt;&gt;</a>&nbsp;&nbsp;&nbsp;SEGGER_RTT_TerminalOut
<LI><a href="#[23b]">&gt;&gt;</a>&nbsp;&nbsp;&nbsp;SEGGER_RTT_PutChar
<LI><a href="#[239]">&gt;&gt;</a>&nbsp;&nbsp;&nbsp;SEGGER_RTT_Init
</UL>

<P><STRONG><a name="[23d]"></a>_GetAvailWriteSpace</STRONG> (Thumb, 28 bytes, Stack size 8 bytes, segger_rtt.o(i._GetAvailWriteSpace))
<BR><BR>[Stack]<UL><LI>Max Depth = 8<LI>Call Chain = _GetAvailWriteSpace
</UL>
<BR>[Called By]<UL><LI><a href="#[23c]">&gt;&gt;</a>&nbsp;&nbsp;&nbsp;SEGGER_RTT_TerminalOut
</UL>

<P><STRONG><a name="[23e]"></a>_PostTerminalSwitch</STRONG> (Thumb, 32 bytes, Stack size 16 bytes, segger_rtt.o(i._PostTerminalSwitch))
<BR><BR>[Stack]<UL><LI>Max Depth = 48<LI>Call Chain = _PostTerminalSwitch &rArr; _WriteBlocking
</UL>
<BR>[Calls]<UL><LI><a href="#[23f]">&gt;&gt;</a>&nbsp;&nbsp;&nbsp;_WriteBlocking
</UL>
<BR>[Called By]<UL><LI><a href="#[23c]">&gt;&gt;</a>&nbsp;&nbsp;&nbsp;SEGGER_RTT_TerminalOut
</UL>

<P><STRONG><a name="[23f]"></a>_WriteBlocking</STRONG> (Thumb, 114 bytes, Stack size 32 bytes, segger_rtt.o(i._WriteBlocking))
<BR><BR>[Stack]<UL><LI>Max Depth = 32<LI>Call Chain = _WriteBlocking
</UL>
<BR>[Calls]<UL><LI><a href="#[198]">&gt;&gt;</a>&nbsp;&nbsp;&nbsp;__aeabi_memcpy
</UL>
<BR>[Called By]<UL><LI><a href="#[23c]">&gt;&gt;</a>&nbsp;&nbsp;&nbsp;SEGGER_RTT_TerminalOut
<LI><a href="#[23e]">&gt;&gt;</a>&nbsp;&nbsp;&nbsp;_PostTerminalSwitch
</UL>

<P><STRONG><a name="[5d3]"></a>_dadd1</STRONG> (Thumb, 0 bytes, Stack size unknown bytes, daddsub_clz.o(x$fpl$dadd), UNUSED)
<BR><BR>[Called By]<UL><LI><a href="#[5d4]">&gt;&gt;</a>&nbsp;&nbsp;&nbsp;_dsub
<LI><a href="#[5d2]">&gt;&gt;</a>&nbsp;&nbsp;&nbsp;_drsb
</UL>

<P><STRONG><a name="[5c7]"></a>_dsub1</STRONG> (Thumb, 0 bytes, Stack size unknown bytes, daddsub_clz.o(x$fpl$dsub), UNUSED)
<BR><BR>[Called By]<UL><LI><a href="#[5d2]">&gt;&gt;</a>&nbsp;&nbsp;&nbsp;_drsb
<LI><a href="#[5c6]">&gt;&gt;</a>&nbsp;&nbsp;&nbsp;_dadd
</UL>

<P><STRONG><a name="[16a]"></a>_fp_digits</STRONG> (Thumb, 432 bytes, Stack size 96 bytes, _printf_fp_dec.o(.text))
<BR><BR>[Stack]<UL><LI>Max Depth = 220<LI>Call Chain = _fp_digits &rArr; _btod_etento &rArr; _btod_emul &rArr; _e2e
</UL>
<BR>[Calls]<UL><LI><a href="#[13e]">&gt;&gt;</a>&nbsp;&nbsp;&nbsp;_ll_udiv10
<LI><a href="#[16e]">&gt;&gt;</a>&nbsp;&nbsp;&nbsp;_btod_emul
<LI><a href="#[16d]">&gt;&gt;</a>&nbsp;&nbsp;&nbsp;_btod_ediv
<LI><a href="#[16c]">&gt;&gt;</a>&nbsp;&nbsp;&nbsp;_btod_d2e
<LI><a href="#[16b]">&gt;&gt;</a>&nbsp;&nbsp;&nbsp;_btod_etento
</UL>
<BR>[Called By]<UL><LI><a href="#[16f]">&gt;&gt;</a>&nbsp;&nbsp;&nbsp;_printf_fp_dec_real
</UL>

<P><STRONG><a name="[8e]"></a>_printf_input_char</STRONG> (Thumb, 10 bytes, Stack size 0 bytes, _printf_char_common.o(.text))
<BR>[Address Reference Count : 1]<UL><LI> _printf_char_common.o(.text)
</UL>
<P><STRONG><a name="[177]"></a>_local_sscanf</STRONG> (Thumb, 60 bytes, Stack size 56 bytes, strtod.o(.text))
<BR><BR>[Stack]<UL><LI>Max Depth = 396<LI>Call Chain = _local_sscanf &rArr; _scanf_real &rArr; _scanf_really_real &rArr; _fp_value &rArr; _btod_etento &rArr; _btod_emul &rArr; _e2e
</UL>
<BR>[Calls]<UL><LI><a href="#[178]">&gt;&gt;</a>&nbsp;&nbsp;&nbsp;_scanf_real
</UL>
<BR>[Called By]<UL><LI><a href="#[179]">&gt;&gt;</a>&nbsp;&nbsp;&nbsp;__strtod_int
</UL>

<P><STRONG><a name="[18f]"></a>_fp_value</STRONG> (Thumb, 588 bytes, Stack size 96 bytes, scanf_fp.o(.text))
<BR><BR>[Stack]<UL><LI>Max Depth = 220<LI>Call Chain = _fp_value &rArr; _btod_etento &rArr; _btod_emul &rArr; _e2e
</UL>
<BR>[Calls]<UL><LI><a href="#[14c]">&gt;&gt;</a>&nbsp;&nbsp;&nbsp;__aeabi_errno_addr
<LI><a href="#[190]">&gt;&gt;</a>&nbsp;&nbsp;&nbsp;_btod_emuld
<LI><a href="#[191]">&gt;&gt;</a>&nbsp;&nbsp;&nbsp;_btod_edivd
<LI><a href="#[16b]">&gt;&gt;</a>&nbsp;&nbsp;&nbsp;_btod_etento
<LI><a href="#[4]">&gt;&gt;</a>&nbsp;&nbsp;&nbsp;__ieee_status
</UL>
<BR>[Called By]<UL><LI><a href="#[192]">&gt;&gt;</a>&nbsp;&nbsp;&nbsp;_scanf_really_real
</UL>
<P>
<H3>
Undefined Global Symbols
</H3><HR></body></html>
