Component: ARM Compiler 5.06 update 6 (build 750) Tool: armlink [4d35ed]

==============================================================================

Section Cross References

    startup_stm32f429xx.o(STACK) refers (Special) to heapauxi.o(.text) for __use_two_region_memory
    startup_stm32f429xx.o(HEAP) refers (Special) to heapauxi.o(.text) for __use_two_region_memory
    startup_stm32f429xx.o(RESET) refers (Special) to heapauxi.o(.text) for __use_two_region_memory
    startup_stm32f429xx.o(RESET) refers to startup_stm32f429xx.o(STACK) for __initial_sp
    startup_stm32f429xx.o(RESET) refers to startup_stm32f429xx.o(.text) for Reset_Handler
    startup_stm32f429xx.o(RESET) refers to stm32f4xx_it.o(i.NMI_Handler) for NMI_Handler
    startup_stm32f429xx.o(RESET) refers to stm32f4xx_it.o(i.HardFault_Handler) for HardFault_Handler
    startup_stm32f429xx.o(RESET) refers to stm32f4xx_it.o(i.MemManage_Handler) for MemManage_Handler
    startup_stm32f429xx.o(RESET) refers to stm32f4xx_it.o(i.BusFault_Handler) for BusFault_Handler
    startup_stm32f429xx.o(RESET) refers to stm32f4xx_it.o(i.UsageFault_Handler) for UsageFault_Handler
    startup_stm32f429xx.o(RESET) refers to port.o(.emb_text) for SVC_Handler
    startup_stm32f429xx.o(RESET) refers to stm32f4xx_it.o(i.DebugMon_Handler) for DebugMon_Handler
    startup_stm32f429xx.o(RESET) refers to stm32f4xx_it.o(i.SysTick_Handler) for SysTick_Handler
    startup_stm32f429xx.o(RESET) refers to stm32f4xx_it.o(i.DMA2_Stream0_IRQHandler) for DMA2_Stream0_IRQHandler
    startup_stm32f429xx.o(RESET) refers to stm32f4xx_it.o(i.OTG_HS_EP1_OUT_IRQHandler) for OTG_HS_EP1_OUT_IRQHandler
    startup_stm32f429xx.o(RESET) refers to stm32f4xx_it.o(i.OTG_HS_EP1_IN_IRQHandler) for OTG_HS_EP1_IN_IRQHandler
    startup_stm32f429xx.o(RESET) refers to stm32f4xx_it.o(i.OTG_HS_IRQHandler) for OTG_HS_IRQHandler
    startup_stm32f429xx.o(.text) refers (Special) to heapauxi.o(.text) for __use_two_region_memory
    startup_stm32f429xx.o(.text) refers to system_stm32f4xx.o(i.SystemInit) for SystemInit
    startup_stm32f429xx.o(.text) refers to __main.o(!!!main) for __main
    startup_stm32f429xx.o(.text) refers to startup_stm32f429xx.o(HEAP) for Heap_Mem
    startup_stm32f429xx.o(.text) refers to startup_stm32f429xx.o(STACK) for Stack_Mem
    main.o(i.SystemClock_Config) refers to rt_memclr_w.o(.text) for __aeabi_memclr4
    main.o(i.SystemClock_Config) refers to stm32f4xx_hal_rcc.o(i.HAL_RCC_OscConfig) for HAL_RCC_OscConfig
    main.o(i.SystemClock_Config) refers to main.o(i.Error_Handler) for Error_Handler
    main.o(i.SystemClock_Config) refers to stm32f4xx_hal_rcc.o(i.HAL_RCC_ClockConfig) for HAL_RCC_ClockConfig
    main.o(i.main) refers to stm32f4xx_hal.o(i.HAL_Init) for HAL_Init
    main.o(i.main) refers to main.o(i.SystemClock_Config) for SystemClock_Config
    main.o(i.main) refers to gpio.o(i.MX_GPIO_Init) for MX_GPIO_Init
    main.o(i.main) refers to dma.o(i.MX_DMA_Init) for MX_DMA_Init
    main.o(i.main) refers to adc.o(i.MX_ADC3_Init) for MX_ADC3_Init
    main.o(i.main) refers to spi.o(i.MX_SPI1_Init) for MX_SPI1_Init
    main.o(i.main) refers to cmsis_os2.o(i.osKernelInitialize) for osKernelInitialize
    main.o(i.main) refers to freertos.o(i.MX_FREERTOS_Init) for MX_FREERTOS_Init
    main.o(i.main) refers to cmsis_os2.o(i.osKernelStart) for osKernelStart
    freertos.o(i.AddHostCmdtoQueue) refers to cmsis_os2.o(i.osMessageQueuePut) for osMessageQueuePut
    freertos.o(i.AddHostCmdtoQueue) refers to freertos.o(.data) for xQueueLinkUsbRecvCmdHandle
    freertos.o(i.AddMsgToBuff) refers to tasks.o(i.xTaskGetTickCount) for xTaskGetTickCount
    freertos.o(i.AddMsgToBuff) refers to cmsis_os2.o(i.osMutexAcquire) for osMutexAcquire
    freertos.o(i.AddMsgToBuff) refers to rt_memcpy_v6.o(.text) for __aeabi_memcpy
    freertos.o(i.AddMsgToBuff) refers to cmsis_os2.o(i.osMutexRelease) for osMutexRelease
    freertos.o(i.AddMsgToBuff) refers to freertos.o(.data) for USB_TX_pktSn
    freertos.o(i.MX_FREERTOS_Init) refers to cmsis_os2.o(i.osMutexNew) for osMutexNew
    freertos.o(i.MX_FREERTOS_Init) refers to cmsis_os2.o(i.osMessageQueueNew) for osMessageQueueNew
    freertos.o(i.MX_FREERTOS_Init) refers to cmsis_os2.o(i.osThreadNew) for osThreadNew
    freertos.o(i.MX_FREERTOS_Init) refers to freertos.o(.constdata) for xMutexMsgBuff_attributes
    freertos.o(i.MX_FREERTOS_Init) refers to freertos.o(.data) for xMutexMsgBuffHandle
    freertos.o(i.MX_FREERTOS_Init) refers to freertos.o(i.StartDefaultTask) for StartDefaultTask
    freertos.o(i.MX_FREERTOS_Init) refers to freertos.o(i.vTaskLinkUsbCmdProcess) for vTaskLinkUsbCmdProcess
    freertos.o(i.MX_FREERTOS_Init) refers to freertos.o(i.vTaskSendMsgToHost) for vTaskSendMsgToHost
    freertos.o(i.Report_MSG) refers to strlen.o(.text) for strlen
    freertos.o(i.Report_MSG) refers to freertos.o(i.AddMsgToBuff) for AddMsgToBuff
    freertos.o(i.StartDefaultTask) refers to usb_device.o(i.MX_USB_DEVICE_Init) for MX_USB_DEVICE_Init
[...]
    FLASH_IRQHandler                         0x0800038b   Thumb Code     0  startup_stm32f429xx.o(.text)
    FMC_IRQHandler                           0x0800038b   Thumb Code     0  startup_stm32f429xx.o(.text)
    FPU_IRQHandler                           0x0800038b   Thumb Code     0  startup_stm32f429xx.o(.text)
    HASH_RNG_IRQHandler                      0x0800038b   Thumb Code     0  startup_stm32f429xx.o(.text)
    I2C1_ER_IRQHandler                       0x0800038b   Thumb Code     0  startup_stm32f429xx.o(.text)
    I2C1_EV_IRQHandler                       0x0800038b   Thumb Code     0  startup_stm32f429xx.o(.text)
    I2C2_ER_IRQHandler                       0x0800038b   Thumb Code     0  startup_stm32f429xx.o(.text)
    I2C2_EV_IRQHandler                       0x0800038b   Thumb Code     0  startup_stm32f429xx.o(.text)
    I2C3_ER_IRQHandler                       0x0800038b   Thumb Code     0  startup_stm32f429xx.o(.text)
    I2C3_EV_IRQHandler                       0x0800038b   Thumb Code     0  startup_stm32f429xx.o(.text)
    LTDC_ER_IRQHandler                       0x0800038b   Thumb Code     0  startup_stm32f429xx.o(.text)
    LTDC_IRQHandler                          0x0800038b   Thumb Code     0  startup_stm32f429xx.o(.text)
    OTG_FS_IRQHandler                        0x0800038b   Thumb Code     0  startup_stm32f429xx.o(.text)
    OTG_FS_WKUP_IRQHandler                   0x0800038b   Thumb Code     0  startup_stm32f429xx.o(.text)
    OTG_HS_WKUP_IRQHandler                   0x0800038b   Thumb Code     0  startup_stm32f429xx.o(.text)
    PVD_IRQHandler                           0x0800038b   Thumb Code     0  startup_stm32f429xx.o(.text)
    RCC_IRQHandler                           0x0800038b   Thumb Code     0  startup_stm32f429xx.o(.text)
    RTC_Alarm_IRQHandler                     0x0800038b   Thumb Code     0  startup_stm32f429xx.o(.text)
    RTC_WKUP_IRQHandler                      0x0800038b   Thumb Code     0  startup_stm32f429xx.o(.text)
    SAI1_IRQHandler                          0x0800038b   Thumb Code     0  startup_stm32f429xx.o(.text)
    SDIO_IRQHandler                          0x0800038b   Thumb Code     0  startup_stm32f429xx.o(.text)
    SPI1_IRQHandler                          0x0800038b   Thumb Code     0  startup_stm32f429xx.o(.text)
    SPI2_IRQHandler                          0x0800038b   Thumb Code     0  startup_stm32f429xx.o(.text)
    SPI3_IRQHandler                          0x0800038b   Thumb Code     0  startup_stm32f429xx.o(.text)
    SPI4_IRQHandler                          0x0800038b   Thumb Code     0  startup_stm32f429xx.o(.text)
    SPI5_IRQHandler                          0x0800038b   Thumb Code     0  startup_stm32f429xx.o(.text)
    SPI6_IRQHandler                          0x0800038b   Thumb Code     0  startup_stm32f429xx.o(.text)
    TAMP_STAMP_IRQHandler                    0x0800038b   Thumb Code     0  startup_stm32f429xx.o(.text)
    TIM1_BRK_TIM9_IRQHandler                 0x0800038b   Thumb Code     0  startup_stm32f429xx.o(.text)
    TIM1_CC_IRQHandler                       0x0800038b   Thumb Code     0  startup_stm32f429xx.o(.text)
    TIM1_TRG_COM_TIM11_IRQHandler            0x0800038b   Thumb Code     0  startup_stm32f429xx.o(.text)
    TIM1_UP_TIM10_IRQHandler                 0x0800038b   Thumb Code     0  startup_stm32f429xx.o(.text)
    TIM2_IRQHandler                          0x0800038b   Thumb Code     0  startup_stm32f429xx.o(.text)
    TIM3_IRQHandler                          0x0800038b   Thumb Code     0  startup_stm32f429xx.o(.text)
    TIM4_IRQHandler                          0x0800038b   Thumb Code     0  startup_stm32f429xx.o(.text)
    TIM5_IRQHandler                          0x0800038b   Thumb Code     0  startup_stm32f429xx.o(.text)
    TIM6_DAC_IRQHandler                      0x0800038b   Thumb Code     0  startup_stm32f429xx.o(.text)
    TIM7_IRQHandler                          0x0800038b   Thumb Code     0  startup_stm32f429xx.o(.text)
    TIM8_BRK_TIM12_IRQHandler                0x0800038b   Thumb Code     0  startup_stm32f429xx.o(.text)
    TIM8_CC_IRQHandler                       0x0800038b   Thumb Code     0  startup_stm32f429xx.o(.text)
    TIM8_TRG_COM_TIM14_IRQHandler            0x0800038b   Thumb Code     0  startup_stm32f429xx.o(.text)
    TIM8_UP_TIM13_IRQHandler                 0x0800038b   Thumb Code     0  startup_stm32f429xx.o(.text)
    UART4_IRQHandler                         0x0800038b   Thumb Code     0  startup_stm32f429xx.o(.text)
    UART5_IRQHandler                         0x0800038b   Thumb Code     0  startup_stm32f429xx.o(.text)
    UART7_IRQHandler                         0x0800038b   Thumb Code     0  startup_stm32f429xx.o(.text)
    UART8_IRQHandler                         0x0800038b   Thumb Code     0  startup_stm32f429xx.o(.text)
    USART1_IRQHandler                        0x0800038b   Thumb Code     0  startup_stm32f429xx.o(.text)
    USART2_IRQHandler                        0x0800038b   Thumb Code     0  startup_stm32f429xx.o(.text)
    USART3_IRQHandler                        0x0800038b   Thumb Code     0  startup_stm32f429xx.o(.text)
    USART6_IRQHandler                        0x0800038b   Thumb Code     0  startup_stm32f429xx.o(.text)
    WWDG_IRQHandler                          0x0800038b   Thumb Code     0  startup_stm32f429xx.o(.text)
    __user_initial_stackheap                 0x0800038d   Thumb Code     0  startup_stm32f429xx.o(.text)
    __aeabi_uldivmod                         0x080003b1   Thumb Code     0  lludivv7m.o(.text)
    _ll_udiv                                 0x080003b1   Thumb Code   238  lludivv7m.o(.text)
    __2sprintf                               0x080004a1   Thumb Code    34  noretval__2sprintf.o(.text)
    __printf                                 0x080004c9   Thumb Code   104  __printf.o(.text)
    _printf_int_hex                          0x08000531   Thumb Code    84  _printf_hex_int.o(.text)
    _printf_longlong_hex                     0x08000531   Thumb Code     0  _printf_hex_int.o(.text)
    strlen                                   0x08000589   Thumb Code    62  strlen.o(.text)
    __aeabi_memcpy                           0x080005c7   Thumb Code     0  rt_memcpy_v6.o(.text)
    __rt_memcpy                              0x080005c7   Thumb Code   138  rt_memcpy_v6.o(.text)
    _memcpy_lastbytes                        0x0800062d   Thumb Code     0  rt_memcpy_v6.o(.text)
    __aeabi_memset                           0x08000651   Thumb Code    16  aeabi_memset.o(.text)
    __aeabi_memclr4                          0x08000661   Thumb Code     0  rt_memclr_w.o(.text)
    __aeabi_memclr8                          0x08000661   Thumb Code     0  rt_memclr_w.o(.text)
    __rt_memclr_w                            0x08000661   Thumb Code    78  rt_memclr_w.o(.text)
    _memset_w                                0x08000665   Thumb Code     0  rt_memclr_w.o(.text)
    __use_two_region_memory                  0x080006af   Thumb Code     2  heapauxi.o(.text)
    __rt_heap_escrow$2region                 0x080006b1   Thumb Code     2  heapauxi.o(.text)
    __rt_heap_expand$2region                 0x080006b3   Thumb Code     2  heapauxi.o(.text)
    _printf_int_common                       0x080006b5   Thumb Code   178  _printf_intcommon.o(.text)
    _printf_char_common                      0x08000773   Thumb Code    32  _printf_char_common.o(.text)
    _sputc                                   0x08000799   Thumb Code    10  _sputc.o(.text)
    __aeabi_memcpy4                          0x080007a3   Thumb Code     0  rt_memcpy_w.o(.text)
    __aeabi_memcpy8                          0x080007a3   Thumb Code     0  rt_memcpy_w.o(.text)
    __rt_memcpy_w                            0x080007a3   Thumb Code   100  rt_memcpy_w.o(.text)
    _memcpy_lastbytes_aligned                0x080007eb   Thumb Code     0  rt_memcpy_w.o(.text)
    __aeabi_memclr                           0x08000807   Thumb Code     0  rt_memclr.o(.text)
    __rt_memclr                              0x08000807   Thumb Code    68  rt_memclr.o(.text)
    _memset                                  0x0800080b   Thumb Code     0  rt_memclr.o(.text)
    __user_setup_stackheap                   0x0800084b   Thumb Code    74  sys_stackheap_outer.o(.text)
    exit                                     0x08000895   Thumb Code    18  exit.o(.text)
    __user_libspace                          0x080008a9   Thumb Code     8  libspace.o(.text)
    __user_perproc_libspace                  0x080008a9   Thumb Code     0  libspace.o(.text)
    __user_perthread_libspace                0x080008a9   Thumb Code     0  libspace.o(.text)
    _sys_exit                                0x080008b1   Thumb Code     8  sys_exit.o(.text)
    __I$use$semihosting                      0x080008bd   Thumb Code     0  use_no_semi.o(.text)
    __use_no_semihosting_swi                 0x080008bd   Thumb Code     2  use_no_semi.o(.text)
    __semihosting_library_function           0x080008bf   Thumb Code     0  indicate_semi.o(.text)
    AddHostCmdtoQueue                        0x08000a21   Thumb Code    68  freertos.o(i.AddHostCmdtoQueue)
    BusFault_Handler                         0x08000b05   Thumb Code     4  stm32f4xx_it.o(i.BusFault_Handler)
    CDC_Transmit_HS                          0x08000bd5   Thumb Code    54  usbd_cdc_if.o(i.CDC_Transmit_HS)
    DMA2_Stream0_IRQHandler                  0x08000c11   Thumb Code    10  stm32f4xx_it.o(i.DMA2_Stream0_IRQHandler)
    DebugMon_Handler                         0x08000cff   Thumb Code     2  stm32f4xx_it.o(i.DebugMon_Handler)
    Error_Handler                            0x08000d01   Thumb Code     6  main.o(i.Error_Handler)
    HAL_ADC_ConfigChannel                    0x08000d2d   Thumb Code   400  stm32f4xx_hal_adc.o(i.HAL_ADC_ConfigChannel)
    HAL_ADC_Init                             0x08000ed1   Thumb Code   100  stm32f4xx_hal_adc.o(i.HAL_ADC_Init)
    HAL_ADC_MspInit                          0x08000f39   Thumb Code   190  adc.o(i.HAL_ADC_MspInit)
    HAL_DMA_IRQHandler                       0x0800100d   Thumb Code   570  stm32f4xx_hal_dma.o(i.HAL_DMA_IRQHandler)
    HAL_DMA_Init                             0x0800124d   Thumb Code   232  stm32f4xx_hal_dma.o(i.HAL_DMA_Init)
    HAL_Delay                                0x08001339   Thumb Code    36  stm32f4xx_hal.o(i.HAL_Delay)
    HAL_GPIO_Init                            0x08001361   Thumb Code   474  stm32f4xx_hal_gpio.o(i.HAL_GPIO_Init)
    HAL_GetTick                              0x08001571   Thumb Code     6  stm32f4xx_hal.o(i.HAL_GetTick)
    HAL_IncTick                              0x0800157d   Thumb Code    16  stm32f4xx_hal.o(i.HAL_IncTick)
    HAL_Init                                 0x08001595   Thumb Code    54  stm32f4xx_hal.o(i.HAL_Init)
    HAL_InitTick                             0x080015d1   Thumb Code    64  stm32f4xx_hal.o(i.HAL_InitTick)
    HAL_MspInit                              0x0800161d   Thumb Code    78  stm32f4xx_hal_msp.o(i.HAL_MspInit)
    HAL_NVIC_EnableIRQ                       0x08001671   Thumb Code    40  stm32f4xx_hal_cortex.o(i.HAL_NVIC_EnableIRQ)
    HAL_NVIC_SetPriority                     0x08001699   Thumb Code   124  stm32f4xx_hal_cortex.o(i.HAL_NVIC_SetPriority)
    HAL_NVIC_SetPriorityGrouping             0x08001715   Thumb Code    32  stm32f4xx_hal_cortex.o(i.HAL_NVIC_SetPriorityGrouping)
    HAL_PCDEx_LPM_Callback                   0x0800173d   Thumb Code     2  stm32f4xx_hal_pcd_ex.o(i.HAL_PCDEx_LPM_Callback)
    HAL_PCDEx_SetRxFiFo                      0x0800173f   Thumb Code    10  stm32f4xx_hal_pcd_ex.o(i.HAL_PCDEx_SetRxFiFo)
    HAL_PCDEx_SetTxFiFo                      0x08001749   Thumb Code    78  stm32f4xx_hal_pcd_ex.o(i.HAL_PCDEx_SetTxFiFo)
    HAL_PCD_ConnectCallback                  0x08001797   Thumb Code    14  usbd_conf.o(i.HAL_PCD_ConnectCallback)
    HAL_PCD_DataInStageCallback              0x080017a5   Thumb Code    32  usbd_conf.o(i.HAL_PCD_DataInStageCallback)
    HAL_PCD_DataOutStageCallback             0x080017c5   Thumb Code    32  usbd_conf.o(i.HAL_PCD_DataOutStageCallback)
    HAL_PCD_DisconnectCallback               0x080017e5   Thumb Code    14  usbd_conf.o(i.HAL_PCD_DisconnectCallback)
    HAL_PCD_EP_Abort                         0x080017f3   Thumb Code    66  stm32f4xx_hal_pcd.o(i.HAL_PCD_EP_Abort)
    HAL_PCD_EP_Close                         0x08001835   Thumb Code   106  stm32f4xx_hal_pcd.o(i.HAL_PCD_EP_Close)
    HAL_PCD_EP_ClrStall                      0x0800189f   Thumb Code   124  stm32f4xx_hal_pcd.o(i.HAL_PCD_EP_ClrStall)
    HAL_PCD_EP_GetRxCount                    0x0800191b   Thumb Code    22  stm32f4xx_hal_pcd.o(i.HAL_PCD_EP_GetRxCount)
    HAL_PCD_EP_Open                          0x08001931   Thumb Code   140  stm32f4xx_hal_pcd.o(i.HAL_PCD_EP_Open)
    HAL_PCD_EP_Receive                       0x080019bd   Thumb Code    70  stm32f4xx_hal_pcd.o(i.HAL_PCD_EP_Receive)
    HAL_PCD_EP_SetStall                      0x08001a03   Thumb Code   138  stm32f4xx_hal_pcd.o(i.HAL_PCD_EP_SetStall)
    HAL_PCD_EP_Transmit                      0x08001a8d   Thumb Code    72  stm32f4xx_hal_pcd.o(i.HAL_PCD_EP_Transmit)
    HAL_PCD_IRQHandler                       0x08001ad5   Thumb Code  1738  stm32f4xx_hal_pcd.o(i.HAL_PCD_IRQHandler)
    HAL_PCD_ISOINIncompleteCallback          0x0800219f   Thumb Code    18  usbd_conf.o(i.HAL_PCD_ISOINIncompleteCallback)
    HAL_PCD_ISOOUTIncompleteCallback         0x080021b1   Thumb Code    18  usbd_conf.o(i.HAL_PCD_ISOOUTIncompleteCallback)
    HAL_PCD_Init                             0x080021c3   Thumb Code   350  stm32f4xx_hal_pcd.o(i.HAL_PCD_Init)
    HAL_PCD_MspInit                          0x08002321   Thumb Code   168  usbd_conf.o(i.HAL_PCD_MspInit)
    HAL_PCD_ResetCallback                    0x080023d5   Thumb Code    48  usbd_conf.o(i.HAL_PCD_ResetCallback)
    HAL_PCD_ResumeCallback                   0x08002405   Thumb Code    14  usbd_conf.o(i.HAL_PCD_ResumeCallback)
    HAL_PCD_SOFCallback                      0x08002413   Thumb Code    14  usbd_conf.o(i.HAL_PCD_SOFCallback)
    HAL_PCD_SetAddress                       0x08002421   Thumb Code    52  stm32f4xx_hal_pcd.o(i.HAL_PCD_SetAddress)
    HAL_PCD_SetupStageCallback               0x08002455   Thumb Code    18  usbd_conf.o(i.HAL_PCD_SetupStageCallback)
    HAL_PCD_Start                            0x08002467   Thumb Code    76  stm32f4xx_hal_pcd.o(i.HAL_PCD_Start)
    HAL_PCD_SuspendCallback                  0x080024b5   Thumb Code    46  usbd_conf.o(i.HAL_PCD_SuspendCallback)
    HAL_RCC_ClockConfig                      0x080024e9   Thumb Code   368  stm32f4xx_hal_rcc.o(i.HAL_RCC_ClockConfig)
    HAL_RCC_GetHCLKFreq                      0x0800266d   Thumb Code     6  stm32f4xx_hal_rcc.o(i.HAL_RCC_GetHCLKFreq)
    HAL_RCC_GetSysClockFreq                  0x08002679   Thumb Code   162  stm32f4xx_hal_rcc.o(i.HAL_RCC_GetSysClockFreq)
    HAL_RCC_OscConfig                        0x08002729   Thumb Code  1172  stm32f4xx_hal_rcc.o(i.HAL_RCC_OscConfig)
    HAL_SPI_Init                             0x08002bc5   Thumb Code   222  stm32f4xx_hal_spi.o(i.HAL_SPI_Init)
    HAL_SPI_MspInit                          0x08002ca5   Thumb Code   122  spi.o(i.HAL_SPI_MspInit)
    HAL_SYSTICK_Config                       0x08002d2d   Thumb Code    52  stm32f4xx_hal_cortex.o(i.HAL_SYSTICK_Config)
    HardFault_Handler                        0x08002d61   Thumb Code     4  stm32f4xx_it.o(i.HardFault_Handler)
    MX_ADC3_Init                             0x08002da5   Thumb Code   250  adc.o(i.MX_ADC3_Init)
    MX_DMA_Init                              0x08002ead   Thumb Code    52  dma.o(i.MX_DMA_Init)
    MX_FREERTOS_Init                         0x08002ee5   Thumb Code    70  freertos.o(i.MX_FREERTOS_Init)
    MX_GPIO_Init                             0x08002f61   Thumb Code   156  gpio.o(i.MX_GPIO_Init)
    MX_SPI1_Init                             0x08003001   Thumb Code    72  spi.o(i.MX_SPI1_Init)
    MX_USB_DEVICE_Init                       0x08003051   Thumb Code    60  usb_device.o(i.MX_USB_DEVICE_Init)
    MemManage_Handler                        0x0800309d   Thumb Code     4  stm32f4xx_it.o(i.MemManage_Handler)
    NMI_Handler                              0x080030a1   Thumb Code     4  stm32f4xx_it.o(i.NMI_Handler)
    OTG_HS_EP1_IN_IRQHandler                 0x080030a5   Thumb Code    10  stm32f4xx_it.o(i.OTG_HS_EP1_IN_IRQHandler)
    OTG_HS_EP1_OUT_IRQHandler                0x080030b5   Thumb Code    10  stm32f4xx_it.o(i.OTG_HS_EP1_OUT_IRQHandler)
    OTG_HS_IRQHandler                        0x080030c5   Thumb Code    10  stm32f4xx_it.o(i.OTG_HS_IRQHandler)
    Report_MSG                               0x08003333   Thumb Code    28  freertos.o(i.Report_MSG)
    StartDefaultTask                         0x08003361   Thumb Code    14  freertos.o(i.StartDefaultTask)
    SysTick_Handler                          0x0800336f   Thumb Code    20  stm32f4xx_it.o(i.SysTick_Handler)
    SystemClock_Config                       0x08003385   Thumb Code   174  main.o(i.SystemClock_Config)
    SystemInit                               0x0800343d   Thumb Code    14  system_stm32f4xx.o(i.SystemInit)
    USBD_CDC_GetDeviceQualifierDescriptor    0x080036b1   Thumb Code    10  usbd_cdc.o(i.USBD_CDC_GetDeviceQualifierDescriptor)
    USBD_CDC_ReceivePacket                   0x080039ad   Thumb Code    72  usbd_cdc.o(i.USBD_CDC_ReceivePacket)
    USBD_CDC_RegisterInterface               0x080039f5   Thumb Code    24  usbd_cdc.o(i.USBD_CDC_RegisterInterface)
    USBD_CDC_SetRxBuffer                     0x08003a0d   Thumb Code    30  usbd_cdc.o(i.USBD_CDC_SetRxBuffer)
    USBD_CDC_SetTxBuffer                     0x08003a2b   Thumb Code    36  usbd_cdc.o(i.USBD_CDC_SetTxBuffer)
    USBD_CDC_TransmitPacket                  0x08003b8f   Thumb Code    86  usbd_cdc.o(i.USBD_CDC_TransmitPacket)
    USBD_ClrClassConfig                      0x08003be5   Thumb Code    28  usbd_core.o(i.USBD_ClrClassConfig)
    USBD_CoreFindEP                          0x08003c3f   Thumb Code     6  usbd_core.o(i.USBD_CoreFindEP)
    USBD_CoreFindIF                          0x08003c45   Thumb Code     6  usbd_core.o(i.USBD_CoreFindIF)
    USBD_CtlContinueRx                       0x08003c4b   Thumb Code    24  usbd_ioreq.o(i.USBD_CtlContinueRx)
    USBD_CtlContinueSendData                 0x08003c63   Thumb Code    24  usbd_ioreq.o(i.USBD_CtlContinueSendData)
    USBD_CtlError                            0x08003c7b   Thumb Code    24  usbd_ctlreq.o(i.USBD_CtlError)
    USBD_CtlPrepareRx                        0x08003c93   Thumb Code    40  usbd_ioreq.o(i.USBD_CtlPrepareRx)
    USBD_CtlReceiveStatus                    0x08003cbb   Thumb Code    26  usbd_ioreq.o(i.USBD_CtlReceiveStatus)
    USBD_CtlSendData                         0x08003cd5   Thumb Code    34  usbd_ioreq.o(i.USBD_CtlSendData)
    USBD_CtlSendStatus                       0x08003cf7   Thumb Code    26  usbd_ioreq.o(i.USBD_CtlSendStatus)
    USBD_GetEpDesc                           0x08003f81   Thumb Code    80  usbd_core.o(i.USBD_GetEpDesc)
    USBD_GetNextDesc                         0x08003fe7   Thumb Code    20  usbd_core.o(i.USBD_GetNextDesc)
    USBD_GetString                           0x08004055   Thumb Code    84  usbd_ctlreq.o(i.USBD_GetString)
    USBD_Get_USB_Status                      0x080040a9   Thumb Code    44  usbd_conf.o(i.USBD_Get_USB_Status)
    USBD_HS_ConfigStrDescriptor              0x080040d5   Thumb Code    34  usbd_desc.o(i.USBD_HS_ConfigStrDescriptor)
    USBD_HS_DeviceDescriptor                 0x0800410d   Thumb Code    10  usbd_desc.o(i.USBD_HS_DeviceDescriptor)
    USBD_HS_InterfaceStrDescriptor           0x0800411d   Thumb Code    34  usbd_desc.o(i.USBD_HS_InterfaceStrDescriptor)
    USBD_HS_LangIDStrDescriptor              0x08004159   Thumb Code    10  usbd_desc.o(i.USBD_HS_LangIDStrDescriptor)
    USBD_HS_ManufacturerStrDescriptor        0x08004169   Thumb Code    20  usbd_desc.o(i.USBD_HS_ManufacturerStrDescriptor)
    USBD_HS_ProductStrDescriptor             0x08004195   Thumb Code    34  usbd_desc.o(i.USBD_HS_ProductStrDescriptor)
    USBD_HS_SerialStrDescriptor              0x080041c5   Thumb Code    18  usbd_desc.o(i.USBD_HS_SerialStrDescriptor)
    USBD_Init                                0x080041dd   Thumb Code    58  usbd_core.o(i.USBD_Init)
    USBD_LL_ClearStallEP                     0x08004217   Thumb Code    38  usbd_conf.o(i.USBD_LL_ClearStallEP)
    USBD_LL_CloseEP                          0x0800423d   Thumb Code    38  usbd_conf.o(i.USBD_LL_CloseEP)
    USBD_LL_DataInStage                      0x08004263   Thumb Code   264  usbd_core.o(i.USBD_LL_DataInStage)
    USBD_LL_DataOutStage                     0x0800436b   Thumb Code   258  usbd_core.o(i.USBD_LL_DataOutStage)
    USBD_LL_DevConnected                     0x0800446d   Thumb Code     6  usbd_core.o(i.USBD_LL_DevConnected)
    USBD_LL_DevDisconnected                  0x08004473   Thumb Code    38  usbd_core.o(i.USBD_LL_DevDisconnected)
    USBD_LL_GetRxDataSize                    0x08004499   Thumb Code    18  usbd_conf.o(i.USBD_LL_GetRxDataSize)
    USBD_LL_Init                             0x080044ad   Thumb Code   128  usbd_conf.o(i.USBD_LL_Init)
    USBD_LL_IsStallEP                        0x08004535   Thumb Code    56  usbd_conf.o(i.USBD_LL_IsStallEP)
    USBD_LL_IsoINIncomplete                  0x0800456d   Thumb Code    72  usbd_core.o(i.USBD_LL_IsoINIncomplete)
    USBD_LL_IsoOUTIncomplete                 0x080045b5   Thumb Code    72  usbd_core.o(i.USBD_LL_IsoOUTIncomplete)
    USBD_LL_OpenEP                           0x080045fd   Thumb Code    48  usbd_conf.o(i.USBD_LL_OpenEP)
    USBD_LL_PrepareReceive                   0x0800462d   Thumb Code    48  usbd_conf.o(i.USBD_LL_PrepareReceive)
    USBD_LL_Reset                            0x0800465d   Thumb Code   108  usbd_core.o(i.USBD_LL_Reset)
    USBD_LL_Resume                           0x080046c9   Thumb Code    22  usbd_core.o(i.USBD_LL_Resume)
    USBD_LL_SOF                              0x080046df   Thumb Code    40  usbd_core.o(i.USBD_LL_SOF)
    USBD_LL_SetSpeed                         0x08004707   Thumb Code     8  usbd_core.o(i.USBD_LL_SetSpeed)
    USBD_LL_SetUSBAddress                    0x0800470f   Thumb Code    38  usbd_conf.o(i.USBD_LL_SetUSBAddress)
    USBD_LL_SetupStage                       0x08004735   Thumb Code   118  usbd_core.o(i.USBD_LL_SetupStage)
    USBD_LL_StallEP                          0x080047ab   Thumb Code    38  usbd_conf.o(i.USBD_LL_StallEP)
    USBD_LL_Start                            0x080047d1   Thumb Code    30  usbd_conf.o(i.USBD_LL_Start)
    USBD_LL_Suspend                          0x080047ef   Thumb Code    28  usbd_core.o(i.USBD_LL_Suspend)
    USBD_LL_Transmit                         0x0800480b   Thumb Code    48  usbd_conf.o(i.USBD_LL_Transmit)
    USBD_ParseSetupRequest                   0x0800483b   Thumb Code    54  usbd_ctlreq.o(i.USBD_ParseSetupRequest)
    USBD_RegisterClass                       0x08004871   Thumb Code    72  usbd_core.o(i.USBD_RegisterClass)
    USBD_RunTestMode                         0x080048b9   Thumb Code     6  usbd_core.o(i.USBD_RunTestMode)
    USBD_SetClassConfig                      0x08004919   Thumb Code    32  usbd_core.o(i.USBD_SetClassConfig)
    USBD_Start                               0x08004a75   Thumb Code    12  usbd_core.o(i.USBD_Start)
    USBD_StdDevReq                           0x08004a81   Thumb Code   160  usbd_ctlreq.o(i.USBD_StdDevReq)
    USBD_StdEPReq                            0x08004b21   Thumb Code   640  usbd_ctlreq.o(i.USBD_StdEPReq)
    USBD_StdItfReq                           0x08004da1   Thumb Code   188  usbd_ctlreq.o(i.USBD_StdItfReq)
    USBD_WinUSBOSFeatureDescriptor           0x08004ec5   Thumb Code    10  usbd_desc.o(i.USBD_WinUSBOSFeatureDescriptor)
    USBD_WinUSBOSPropertyDescriptor          0x08004ed5   Thumb Code    10  usbd_desc.o(i.USBD_WinUSBOSPropertyDescriptor)
    USBD_WinUSBOSStrDescriptor               0x08004ee5   Thumb Code    18  usbd_desc.o(i.USBD_WinUSBOSStrDescriptor)
    USBD_static_free                         0x08004f01   Thumb Code     2  usbd_conf.o(i.USBD_static_free)
    USBD_static_malloc                       0x08004f05   Thumb Code     6  usbd_conf.o(i.USBD_static_malloc)
    USB_ActivateEndpoint                     0x08004f11   Thumb Code   202  stm32f4xx_ll_usb.o(i.USB_ActivateEndpoint)
    USB_ActivateSetup                        0x08004fe1   Thumb Code    40  stm32f4xx_ll_usb.o(i.USB_ActivateSetup)
    USB_CoreInit                             0x08005009   Thumb Code   136  stm32f4xx_ll_usb.o(i.USB_CoreInit)
    USB_DeactivateEndpoint                   0x080050e9   Thumb Code   318  stm32f4xx_ll_usb.o(i.USB_DeactivateEndpoint)
    USB_DevConnect                           0x08005235   Thumb Code    36  stm32f4xx_ll_usb.o(i.USB_DevConnect)
    USB_DevDisconnect                        0x08005259   Thumb Code    36  stm32f4xx_ll_usb.o(i.USB_DevDisconnect)
    USB_DevInit                              0x0800527d   Thumb Code   480  stm32f4xx_ll_usb.o(i.USB_DevInit)
    USB_DisableGlobalInt                     0x08005465   Thumb Code    14  stm32f4xx_ll_usb.o(i.USB_DisableGlobalInt)
    USB_EP0_OutStart                         0x08005475   Thumb Code   106  stm32f4xx_ll_usb.o(i.USB_EP0_OutStart)
    USB_EPClearStall                         0x080054e5   Thumb Code   142  stm32f4xx_ll_usb.o(i.USB_EPClearStall)
    USB_EPSetStall                           0x08005573   Thumb Code   154  stm32f4xx_ll_usb.o(i.USB_EPSetStall)
    USB_EPStartXfer                          0x0800560d   Thumb Code   944  stm32f4xx_ll_usb.o(i.USB_EPStartXfer)
    USB_EPStopXfer                           0x080059c1   Thumb Code   236  stm32f4xx_ll_usb.o(i.USB_EPStopXfer)
    USB_EnableGlobalInt                      0x08005aad   Thumb Code    14  stm32f4xx_ll_usb.o(i.USB_EnableGlobalInt)
    USB_FlushRxFifo                          0x08005abb   Thumb Code    80  stm32f4xx_ll_usb.o(i.USB_FlushRxFifo)
    USB_FlushTxFifo                          0x08005b0b   Thumb Code    84  stm32f4xx_ll_usb.o(i.USB_FlushTxFifo)
    USB_GetDevSpeed                          0x08005b5f   Thumb Code    38  stm32f4xx_ll_usb.o(i.USB_GetDevSpeed)
    USB_GetMode                              0x08005b85   Thumb Code    10  stm32f4xx_ll_usb.o(i.USB_GetMode)
    USB_ReadDevAllInEpInterrupt              0x08005b8f   Thumb Code    20  stm32f4xx_ll_usb.o(i.USB_ReadDevAllInEpInterrupt)
    USB_ReadDevAllOutEpInterrupt             0x08005ba3   Thumb Code    20  stm32f4xx_ll_usb.o(i.USB_ReadDevAllOutEpInterrupt)
    USB_ReadDevInEPInterrupt                 0x08005bb7   Thumb Code    50  stm32f4xx_ll_usb.o(i.USB_ReadDevInEPInterrupt)
    USB_ReadDevOutEPInterrupt                0x08005be9   Thumb Code    26  stm32f4xx_ll_usb.o(i.USB_ReadDevOutEPInterrupt)
    USB_ReadInterrupts                       0x08005c03   Thumb Code    10  stm32f4xx_ll_usb.o(i.USB_ReadInterrupts)
    USB_ReadPacket                           0x08005c0d   Thumb Code    96  stm32f4xx_ll_usb.o(i.USB_ReadPacket)
    USB_SetCurrentMode                       0x08005c6d   Thumb Code   104  stm32f4xx_ll_usb.o(i.USB_SetCurrentMode)
    USB_SetDevAddress                        0x08005cd5   Thumb Code    42  stm32f4xx_ll_usb.o(i.USB_SetDevAddress)
    USB_SetDevSpeed                          0x08005cff   Thumb Code    18  stm32f4xx_ll_usb.o(i.USB_SetDevSpeed)
    USB_SetTurnaroundTime                    0x08005d11   Thumb Code   192  stm32f4xx_ll_usb.o(i.USB_SetTurnaroundTime)
    USB_WritePacket                          0x08005df9   Thumb Code    68  stm32f4xx_ll_usb.o(i.USB_WritePacket)
    UsageFault_Handler                       0x08005e3d   Thumb Code     4  stm32f4xx_it.o(i.UsageFault_Handler)
    main                                     0x08005e7f   Thumb Code    40  main.o(i.main)
    osDelay                                  0x08005ea7   Thumb Code    30  cmsis_os2.o(i.osDelay)
    osKernelInitialize                       0x08005ec5   Thumb Code    38  cmsis_os2.o(i.osKernelInitialize)
    osKernelStart                            0x08005ef1   Thumb Code    82  cmsis_os2.o(i.osKernelStart)
    osMessageQueueGet                        0x08005f51   Thumb Code   124  cmsis_os2.o(i.osMessageQueueGet)
    osMessageQueueNew                        0x08005fd1   Thumb Code   154  cmsis_os2.o(i.osMessageQueueNew)
    osMessageQueuePut                        0x0800606d   Thumb Code   128  cmsis_os2.o(i.osMessageQueuePut)
    osMutexAcquire                           0x080060f1   Thumb Code    98  cmsis_os2.o(i.osMutexAcquire)
    osMutexNew                               0x08006153   Thumb Code   178  cmsis_os2.o(i.osMutexNew)
    osMutexRelease                           0x08006205   Thumb Code    78  cmsis_os2.o(i.osMutexRelease)
    osThreadNew                              0x08006253   Thumb Code   184  cmsis_os2.o(i.osThreadNew)
    pvPortMalloc                             0x08006d65   Thumb Code   306  heap_4.o(i.pvPortMalloc)
    pvTaskIncrementMutexHeldCount            0x08006eb1   Thumb Code    26  tasks.o(i.pvTaskIncrementMutexHeldCount)
    pxPortInitialiseStack                    0x08006ed1   Thumb Code    38  port.o(i.pxPortInitialiseStack)
    uxListRemove                             0x08006efd   Thumb Code    40  list.o(i.uxListRemove)
    vApplicationGetIdleTaskMemory            0x08006f25   Thumb Code    14  cmsis_os2.o(i.vApplicationGetIdleTaskMemory)
    vApplicationGetTimerTaskMemory           0x08006f3d   Thumb Code    16  cmsis_os2.o(i.vApplicationGetTimerTaskMemory)
    vListInitialise                          0x08006f55   Thumb Code    26  list.o(i.vListInitialise)
    vListInitialiseItem                      0x08006f6f   Thumb Code     6  list.o(i.vListInitialiseItem)
    vListInsert                              0x08006f75   Thumb Code    52  list.o(i.vListInsert)
    vListInsertEnd                           0x08006fa9   Thumb Code    24  list.o(i.vListInsertEnd)
    vPortEnterCritical                       0x08006fc1   Thumb Code    76  port.o(i.vPortEnterCritical)
    vPortExitCritical                        0x08007015   Thumb Code    56  port.o(i.vPortExitCritical)
    vPortFree                                0x08007051   Thumb Code   150  heap_4.o(i.vPortFree)
    vPortSetupTimerInterrupt                 0x080070f5   Thumb Code    36  port.o(i.vPortSetupTimerInterrupt)
    vPortValidateInterruptPriority           0x0800711d   Thumb Code   106  port.o(i.vPortValidateInterruptPriority)
    vQueueAddToRegistry                      0x08007195   Thumb Code    38  queue.o(i.vQueueAddToRegistry)
    vQueueWaitForMessageRestricted           0x080071c1   Thumb Code    74  queue.o(i.vQueueWaitForMessageRestricted)
    vTaskDelay                               0x0800720d   Thumb Code    82  tasks.o(i.vTaskDelay)
    vTaskDelayUntil                          0x08007269   Thumb Code   200  tasks.o(i.vTaskDelayUntil)
    vTaskInternalSetTimeOutState             0x0800733d   Thumb Code    14  tasks.o(i.vTaskInternalSetTimeOutState)
    vTaskLinkUsbCmdProcess                   0x08007355   Thumb Code    68  freertos.o(i.vTaskLinkUsbCmdProcess)
    vTaskMissedYield                         0x080073d1   Thumb Code     8  tasks.o(i.vTaskMissedYield)
    vTaskPlaceOnEventList                    0x080073dd   Thumb Code    52  tasks.o(i.vTaskPlaceOnEventList)
    vTaskPlaceOnEventListRestricted          0x08007415   Thumb Code    60  tasks.o(i.vTaskPlaceOnEventListRestricted)
    vTaskPriorityDisinheritAfterTimeout      0x08007455   Thumb Code   194  tasks.o(i.vTaskPriorityDisinheritAfterTimeout)
    vTaskSendMsgToHost                       0x08007525   Thumb Code   106  freertos.o(i.vTaskSendMsgToHost)
    vTaskStartScheduler                      0x080075c1   Thumb Code   156  tasks.o(i.vTaskStartScheduler)
    vTaskSuspendAll                          0x08007679   Thumb Code    12  tasks.o(i.vTaskSuspendAll)
    vTaskSwitchContext                       0x08007689   Thumb Code   122  tasks.o(i.vTaskSwitchContext)
    xPortStartScheduler                      0x08007719   Thumb Code   330  port.o(i.xPortStartScheduler)
    xPortSysTickHandler                      0x08007881   Thumb Code    46  port.o(i.xPortSysTickHandler)
    xQueueCreateMutex                        0x080078b5   Thumb Code    34  queue.o(i.xQueueCreateMutex)
    xQueueCreateMutexStatic                  0x080078d7   Thumb Code    42  queue.o(i.xQueueCreateMutexStatic)
    xQueueGenericCreate                      0x08007901   Thumb Code    90  queue.o(i.xQueueGenericCreate)
    xQueueGenericCreateStatic                0x0800795b   Thumb Code   224  queue.o(i.xQueueGenericCreateStatic)
    xQueueGenericReset                       0x08007a3d   Thumb Code   146  queue.o(i.xQueueGenericReset)
    xQueueGenericSend                        0x08007ad5   Thumb Code   420  queue.o(i.xQueueGenericSend)
    xQueueGenericSendFromISR                 0x08007c7d   Thumb Code   252  queue.o(i.xQueueGenericSendFromISR)
    xQueueGiveMutexRecursive                 0x08007d79   Thumb Code    72  queue.o(i.xQueueGiveMutexRecursive)
    xQueueReceive                            0x08007dc1   Thumb Code   356  queue.o(i.xQueueReceive)
    xQueueReceiveFromISR                     0x08007f29   Thumb Code   202  queue.o(i.xQueueReceiveFromISR)
    xQueueSemaphoreTake                      0x08007ff5   Thumb Code   434  queue.o(i.xQueueSemaphoreTake)
    xQueueTakeMutexRecursive                 0x080081ad   Thumb Code    78  queue.o(i.xQueueTakeMutexRecursive)
    xTaskCheckForTimeOut                     0x080081fd   Thumb Code   132  tasks.o(i.xTaskCheckForTimeOut)
    xTaskCreate                              0x08008289   Thumb Code   100  tasks.o(i.xTaskCreate)
    xTaskCreateStatic                        0x080082ed   Thumb Code   186  tasks.o(i.xTaskCreateStatic)
    xTaskGetCurrentTaskHandle                0x080083a9   Thumb Code     6  tasks.o(i.xTaskGetCurrentTaskHandle)
    xTaskGetSchedulerState                   0x080083b5   Thumb Code    24  tasks.o(i.xTaskGetSchedulerState)
    xTaskGetTickCount                        0x080083d5   Thumb Code     6  tasks.o(i.xTaskGetTickCount)
    xTaskIncrementTick                       0x080083e1   Thumb Code   280  tasks.o(i.xTaskIncrementTick)
    xTaskPriorityDisinherit                  0x08008525   Thumb Code   152  tasks.o(i.xTaskPriorityDisinherit)
    xTaskPriorityInherit                     0x080085c9   Thumb Code   150  tasks.o(i.xTaskPriorityInherit)
    xTaskRemoveFromEventList                 0x0800866d   Thumb Code   126  tasks.o(i.xTaskRemoveFromEventList)
    xTaskResumeAll                           0x08008705   Thumb Code   222  tasks.o(i.xTaskResumeAll)
    xTimerCreateTimerTask                    0x08008809   Thumb Code   100  timers.o(i.xTimerCreateTimerTask)
    xTimerGenericCommand                     0x08008881   Thumb Code   128  timers.o(i.xTimerGenericCommand)
    _fp_init                                 0x08008905   Thumb Code    10  fpinit.o(x$fpl$fpinit)
    __fplib_config_fpu_vfp                   0x0800890d   Thumb Code     0  fpinit.o(x$fpl$fpinit)
    __fplib_config_pureend_doubles           0x0800890d   Thumb Code     0  fpinit.o(x$fpl$fpinit)
    defaultTask_attributes                   0x08008910   Data          36  freertos.o(.constdata)
    LINK_USB_CMD_attributes                  0x08008934   Data          36  freertos.o(.constdata)
    LINK_USB_SEND_attributes                 0x08008958   Data          36  freertos.o(.constdata)
    xQueueLinkUsbRecvCmd_attributes          0x0800897c   Data          24  freertos.o(.constdata)
    xMutexMsgBuff_attributes                 0x08008994   Data          16  freertos.o(.constdata)
    USBD_OS_STRING                           0x080089a4   Data           8  usbd_desc.o(.constdata)
    AHBPrescTable                            0x080089b4   Data          16  system_stm32f4xx.o(.constdata)
    APBPrescTable                            0x080089c4   Data           8  system_stm32f4xx.o(.constdata)
    Region$$Table$$Base                      0x08008a94   Number         0  anon$$obj.o(Region$$Table)
    Region$$Table$$Limit                     0x08008ad4   Number         0  anon$$obj.o(Region$$Table)
    USBD_Interface_fops_HS                   0x10000000   Data          20  usbd_cdc_if.o(.data)
    SystemCoreClock                          0x10000014   Data           4  system_stm32f4xx.o(.data)
    USBD_CDC                                 0x10000024   Data          60  usbd_cdc.o(.data)
    pxCurrentTCB                             0x100000a8   Data           4  tasks.o(.data)
    USBD_StrDesc                             0x10000114   Data          64  usbd_desc.o(.bss)
    hpcd_USB_OTG_HS                          0x10000154   Data        1252  usbd_conf.o(.bss)
    __libspace_start                         0x10004a34   Data          96  libspace.o(.bss)
    __temporary_stack_top$libspace           0x10004a94   Data           0  libspace.o(.bss)
    usb_ep1_rxne                             0x20000000   Data           1  freertos.o(.data)
    usb_ep3_rxne                             0x20000001   Data           1  freertos.o(.data)
    usb_ep4_rxne                             0x20000002   Data           1  freertos.o(.data)
    usb_ep3_txne                             0x20000003   Data           1  freertos.o(.data)
    usb_ep4_txne                             0x20000004   Data           1  freertos.o(.data)
    pCurBuffer                               0x20000008   Data           4  freertos.o(.data)
    MsgSendBuffOffset                        0x2000000c   Data           4  freertos.o(.data)
    defaultTaskHandle                        0x20000014   Data           4  freertos.o(.data)
    LINK_USB_CMDHandle                       0x20000018   Data           4  freertos.o(.data)
    LINK_USB_SENDHandle                      0x2000001c   Data           4  freertos.o(.data)
    xQueueLinkUsbRecvCmdHandle               0x20000020   Data           4  freertos.o(.data)
    xMutexMsgBuffHandle                      0x20000024   Data           4  freertos.o(.data)
    USBD_WINUSB_OSFeatureDesc                0x20000028   Data          40  usbd_desc.o(.data)
    USBD_WINUSB_OSPropertyDesc               0x20000050   Data         142  usbd_desc.o(.data)
    HS_Desc                                  0x200000e0   Data          36  usbd_desc.o(.data)
    USBD_HS_DeviceDesc                       0x20000104   Data          18  usbd_desc.o(.data)
    USBD_LangIDDesc                          0x20000118   Data           4  usbd_desc.o(.data)
    USBD_StringSerial                        0x2000011c   Data          26  usbd_desc.o(.data)
    uwTick                                   0x20000138   Data           4  stm32f4xx_hal.o(.data)
    uwTickPrio                               0x2000013c   Data           4  stm32f4xx_hal.o(.data)
    uwTickFreq                               0x20000140   Data           1  stm32f4xx_hal.o(.data)
    usb_ep1_rx                               0x20000158   Data        2048  freertos.o(.bss)
    usb_ep1_tx                               0x20000958   Data       40960  freertos.o(.bss)
    usb_ep3_rx                               0x2000a958   Data        2048  freertos.o(.bss)
    usb_ep3_tx                               0x2000b158   Data       40960  freertos.o(.bss)
    usb_ep4_rx                               0x20015158   Data        2048  freertos.o(.bss)
    usb_ep4_tx                               0x20015958   Data       40960  freertos.o(.bss)
    MsgSendBuffA                             0x2001f958   Data        2588  freertos.o(.bss)
    MsgSendBuffB                             0x20020374   Data        2588  freertos.o(.bss)
    charBuf                                  0x20020d90   Data         512  freertos.o(.bss)
    ADC_ConvertedValue                       0x20020f90   Data          16  adc.o(.bss)
    ADC_ConvertedBuff0                       0x20020fa0   Data          16  adc.o(.bss)
    ADC_ProcessBuff                          0x20020fb0   Data          16  adc.o(.bss)
    hadc3                                    0x20020fc0   Data          72  adc.o(.bss)
    hdma_adc3                                0x20021008   Data          96  adc.o(.bss)
    hspi1                                    0x20021068   Data          88  spi.o(.bss)
    hUsbDeviceHS                             0x200210c0   Data         732  usb_device.o(.bss)
    UserRxBufferHS                           0x2002139c   Data        2048  usbd_cdc_if.o(.bss)
    UserTxBufferHS                           0x20021b9c   Data        2048  usbd_cdc_if.o(.bss)
    xQueueRegistry                           0x2002239c   Data          64  queue.o(.bss)



==============================================================================

Memory Map of the image

  Image Entry point : 0x080001ad

  Load Region LR_IROM1 (Base: 0x08000000, Size: 0x00008d40, Max: 0x00100000, ABSOLUTE, COMPRESSED[0x00008c9c])

    Execution Region ER_IROM1 (Exec base: 0x08000000, Load base: 0x08000000, Size: 0x00008ad4, Max: 0x00100000, ABSOLUTE)

    Exec Addr    Load Addr    Size         Type   Attr      Idx    E Section Name        Object

    0x08000000   0x08000000   0x000001ac   Data   RO            3    RESET               startup_stm32f429xx.o
    0x080001ac   0x080001ac   0x00000008   Code   RO         5865  * !!!main             c_w.l(__main.o)
    0x080001b4   0x080001b4   0x00000034   Code   RO         6047    !!!scatter          c_w.l(__scatter.o)
    0x080001e8   0x080001e8   0x0000005a   Code   RO         6045    !!dczerorl2         c_w.l(__dczerorl2.o)
    0x08000242   0x08000242   0x00000002   PAD
    0x08000244   0x08000244   0x0000001a   Code   RO         6049    !!handler_copy      c_w.l(__scatter_copy.o)
    0x0800025e   0x0800025e   0x00000002   PAD
    0x08000260   0x08000260   0x0000001c   Code   RO         6051    !!handler_zi        c_w.l(__scatter_zi.o)
    0x0800027c   0x0800027c   0x00000000   Code   RO         5847    .ARM.Collect$$_printf_percent$$00000000  c_w.l(_printf_percent.o)
    0x0800027c   0x0800027c   0x00000006   Code   RO         5846    .ARM.Collect$$_printf_percent$$0000000C  c_w.l(_printf_x.o)
    0x08000282   0x08000282   0x00000004   Code   RO         5878    .ARM.Collect$$_printf_percent$$00000017  c_w.l(_printf_percent_end.o)
    0x08000286   0x08000286   0x00000002   Code   RO         5968    .ARM.Collect$$libinit$$00000000  c_w.l(libinit.o)
    0x08000288   0x08000288   0x00000004   Code   RO         5883    .ARM.Collect$$libinit$$00000001  c_w.l(libinit2.o)
    0x0800028c   0x0800028c   0x00000000   Code   RO         5886    .ARM.Collect$$libinit$$00000004  c_w.l(libinit2.o)
    0x0800028c   0x0800028c   0x00000000   Code   RO         5889    .ARM.Collect$$libinit$$0000000A  c_w.l(libinit2.o)
    0x0800028c   0x0800028c   0x00000000   Code   RO         5891    .ARM.Collect$$libinit$$0000000C  c_w.l(libinit2.o)
    0x0800028c   0x0800028c   0x00000000   Code   RO         5893    .ARM.Collect$$libinit$$0000000E  c_w.l(libinit2.o)
    0x0800028c   0x0800028c   0x00000000   Code   RO         5896    .ARM.Collect$$libinit$$00000011  c_w.l(libinit2.o)
    0x0800028c   0x0800028c   0x00000000   Code   RO         5898    .ARM.Collect$$libinit$$00000013  c_w.l(libinit2.o)
    0x0800028c   0x0800028c   0x00000000   Code   RO         5900    .ARM.Collect$$libinit$$00000015  c_w.l(libinit2.o)
    0x0800028c   0x0800028c   0x00000000   Code   RO         5902    .ARM.Collect$$libinit$$00000017  c_w.l(libinit2.o)
    0x0800028c   0x0800028c   0x00000000   Code   RO         5904    .ARM.Collect$$libinit$$00000019  c_w.l(libinit2.o)
    0x0800028c   0x0800028c   0x00000000   Code   RO         5906    .ARM.Collect$$libinit$$0000001B  c_w.l(libinit2.o)
    0x0800028c   0x0800028c   0x00000000   Code   RO         5908    .ARM.Collect$$libinit$$0000001D  c_w.l(libinit2.o)
    0x0800028c   0x0800028c   0x00000000   Code   RO         5910    .ARM.Collect$$libinit$$0000001F  c_w.l(libinit2.o)
    0x0800028c   0x0800028c   0x00000000   Code   RO         5912    .ARM.Collect$$libinit$$00000021  c_w.l(libinit2.o)
    0x0800028c   0x0800028c   0x00000000   Code   RO         5914    .ARM.Collect$$libinit$$00000023  c_w.l(libinit2.o)
    0x0800028c   0x0800028c   0x00000000   Code   RO         5916    .ARM.Collect$$libinit$$00000025  c_w.l(libinit2.o)
    0x0800028c   0x0800028c   0x00000000   Code   RO         5920    .ARM.Collect$$libinit$$0000002C  c_w.l(libinit2.o)
    0x0800028c   0x0800028c   0x00000000   Code   RO         5922    .ARM.Collect$$libinit$$0000002E  c_w.l(libinit2.o)
    0x0800028c   0x0800028c   0x00000000   Code   RO         5924    .ARM.Collect$$libinit$$00000030  c_w.l(libinit2.o)
    0x0800028c   0x0800028c   0x00000000   Code   RO         5926    .ARM.Collect$$libinit$$00000032  c_w.l(libinit2.o)
    0x0800028c   0x0800028c   0x00000002   Code   RO         5927    .ARM.Collect$$libinit$$00000033  c_w.l(libinit2.o)
    0x0800028e   0x0800028e   0x00000002   Code   RO         6012    .ARM.Collect$$libshutdown$$00000000  c_w.l(libshutdown.o)
    0x08000290   0x08000290   0x00000000   Code   RO         6028    .ARM.Collect$$libshutdown$$00000002  c_w.l(libshutdown2.o)
    0x08000290   0x08000290   0x00000000   Code   RO         6030    .ARM.Collect$$libshutdown$$00000004  c_w.l(libshutdown2.o)
    0x08000290   0x08000290   0x00000000   Code   RO         6033    .ARM.Collect$$libshutdown$$00000007  c_w.l(libshutdown2.o)
    0x08000290   0x08000290   0x00000000   Code   RO         6036    .ARM.Collect$$libshutdown$$0000000A  c_w.l(libshutdown2.o)
    0x08000290   0x08000290   0x00000000   Code   RO         6038    .ARM.Collect$$libshutdown$$0000000C  c_w.l(libshutdown2.o)
    0x08000290   0x08000290   0x00000000   Code   RO         6041    .ARM.Collect$$libshutdown$$0000000F  c_w.l(libshutdown2.o)
    0x08000290   0x08000290   0x00000002   Code   RO         6042    .ARM.Collect$$libshutdown$$00000010  c_w.l(libshutdown2.o)
    0x08000292   0x08000292   0x00000000   Code   RO         5867    .ARM.Collect$$rtentry$$00000000  c_w.l(__rtentry.o)
    0x08000292   0x08000292   0x00000000   Code   RO         5929    .ARM.Collect$$rtentry$$00000002  c_w.l(__rtentry2.o)
    0x08000292   0x08000292   0x00000006   Code   RO         5941    .ARM.Collect$$rtentry$$00000004  c_w.l(__rtentry4.o)
    0x08000298   0x08000298   0x00000000   Code   RO         5931    .ARM.Collect$$rtentry$$00000009  c_w.l(__rtentry2.o)
    0x08000298   0x08000298   0x00000004   Code   RO         5932    .ARM.Collect$$rtentry$$0000000A  c_w.l(__rtentry2.o)
    0x0800029c   0x0800029c   0x00000000   Code   RO         5934    .ARM.Collect$$rtentry$$0000000C  c_w.l(__rtentry2.o)
    0x0800029c   0x0800029c   0x00000008   Code   RO         5935    .ARM.Collect$$rtentry$$0000000D  c_w.l(__rtentry2.o)
    0x080002a4   0x080002a4   0x00000002   Code   RO         5974    .ARM.Collect$$rtexit$$00000000  c_w.l(rtexit.o)
    0x080002a6   0x080002a6   0x00000000   Code   RO         5994    .ARM.Collect$$rtexit$$00000002  c_w.l(rtexit2.o)
    0x080002a6   0x080002a6   0x00000004   Code   RO         5995    .ARM.Collect$$rtexit$$00000003  c_w.l(rtexit2.o)
    0x080002aa   0x080002aa   0x00000006   Code   RO         5996    .ARM.Collect$$rtexit$$00000004  c_w.l(rtexit2.o)
    0x080002b0   0x080002b0   0x000000be   Code   RO         5718    .emb_text           port.o
    0x0800036e   0x0800036e   0x00000002   PAD
    0x08000370   0x08000370   0x00000040   Code   RO            4    .text               startup_stm32f429xx.o
    0x080003b0   0x080003b0   0x000000ee   Code   RO         5797    .text               c_w.l(lludivv7m.o)
    0x0800049e   0x0800049e   0x00000002   PAD
    0x080004a0   0x080004a0   0x00000028   Code   RO         5801    .text               c_w.l(noretval__2sprintf.o)
    0x080004c8   0x080004c8   0x00000068   Code   RO         5803    .text               c_w.l(__printf.o)
    0x08000530   0x08000530   0x00000058   Code   RO         5808    .text               c_w.l(_printf_hex_int.o)
    0x08000588   0x08000588   0x0000003e   Code   RO         5853    .text               c_w.l(strlen.o)
    0x080005c6   0x080005c6   0x0000008a   Code   RO         5855    .text               c_w.l(rt_memcpy_v6.o)
    0x08000650   0x08000650   0x00000010   Code   RO         5859    .text               c_w.l(aeabi_memset.o)
    0x08000660   0x08000660   0x0000004e   Code   RO         5861    .text               c_w.l(rt_memclr_w.o)
    0x080006ae   0x080006ae   0x00000006   Code   RO         5863    .text               c_w.l(heapauxi.o)
    0x080006b4   0x080006b4   0x000000b2   Code   RO         5872    .text               c_w.l(_printf_intcommon.o)
    0x08000766   0x08000766   0x00000002   PAD
    0x08000768   0x08000768   0x00000030   Code   RO         5874    .text               c_w.l(_printf_char_common.o)
    0x08000798   0x08000798   0x0000000a   Code   RO         5876    .text               c_w.l(_sputc.o)
    0x080007a2   0x080007a2   0x00000064   Code   RO         5879    .text               c_w.l(rt_memcpy_w.o)
    0x08000806   0x08000806   0x00000044   Code   RO         5881    .text               c_w.l(rt_memclr.o)
    0x0800084a   0x0800084a   0x0000004a   Code   RO         5951    .text               c_w.l(sys_stackheap_outer.o)
    0x08000894   0x08000894   0x00000012   Code   RO         5953    .text               c_w.l(exit.o)
    0x080008a6   0x080008a6   0x00000002   PAD
    0x080008a8   0x080008a8   0x00000008   Code   RO         5971    .text               c_w.l(libspace.o)
    0x080008b0   0x080008b0   0x0000000c   Code   RO         5988    .text               c_w.l(sys_exit.o)
    0x080008bc   0x080008bc   0x00000002   Code   RO         5990    .text               c_w.l(use_no_semi.o)
    0x080008be   0x080008be   0x00000000   Code   RO         5992    .text               c_w.l(indicate_semi.o)
    0x080008be   0x080008be   0x00000002   PAD
    0x080008c0   0x080008c0   0x00000160   Code   RO         2873    i.ADC_Init          stm32f4xx_hal_adc.o
    0x08000a20   0x08000a20   0x00000048   Code   RO          248    i.AddHostCmdtoQueue  freertos.o
    0x08000a68   0x08000a68   0x0000009c   Code   RO          249    i.AddMsgToBuff      freertos.o
    0x08000b04   0x08000b04   0x00000004   Code   RO          483    i.BusFault_Handler  stm32f4xx_it.o
    0x08000b08   0x08000b08   0x00000044   Code   RO          735    i.CDC_Control_HS    usbd_cdc_if.o
    0x08000b4c   0x08000b4c   0x00000004   Code   RO          736    i.CDC_DeInit_HS     usbd_cdc_if.o
    0x08000b50   0x08000b50   0x00000024   Code   RO          737    i.CDC_Init_HS       usbd_cdc_if.o
    0x08000b74   0x08000b74   0x00000054   Code   RO          738    i.CDC_Receive_HS    usbd_cdc_if.o
    0x08000bc8   0x08000bc8   0x0000000c   Code   RO          739    i.CDC_TransmitCplt_HS  usbd_cdc_if.o
    0x08000bd4   0x08000bd4   0x0000003c   Code   RO          740    i.CDC_Transmit_HS   usbd_cdc_if.o
    0x08000c10   0x08000c10   0x00000010   Code   RO          484    i.DMA2_Stream0_IRQHandler  stm32f4xx_it.o
    0x08000c20   0x08000c20   0x00000034   Code   RO         2156    i.DMA_CalcBaseAndBitshift  stm32f4xx_hal_dma.o
    0x08000c54   0x08000c54   0x000000aa   Code   RO         2157    i.DMA_CheckFifoParam  stm32f4xx_hal_dma.o
    0x08000cfe   0x08000cfe   0x00000002   Code   RO          485    i.DebugMon_Handler  stm32f4xx_it.o
    0x08000d00   0x08000d00   0x00000006   Code   RO           13    i.Error_Handler     main.o
    0x08000d06   0x08000d06   0x00000002   PAD
    0x08000d08   0x08000d08   0x00000024   Code   RO          626    i.Get_SerialNum     usbd_desc.o
    0x08000d2c   0x08000d2c   0x000001a4   Code   RO         2875    i.HAL_ADC_ConfigChannel  stm32f4xx_hal_adc.o
    0x08000ed0   0x08000ed0   0x00000068   Code   RO         2884    i.HAL_ADC_Init      stm32f4xx_hal_adc.o
    0x08000f38   0x08000f38   0x000000d4   Code   RO          361    i.HAL_ADC_MspInit   adc.o
    0x0800100c   0x0800100c   0x00000240   Code   RO         2164    i.HAL_DMA_IRQHandler  stm32f4xx_hal_dma.o
    0x0800124c   0x0800124c   0x000000ec   Code   RO         2165    i.HAL_DMA_Init      stm32f4xx_hal_dma.o
    0x08001338   0x08001338   0x00000028   Code   RO         2607    i.HAL_Delay         stm32f4xx_hal.o
    0x08001360   0x08001360   0x00000210   Code   RO         2052    i.HAL_GPIO_Init     stm32f4xx_hal_gpio.o
    0x08001570   0x08001570   0x0000000c   Code   RO         2615    i.HAL_GetTick       stm32f4xx_hal.o
    0x0800157c   0x0800157c   0x00000018   Code   RO         2621    i.HAL_IncTick       stm32f4xx_hal.o
    0x08001594   0x08001594   0x0000003c   Code   RO         2622    i.HAL_Init          stm32f4xx_hal.o
    0x080015d0   0x080015d0   0x0000004c   Code   RO         2623    i.HAL_InitTick      stm32f4xx_hal.o
    0x0800161c   0x0800161c   0x00000054   Code   RO          571    i.HAL_MspInit       stm32f4xx_hal_msp.o
    0x08001670   0x08001670   0x00000028   Code   RO         2460    i.HAL_NVIC_EnableIRQ  stm32f4xx_hal_cortex.o
    0x08001698   0x08001698   0x0000007c   Code   RO         2466    i.HAL_NVIC_SetPriority  stm32f4xx_hal_cortex.o
    0x08001714   0x08001714   0x00000028   Code   RO         2467    i.HAL_NVIC_SetPriorityGrouping  stm32f4xx_hal_cortex.o
    0x0800173c   0x0800173c   0x00000002   Code   RO         1243    i.HAL_PCDEx_LPM_Callback  stm32f4xx_hal_pcd_ex.o
    0x0800173e   0x0800173e   0x0000000a   Code   RO         1244    i.HAL_PCDEx_SetRxFiFo  stm32f4xx_hal_pcd_ex.o
    0x08001748   0x08001748   0x0000004e   Code   RO         1245    i.HAL_PCDEx_SetTxFiFo  stm32f4xx_hal_pcd_ex.o
    0x08001796   0x08001796   0x0000000e   Code   RO          792    i.HAL_PCD_ConnectCallback  usbd_conf.o
    0x080017a4   0x080017a4   0x00000020   Code   RO          793    i.HAL_PCD_DataInStageCallback  usbd_conf.o
    0x080017c4   0x080017c4   0x00000020   Code   RO          794    i.HAL_PCD_DataOutStageCallback  usbd_conf.o
    0x080017e4   0x080017e4   0x0000000e   Code   RO          795    i.HAL_PCD_DisconnectCallback  usbd_conf.o
    0x080017f2   0x080017f2   0x00000042   Code   RO         1008    i.HAL_PCD_EP_Abort  stm32f4xx_hal_pcd.o
    0x08001834   0x08001834   0x0000006a   Code   RO         1009    i.HAL_PCD_EP_Close  stm32f4xx_hal_pcd.o
    0x0800189e   0x0800189e   0x0000007c   Code   RO         1010    i.HAL_PCD_EP_ClrStall  stm32f4xx_hal_pcd.o
    0x0800191a   0x0800191a   0x00000016   Code   RO         1012    i.HAL_PCD_EP_GetRxCount  stm32f4xx_hal_pcd.o
    0x08001930   0x08001930   0x0000008c   Code   RO         1013    i.HAL_PCD_EP_Open   stm32f4xx_hal_pcd.o
    0x080019bc   0x080019bc   0x00000046   Code   RO         1014    i.HAL_PCD_EP_Receive  stm32f4xx_hal_pcd.o
    0x08001a02   0x08001a02   0x0000008a   Code   RO         1015    i.HAL_PCD_EP_SetStall  stm32f4xx_hal_pcd.o
    0x08001a8c   0x08001a8c   0x00000048   Code   RO         1016    i.HAL_PCD_EP_Transmit  stm32f4xx_hal_pcd.o
    0x08001ad4   0x08001ad4   0x000006ca   Code   RO         1018    i.HAL_PCD_IRQHandler  stm32f4xx_hal_pcd.o
    0x0800219e   0x0800219e   0x00000012   Code   RO          796    i.HAL_PCD_ISOINIncompleteCallback  usbd_conf.o
    0x080021b0   0x080021b0   0x00000012   Code   RO          797    i.HAL_PCD_ISOOUTIncompleteCallback  usbd_conf.o
    0x080021c2   0x080021c2   0x0000015e   Code   RO         1021    i.HAL_PCD_Init      stm32f4xx_hal_pcd.o
    0x08002320   0x08002320   0x000000b4   Code   RO          799    i.HAL_PCD_MspInit   usbd_conf.o
    0x080023d4   0x080023d4   0x00000030   Code   RO          800    i.HAL_PCD_ResetCallback  usbd_conf.o
    0x08002404   0x08002404   0x0000000e   Code   RO          801    i.HAL_PCD_ResumeCallback  usbd_conf.o
    0x08002412   0x08002412   0x0000000e   Code   RO          802    i.HAL_PCD_SOFCallback  usbd_conf.o
    0x08002420   0x08002420   0x00000034   Code   RO         1027    i.HAL_PCD_SetAddress  stm32f4xx_hal_pcd.o
    0x08002454   0x08002454   0x00000012   Code   RO          803    i.HAL_PCD_SetupStageCallback  usbd_conf.o
    0x08002466   0x08002466   0x0000004c   Code   RO         1030    i.HAL_PCD_Start     stm32f4xx_hal_pcd.o
    0x080024b2   0x080024b2   0x00000002   PAD
    0x080024b4   0x080024b4   0x00000034   Code   RO          804    i.HAL_PCD_SuspendCallback  usbd_conf.o
    0x080024e8   0x080024e8   0x00000184   Code   RO         1596    i.HAL_RCC_ClockConfig  stm32f4xx_hal_rcc.o
    0x0800266c   0x0800266c   0x0000000c   Code   RO         1601    i.HAL_RCC_GetHCLKFreq  stm32f4xx_hal_rcc.o
    0x08002678   0x08002678   0x000000b0   Code   RO         1605    i.HAL_RCC_GetSysClockFreq  stm32f4xx_hal_rcc.o
    0x08002728   0x08002728   0x0000049c   Code   RO         1608    i.HAL_RCC_OscConfig  stm32f4xx_hal_rcc.o
    0x08002bc4   0x08002bc4   0x000000de   Code   RO         3159    i.HAL_SPI_Init      stm32f4xx_hal_spi.o
    0x08002ca2   0x08002ca2   0x00000002   PAD
    0x08002ca4   0x08002ca4   0x00000088   Code   RO          442    i.HAL_SPI_MspInit   spi.o
    0x08002d2c   0x08002d2c   0x00000034   Code   RO         2471    i.HAL_SYSTICK_Config  stm32f4xx_hal_cortex.o
    0x08002d60   0x08002d60   0x00000004   Code   RO          486    i.HardFault_Handler  stm32f4xx_it.o
    0x08002d64   0x08002d64   0x0000003e   Code   RO          627    i.IntToUnicode      usbd_desc.o
    0x08002da2   0x08002da2   0x00000002   PAD
    0x08002da4   0x08002da4   0x00000108   Code   RO          362    i.MX_ADC3_Init      adc.o
    0x08002eac   0x08002eac   0x00000038   Code   RO          417    i.MX_DMA_Init       dma.o
    0x08002ee4   0x08002ee4   0x0000007c   Code   RO          250    i.MX_FREERTOS_Init  freertos.o
    0x08002f60   0x08002f60   0x000000a0   Code   RO          224    i.MX_GPIO_Init      gpio.o
    0x08003000   0x08003000   0x00000050   Code   RO          443    i.MX_SPI1_Init      spi.o
    0x08003050   0x08003050   0x0000004c   Code   RO          595    i.MX_USB_DEVICE_Init  usb_device.o
    0x0800309c   0x0800309c   0x00000004   Code   RO          487    i.MemManage_Handler  stm32f4xx_it.o
    0x080030a0   0x080030a0   0x00000004   Code   RO          488    i.NMI_Handler       stm32f4xx_it.o
    0x080030a4   0x080030a4   0x00000010   Code   RO          489    i.OTG_HS_EP1_IN_IRQHandler  stm32f4xx_it.o
    0x080030b4   0x080030b4   0x00000010   Code   RO          490    i.OTG_HS_EP1_OUT_IRQHandler  stm32f4xx_it.o
    0x080030c4   0x080030c4   0x00000010   Code   RO          491    i.OTG_HS_IRQHandler  stm32f4xx_it.o
    0x080030d4   0x080030d4   0x00000064   Code   RO         1034    i.PCD_EP_OutSetupPacket_int  stm32f4xx_hal_pcd.o
    0x08003138   0x08003138   0x00000144   Code   RO         1035    i.PCD_EP_OutXfrComplete_int  stm32f4xx_hal_pcd.o
    0x0800327c   0x0800327c   0x000000b6   Code   RO         1036    i.PCD_WriteEmptyTxFifo  stm32f4xx_hal_pcd.o
    0x08003332   0x08003332   0x0000001c   Code   RO          251    i.Report_MSG        freertos.o
    0x0800334e   0x0800334e   0x00000012   Code   RO         3725    i.SWAPBYTE          usbd_ctlreq.o
    0x08003360   0x08003360   0x0000000e   Code   RO          252    i.StartDefaultTask  freertos.o
    0x0800336e   0x0800336e   0x00000014   Code   RO          492    i.SysTick_Handler   stm32f4xx_it.o
    0x08003382   0x08003382   0x00000002   PAD
    0x08003384   0x08003384   0x000000b8   Code   RO           14    i.SystemClock_Config  main.o
    0x0800343c   0x0800343c   0x00000014   Code   RO         3527    i.SystemInit        system_stm32f4xx.o
    0x08003450   0x08003450   0x000000c4   Code   RO         3893    i.USBD_CDC_DataIn   usbd_cdc.o
    0x08003514   0x08003514   0x0000004a   Code   RO         3894    i.USBD_CDC_DataOut  usbd_cdc.o
    0x0800355e   0x0800355e   0x00000002   PAD
    0x08003560   0x08003560   0x00000100   Code   RO         3895    i.USBD_CDC_DeInit   usbd_cdc.o
    0x08003660   0x08003660   0x00000050   Code   RO         3896    i.USBD_CDC_EP0_RxReady  usbd_cdc.o
    0x080036b0   0x080036b0   0x00000010   Code   RO         3897    i.USBD_CDC_GetDeviceQualifierDescriptor  usbd_cdc.o
    0x080036c0   0x080036c0   0x00000044   Code   RO         3898    i.USBD_CDC_GetFSCfgDesc  usbd_cdc.o
    0x08003704   0x08003704   0x00000048   Code   RO         3899    i.USBD_CDC_GetHSCfgDesc  usbd_cdc.o
    0x0800374c   0x0800374c   0x00000044   Code   RO         3900    i.USBD_CDC_GetOtherSpeedCfgDesc  usbd_cdc.o
    0x08003790   0x08003790   0x0000021c   Code   RO         3901    i.USBD_CDC_Init     usbd_cdc.o
    0x080039ac   0x080039ac   0x00000048   Code   RO         3902    i.USBD_CDC_ReceivePacket  usbd_cdc.o
    0x080039f4   0x080039f4   0x00000018   Code   RO         3903    i.USBD_CDC_RegisterInterface  usbd_cdc.o
    0x08003a0c   0x08003a0c   0x0000001e   Code   RO         3904    i.USBD_CDC_SetRxBuffer  usbd_cdc.o
    0x08003a2a   0x08003a2a   0x00000024   Code   RO         3905    i.USBD_CDC_SetTxBuffer  usbd_cdc.o
    0x08003a4e   0x08003a4e   0x00000140   Code   RO         3906    i.USBD_CDC_Setup    usbd_cdc.o
    0x08003b8e   0x08003b8e   0x00000056   Code   RO         3907    i.USBD_CDC_TransmitPacket  usbd_cdc.o
    0x08003be4   0x08003be4   0x0000001c   Code   RO         3563    i.USBD_ClrClassConfig  usbd_core.o
    0x08003c00   0x08003c00   0x0000003e   Code   RO         3726    i.USBD_ClrFeature   usbd_ctlreq.o
    0x08003c3e   0x08003c3e   0x00000006   Code   RO         3564    i.USBD_CoreFindEP   usbd_core.o
    0x08003c44   0x08003c44   0x00000006   Code   RO         3565    i.USBD_CoreFindIF   usbd_core.o
    0x08003c4a   0x08003c4a   0x00000018   Code   RO         3833    i.USBD_CtlContinueRx  usbd_ioreq.o
    0x08003c62   0x08003c62   0x00000018   Code   RO         3834    i.USBD_CtlContinueSendData  usbd_ioreq.o
    0x08003c7a   0x08003c7a   0x00000018   Code   RO         3727    i.USBD_CtlError     usbd_ctlreq.o
    0x08003c92   0x08003c92   0x00000028   Code   RO         3835    i.USBD_CtlPrepareRx  usbd_ioreq.o
    0x08003cba   0x08003cba   0x0000001a   Code   RO         3836    i.USBD_CtlReceiveStatus  usbd_ioreq.o
    0x08003cd4   0x08003cd4   0x00000022   Code   RO         3837    i.USBD_CtlSendData  usbd_ioreq.o
    0x08003cf6   0x08003cf6   0x0000001a   Code   RO         3838    i.USBD_CtlSendStatus  usbd_ioreq.o
    0x08003d10   0x08003d10   0x00000056   Code   RO         3728    i.USBD_GetConfig    usbd_ctlreq.o
    0x08003d66   0x08003d66   0x0000021a   Code   RO         3729    i.USBD_GetDescriptor  usbd_ctlreq.o
    0x08003f80   0x08003f80   0x00000050   Code   RO         3567    i.USBD_GetEpDesc    usbd_core.o
    0x08003fd0   0x08003fd0   0x00000016   Code   RO         3730    i.USBD_GetLen       usbd_ctlreq.o
    0x08003fe6   0x08003fe6   0x00000014   Code   RO         3568    i.USBD_GetNextDesc  usbd_core.o
    0x08003ffa   0x08003ffa   0x0000005a   Code   RO         3731    i.USBD_GetStatus    usbd_ctlreq.o
    0x08004054   0x08004054   0x00000054   Code   RO         3732    i.USBD_GetString    usbd_ctlreq.o
    0x080040a8   0x080040a8   0x0000002c   Code   RO          805    i.USBD_Get_USB_Status  usbd_conf.o
    0x080040d4   0x080040d4   0x00000038   Code   RO          628    i.USBD_HS_ConfigStrDescriptor  usbd_desc.o
    0x0800410c   0x0800410c   0x00000010   Code   RO          629    i.USBD_HS_DeviceDescriptor  usbd_desc.o
    0x0800411c   0x0800411c   0x0000003c   Code   RO          630    i.USBD_HS_InterfaceStrDescriptor  usbd_desc.o
    0x08004158   0x08004158   0x00000010   Code   RO          631    i.USBD_HS_LangIDStrDescriptor  usbd_desc.o
    0x08004168   0x08004168   0x0000002c   Code   RO          632    i.USBD_HS_ManufacturerStrDescriptor  usbd_desc.o
    0x08004194   0x08004194   0x00000030   Code   RO          633    i.USBD_HS_ProductStrDescriptor  usbd_desc.o
    0x080041c4   0x080041c4   0x00000018   Code   RO          634    i.USBD_HS_SerialStrDescriptor  usbd_desc.o
    0x080041dc   0x080041dc   0x0000003a   Code   RO         3569    i.USBD_Init         usbd_core.o
    0x08004216   0x08004216   0x00000026   Code   RO          806    i.USBD_LL_ClearStallEP  usbd_conf.o
    0x0800423c   0x0800423c   0x00000026   Code   RO          807    i.USBD_LL_CloseEP   usbd_conf.o
    0x08004262   0x08004262   0x00000108   Code   RO         3570    i.USBD_LL_DataInStage  usbd_core.o
    0x0800436a   0x0800436a   0x00000102   Code   RO         3571    i.USBD_LL_DataOutStage  usbd_core.o
    0x0800446c   0x0800446c   0x00000006   Code   RO         3572    i.USBD_LL_DevConnected  usbd_core.o
    0x08004472   0x08004472   0x00000026   Code   RO         3573    i.USBD_LL_DevDisconnected  usbd_core.o
    0x08004498   0x08004498   0x00000012   Code   RO          811    i.USBD_LL_GetRxDataSize  usbd_conf.o
    0x080044aa   0x080044aa   0x00000002   PAD
    0x080044ac   0x080044ac   0x00000088   Code   RO          812    i.USBD_LL_Init      usbd_conf.o
    0x08004534   0x08004534   0x00000038   Code   RO          813    i.USBD_LL_IsStallEP  usbd_conf.o
    0x0800456c   0x0800456c   0x00000048   Code   RO         3574    i.USBD_LL_IsoINIncomplete  usbd_core.o
    0x080045b4   0x080045b4   0x00000048   Code   RO         3575    i.USBD_LL_IsoOUTIncomplete  usbd_core.o
    0x080045fc   0x080045fc   0x00000030   Code   RO          814    i.USBD_LL_OpenEP    usbd_conf.o
    0x0800462c   0x0800462c   0x00000030   Code   RO          815    i.USBD_LL_PrepareReceive  usbd_conf.o
    0x0800465c   0x0800465c   0x0000006c   Code   RO         3576    i.USBD_LL_Reset     usbd_core.o
    0x080046c8   0x080046c8   0x00000016   Code   RO         3577    i.USBD_LL_Resume    usbd_core.o
    0x080046de   0x080046de   0x00000028   Code   RO         3578    i.USBD_LL_SOF       usbd_core.o
    0x08004706   0x08004706   0x00000008   Code   RO         3579    i.USBD_LL_SetSpeed  usbd_core.o
    0x0800470e   0x0800470e   0x00000026   Code   RO          816    i.USBD_LL_SetUSBAddress  usbd_conf.o
    0x08004734   0x08004734   0x00000076   Code   RO         3580    i.USBD_LL_SetupStage  usbd_core.o
    0x080047aa   0x080047aa   0x00000026   Code   RO          817    i.USBD_LL_StallEP   usbd_conf.o
    0x080047d0   0x080047d0   0x0000001e   Code   RO          818    i.USBD_LL_Start     usbd_conf.o
    0x080047ee   0x080047ee   0x0000001c   Code   RO         3581    i.USBD_LL_Suspend   usbd_core.o
    0x0800480a   0x0800480a   0x00000030   Code   RO          820    i.USBD_LL_Transmit  usbd_conf.o
    0x0800483a   0x0800483a   0x00000036   Code   RO         3733    i.USBD_ParseSetupRequest  usbd_ctlreq.o
    0x08004870   0x08004870   0x00000048   Code   RO         3582    i.USBD_RegisterClass  usbd_core.o
    0x080048b8   0x080048b8   0x00000006   Code   RO         3583    i.USBD_RunTestMode  usbd_core.o
    0x080048be   0x080048be   0x0000005a   Code   RO         3734    i.USBD_SetAddress   usbd_ctlreq.o
    0x08004918   0x08004918   0x00000020   Code   RO         3584    i.USBD_SetClassConfig  usbd_core.o
    0x08004938   0x08004938   0x00000104   Code   RO         3735    i.USBD_SetConfig    usbd_ctlreq.o
    0x08004a3c   0x08004a3c   0x00000038   Code   RO         3736    i.USBD_SetFeature   usbd_ctlreq.o
    0x08004a74   0x08004a74   0x0000000c   Code   RO         3585    i.USBD_Start        usbd_core.o
    0x08004a80   0x08004a80   0x000000a0   Code   RO         3737    i.USBD_StdDevReq    usbd_ctlreq.o
    0x08004b20   0x08004b20   0x00000280   Code   RO         3738    i.USBD_StdEPReq     usbd_ctlreq.o
    0x08004da0   0x08004da0   0x000000bc   Code   RO         3739    i.USBD_StdItfReq    usbd_ctlreq.o
    0x08004e5c   0x08004e5c   0x00000068   Code   RO         3740    i.USBD_WinUSBGetDescriptor  usbd_ctlreq.o
    0x08004ec4   0x08004ec4   0x00000010   Code   RO          635    i.USBD_WinUSBOSFeatureDescriptor  usbd_desc.o
    0x08004ed4   0x08004ed4   0x00000010   Code   RO          636    i.USBD_WinUSBOSPropertyDescriptor  usbd_desc.o
    0x08004ee4   0x08004ee4   0x0000001c   Code   RO          637    i.USBD_WinUSBOSStrDescriptor  usbd_desc.o
    0x08004f00   0x08004f00   0x00000002   Code   RO          821    i.USBD_static_free  usbd_conf.o
    0x08004f02   0x08004f02   0x00000002   PAD
    0x08004f04   0x08004f04   0x0000000c   Code   RO          822    i.USBD_static_malloc  usbd_conf.o
    0x08004f10   0x08004f10   0x000000d0   Code   RO         1285    i.USB_ActivateEndpoint  stm32f4xx_ll_usb.o
    0x08004fe0   0x08004fe0   0x00000028   Code   RO         1287    i.USB_ActivateSetup  stm32f4xx_ll_usb.o
    0x08005008   0x08005008   0x0000008c   Code   RO         1289    i.USB_CoreInit      stm32f4xx_ll_usb.o
    0x08005094   0x08005094   0x00000054   Code   RO         1290    i.USB_CoreReset     stm32f4xx_ll_usb.o
    0x080050e8   0x080050e8   0x0000014c   Code   RO         1293    i.USB_DeactivateEndpoint  stm32f4xx_ll_usb.o
    0x08005234   0x08005234   0x00000024   Code   RO         1294    i.USB_DevConnect    stm32f4xx_ll_usb.o
    0x08005258   0x08005258   0x00000024   Code   RO         1295    i.USB_DevDisconnect  stm32f4xx_ll_usb.o
    0x0800527c   0x0800527c   0x000001e8   Code   RO         1296    i.USB_DevInit       stm32f4xx_ll_usb.o
    0x08005464   0x08005464   0x0000000e   Code   RO         1297    i.USB_DisableGlobalInt  stm32f4xx_ll_usb.o
    0x08005472   0x08005472   0x00000002   PAD
    0x08005474   0x08005474   0x00000070   Code   RO         1300    i.USB_EP0_OutStart  stm32f4xx_ll_usb.o
    0x080054e4   0x080054e4   0x0000008e   Code   RO         1301    i.USB_EPClearStall  stm32f4xx_ll_usb.o
    0x08005572   0x08005572   0x0000009a   Code   RO         1302    i.USB_EPSetStall    stm32f4xx_ll_usb.o
    0x0800560c   0x0800560c   0x000003b4   Code   RO         1303    i.USB_EPStartXfer   stm32f4xx_ll_usb.o
    0x080059c0   0x080059c0   0x000000ec   Code   RO         1304    i.USB_EPStopXfer    stm32f4xx_ll_usb.o
    0x08005aac   0x08005aac   0x0000000e   Code   RO         1305    i.USB_EnableGlobalInt  stm32f4xx_ll_usb.o
    0x08005aba   0x08005aba   0x00000050   Code   RO         1306    i.USB_FlushRxFifo   stm32f4xx_ll_usb.o
    0x08005b0a   0x08005b0a   0x00000054   Code   RO         1307    i.USB_FlushTxFifo   stm32f4xx_ll_usb.o
    0x08005b5e   0x08005b5e   0x00000026   Code   RO         1309    i.USB_GetDevSpeed   stm32f4xx_ll_usb.o
    0x08005b84   0x08005b84   0x0000000a   Code   RO         1311    i.USB_GetMode       stm32f4xx_ll_usb.o
    0x08005b8e   0x08005b8e   0x00000014   Code   RO         1319    i.USB_ReadDevAllInEpInterrupt  stm32f4xx_ll_usb.o
    0x08005ba2   0x08005ba2   0x00000014   Code   RO         1320    i.USB_ReadDevAllOutEpInterrupt  stm32f4xx_ll_usb.o
    0x08005bb6   0x08005bb6   0x00000032   Code   RO         1321    i.USB_ReadDevInEPInterrupt  stm32f4xx_ll_usb.o
    0x08005be8   0x08005be8   0x0000001a   Code   RO         1322    i.USB_ReadDevOutEPInterrupt  stm32f4xx_ll_usb.o
    0x08005c02   0x08005c02   0x0000000a   Code   RO         1323    i.USB_ReadInterrupts  stm32f4xx_ll_usb.o
    0x08005c0c   0x08005c0c   0x00000060   Code   RO         1324    i.USB_ReadPacket    stm32f4xx_ll_usb.o
    0x08005c6c   0x08005c6c   0x00000068   Code   RO         1326    i.USB_SetCurrentMode  stm32f4xx_ll_usb.o
    0x08005cd4   0x08005cd4   0x0000002a   Code   RO         1327    i.USB_SetDevAddress  stm32f4xx_ll_usb.o
    0x08005cfe   0x08005cfe   0x00000012   Code   RO         1328    i.USB_SetDevSpeed   stm32f4xx_ll_usb.o
    0x08005d10   0x08005d10   0x000000e8   Code   RO         1329    i.USB_SetTurnaroundTime  stm32f4xx_ll_usb.o
    0x08005df8   0x08005df8   0x00000044   Code   RO         1332    i.USB_WritePacket   stm32f4xx_ll_usb.o
    0x08005e3c   0x08005e3c   0x00000004   Code   RO          493    i.UsageFault_Handler  stm32f4xx_it.o
    0x08005e40   0x08005e40   0x00000010   Code   RO         2473    i.__NVIC_GetPriorityGrouping  stm32f4xx_hal_cortex.o
    0x08005e50   0x08005e50   0x00000028   Code   RO         2474    i.__NVIC_SetPriority  stm32f4xx_hal_cortex.o
    0x08005e78   0x08005e78   0x00000006   Code   RO         5140    i.__get_IPSR        cmsis_os2.o
    0x08005e7e   0x08005e7e   0x00000028   Code   RO           15    i.main              main.o
    0x08005ea6   0x08005ea6   0x0000001e   Code   RO         5141    i.osDelay           cmsis_os2.o
    0x08005ec4   0x08005ec4   0x0000002c   Code   RO         5155    i.osKernelInitialize  cmsis_os2.o
    0x08005ef0   0x08005ef0   0x00000060   Code   RO         5158    i.osKernelStart     cmsis_os2.o
    0x08005f50   0x08005f50   0x00000080   Code   RO         5170    i.osMessageQueueGet  cmsis_os2.o
    0x08005fd0   0x08005fd0   0x0000009a   Code   RO         5175    i.osMessageQueueNew  cmsis_os2.o
    0x0800606a   0x0800606a   0x00000002   PAD
    0x0800606c   0x0800606c   0x00000084   Code   RO         5176    i.osMessageQueuePut  cmsis_os2.o
    0x080060f0   0x080060f0   0x00000062   Code   RO         5178    i.osMutexAcquire    cmsis_os2.o
    0x08006152   0x08006152   0x000000b2   Code   RO         5181    i.osMutexNew        cmsis_os2.o
    0x08006204   0x08006204   0x0000004e   Code   RO         5182    i.osMutexRelease    cmsis_os2.o
    0x08006252   0x08006252   0x000000b8   Code   RO         5200    i.osThreadNew       cmsis_os2.o
    0x0800630a   0x0800630a   0x00000002   PAD
    0x0800630c   0x0800630c   0x0000007c   Code   RO         4579    i.prvAddCurrentTaskToDelayedList  tasks.o
    0x08006388   0x08006388   0x000000b8   Code   RO         4580    i.prvAddNewTaskToReadyList  tasks.o
    0x08006440   0x08006440   0x00000074   Code   RO         4955    i.prvCheckForValidListAndQueue  timers.o
    0x080064b4   0x080064b4   0x00000048   Code   RO         4581    i.prvCheckTasksWaitingTermination  tasks.o
    0x080064fc   0x080064fc   0x0000002a   Code   RO         4166    i.prvCopyDataFromQueue  queue.o
    0x08006526   0x08006526   0x0000007e   Code   RO         4167    i.prvCopyDataToQueue  queue.o
    0x080065a4   0x080065a4   0x00000050   Code   RO         4582    i.prvDeleteTCB      tasks.o
    0x080065f4   0x080065f4   0x00000014   Code   RO         4168    i.prvGetDisinheritPriorityAfterTimeout  queue.o
    0x08006608   0x08006608   0x00000028   Code   RO         4956    i.prvGetNextExpireTime  timers.o
    0x08006630   0x08006630   0x0000007c   Code   RO         5663    i.prvHeapInit       heap_4.o
    0x080066ac   0x080066ac   0x00000028   Code   RO         4583    i.prvIdleTask       tasks.o
    0x080066d4   0x080066d4   0x0000001e   Code   RO         4169    i.prvInitialiseMutex  queue.o
    0x080066f2   0x080066f2   0x0000002a   Code   RO         4170    i.prvInitialiseNewQueue  queue.o
    0x0800671c   0x0800671c   0x000000be   Code   RO         4584    i.prvInitialiseNewTask  tasks.o
    0x080067da   0x080067da   0x00000002   PAD
    0x080067dc   0x080067dc   0x00000068   Code   RO         4585    i.prvInitialiseTaskLists  tasks.o
    0x08006844   0x08006844   0x00000068   Code   RO         5664    i.prvInsertBlockIntoFreeList  heap_4.o
    0x080068ac   0x080068ac   0x00000058   Code   RO         4958    i.prvInsertTimerInActiveList  timers.o
    0x08006904   0x08006904   0x0000001a   Code   RO         4171    i.prvIsQueueEmpty   queue.o
    0x0800691e   0x0800691e   0x0000001e   Code   RO         4172    i.prvIsQueueFull    queue.o
    0x0800693c   0x0800693c   0x00000074   Code   RO         4959    i.prvProcessExpiredTimer  timers.o
    0x080069b0   0x080069b0   0x00000164   Code   RO         4960    i.prvProcessReceivedCommands  timers.o
    0x08006b14   0x08006b14   0x00000074   Code   RO         4961    i.prvProcessTimerOrBlockTask  timers.o
    0x08006b88   0x08006b88   0x00000034   Code   RO         4587    i.prvResetNextTaskUnblockTime  tasks.o
    0x08006bbc   0x08006bbc   0x0000002c   Code   RO         4962    i.prvSampleTimeNow  timers.o
    0x08006be8   0x08006be8   0x000000a4   Code   RO         4963    i.prvSwitchTimerLists  timers.o
    0x08006c8c   0x08006c8c   0x00000040   Code   RO         5719    i.prvTaskExitError  port.o
    0x08006ccc   0x08006ccc   0x0000001a   Code   RO         4964    i.prvTimerTask      timers.o
    0x08006ce6   0x08006ce6   0x0000007e   Code   RO         4173    i.prvUnlockQueue    queue.o
    0x08006d64   0x08006d64   0x0000014c   Code   RO         5665    i.pvPortMalloc      heap_4.o
    0x08006eb0   0x08006eb0   0x00000020   Code   RO         4590    i.pvTaskIncrementMutexHeldCount  tasks.o
    0x08006ed0   0x08006ed0   0x0000002c   Code   RO         5720    i.pxPortInitialiseStack  port.o
    0x08006efc   0x08006efc   0x00000028   Code   RO         4126    i.uxListRemove      list.o
    0x08006f24   0x08006f24   0x00000018   Code   RO         5212    i.vApplicationGetIdleTaskMemory  cmsis_os2.o
    0x08006f3c   0x08006f3c   0x00000018   Code   RO         5213    i.vApplicationGetTimerTaskMemory  cmsis_os2.o
    0x08006f54   0x08006f54   0x0000001a   Code   RO         4127    i.vListInitialise   list.o
    0x08006f6e   0x08006f6e   0x00000006   Code   RO         4128    i.vListInitialiseItem  list.o
    0x08006f74   0x08006f74   0x00000034   Code   RO         4129    i.vListInsert       list.o
    0x08006fa8   0x08006fa8   0x00000018   Code   RO         4130    i.vListInsertEnd    list.o
    0x08006fc0   0x08006fc0   0x00000054   Code   RO         5722    i.vPortEnterCritical  port.o
    0x08007014   0x08007014   0x0000003c   Code   RO         5723    i.vPortExitCritical  port.o
    0x08007050   0x08007050   0x000000a4   Code   RO         5666    i.vPortFree         heap_4.o
    0x080070f4   0x080070f4   0x00000028   Code   RO         5724    i.vPortSetupTimerInterrupt  port.o
    0x0800711c   0x0800711c   0x00000078   Code   RO         5725    i.vPortValidateInterruptPriority  port.o
    0x08007194   0x08007194   0x0000002c   Code   RO         4179    i.vQueueAddToRegistry  queue.o
    0x080071c0   0x080071c0   0x0000004a   Code   RO         4183    i.vQueueWaitForMessageRestricted  queue.o
    0x0800720a   0x0800720a   0x00000002   PAD
    0x0800720c   0x0800720c   0x0000005c   Code   RO         4600    i.vTaskDelay        tasks.o
    0x08007268   0x08007268   0x000000d4   Code   RO         4601    i.vTaskDelayUntil   tasks.o
    0x0800733c   0x0800733c   0x00000018   Code   RO         4605    i.vTaskInternalSetTimeOutState  tasks.o
    0x08007354   0x08007354   0x0000007c   Code   RO          254    i.vTaskLinkUsbCmdProcess  freertos.o
    0x080073d0   0x080073d0   0x0000000c   Code   RO         4606    i.vTaskMissedYield  tasks.o
    0x080073dc   0x080073dc   0x00000038   Code   RO         4608    i.vTaskPlaceOnEventList  tasks.o
    0x08007414   0x08007414   0x00000040   Code   RO         4609    i.vTaskPlaceOnEventListRestricted  tasks.o
    0x08007454   0x08007454   0x000000d0   Code   RO         4611    i.vTaskPriorityDisinheritAfterTimeout  tasks.o
    0x08007524   0x08007524   0x0000009c   Code   RO          255    i.vTaskSendMsgToHost  freertos.o
    0x080075c0   0x080075c0   0x000000b8   Code   RO         4617    i.vTaskStartScheduler  tasks.o
    0x08007678   0x08007678   0x00000010   Code   RO         4619    i.vTaskSuspendAll   tasks.o
    0x08007688   0x08007688   0x00000090   Code   RO         4620    i.vTaskSwitchContext  tasks.o
    0x08007718   0x08007718   0x00000168   Code   RO         5726    i.xPortStartScheduler  port.o
    0x08007880   0x08007880   0x00000034   Code   RO         5727    i.xPortSysTickHandler  port.o
    0x080078b4   0x080078b4   0x00000022   Code   RO         4186    i.xQueueCreateMutex  queue.o
    0x080078d6   0x080078d6   0x0000002a   Code   RO         4187    i.xQueueCreateMutexStatic  queue.o
    0x08007900   0x08007900   0x0000005a   Code   RO         4188    i.xQueueGenericCreate  queue.o
    0x0800795a   0x0800795a   0x000000e0   Code   RO         4189    i.xQueueGenericCreateStatic  queue.o
    0x08007a3a   0x08007a3a   0x00000002   PAD
    0x08007a3c   0x08007a3c   0x00000098   Code   RO         4190    i.xQueueGenericReset  queue.o
    0x08007ad4   0x08007ad4   0x000001a8   Code   RO         4191    i.xQueueGenericSend  queue.o
    0x08007c7c   0x08007c7c   0x000000fc   Code   RO         4192    i.xQueueGenericSendFromISR  queue.o
    0x08007d78   0x08007d78   0x00000048   Code   RO         4196    i.xQueueGiveMutexRecursive  queue.o
    0x08007dc0   0x08007dc0   0x00000168   Code   RO         4201    i.xQueueReceive     queue.o
    0x08007f28   0x08007f28   0x000000ca   Code   RO         4202    i.xQueueReceiveFromISR  queue.o
    0x08007ff2   0x08007ff2   0x00000002   PAD
    0x08007ff4   0x08007ff4   0x000001b8   Code   RO         4203    i.xQueueSemaphoreTake  queue.o
    0x080081ac   0x080081ac   0x0000004e   Code   RO         4204    i.xQueueTakeMutexRecursive  queue.o
    0x080081fa   0x080081fa   0x00000002   PAD
    0x080081fc   0x080081fc   0x0000008c   Code   RO         4622    i.xTaskCheckForTimeOut  tasks.o
    0x08008288   0x08008288   0x00000064   Code   RO         4623    i.xTaskCreate       tasks.o
    0x080082ec   0x080082ec   0x000000ba   Code   RO         4624    i.xTaskCreateStatic  tasks.o
    0x080083a6   0x080083a6   0x00000002   PAD
    0x080083a8   0x080083a8   0x0000000c   Code   RO         4627    i.xTaskGetCurrentTaskHandle  tasks.o
    0x080083b4   0x080083b4   0x00000020   Code   RO         4628    i.xTaskGetSchedulerState  tasks.o
    0x080083d4   0x080083d4   0x0000000c   Code   RO         4629    i.xTaskGetTickCount  tasks.o
    0x080083e0   0x080083e0   0x00000144   Code   RO         4631    i.xTaskIncrementTick  tasks.o
    0x08008524   0x08008524   0x000000a4   Code   RO         4634    i.xTaskPriorityDisinherit  tasks.o
    0x080085c8   0x080085c8   0x000000a4   Code   RO         4635    i.xTaskPriorityInherit  tasks.o
    0x0800866c   0x0800866c   0x00000098   Code   RO         4636    i.xTaskRemoveFromEventList  tasks.o
    0x08008704   0x08008704   0x00000104   Code   RO         4637    i.xTaskResumeAll    tasks.o
    0x08008808   0x08008808   0x00000078   Code   RO         4973    i.xTimerCreateTimerTask  timers.o
    0x08008880   0x08008880   0x00000084   Code   RO         4974    i.xTimerGenericCommand  timers.o
    0x08008904   0x08008904   0x0000000a   Code   RO         5949    x$fpl$fpinit        fz_wm.l(fpinit.o)
    0x0800890e   0x0800890e   0x00000002   PAD
    0x08008910   0x08008910   0x00000094   Data   RO          257    .constdata          freertos.o
    0x080089a4   0x080089a4   0x00000008   Data   RO          639    .constdata          usbd_desc.o
    0x080089ac   0x080089ac   0x00000008   Data   RO         2171    .constdata          stm32f4xx_hal_dma.o
    0x080089b4   0x080089b4   0x00000018   Data   RO         3528    .constdata          system_stm32f4xx.o
    0x080089cc   0x080089cc   0x00000028   Data   RO         5809    .constdata          c_w.l(_printf_hex_int.o)
    0x080089f4   0x080089f4   0x000000a0   Data   RO          258    .conststring        freertos.o
    0x08008a94   0x08008a94   0x00000040   Data   RO         6043    Region$$Table       anon$$obj.o


    Execution Region RW_IRAM2 (Exec base: 0x10000000, Load base: 0x08008b88, Size: 0x00004a94, Max: 0x00010000, ABSOLUTE)

    Exec Addr    Load Addr    Size         Type   Attr      Idx    E Section Name        Object

    0x10000000   0x08008b88   0x00000014   Data   RW          742    .data               usbd_cdc_if.o
    0x10000014   0x08008b9c   0x00000004   Data   RW         3529    .data               system_stm32f4xx.o
    0x10000018   0x08008ba0   0x0000008e   Data   RW         3908    .data               usbd_cdc.o
    0x100000a6   0x08008c2e   0x00000002   PAD
    0x100000a8   0x08008c30   0x0000003c   Data   RW         4640    .data               tasks.o
    0x100000e4   0x08008c6c   0x00000004   Data   RW         5215    .data               cmsis_os2.o
    0x100000e8   0x08008c70   0x00000020   Data   RW         5672    .data               heap_4.o
    0x10000108   0x08008c90   0x0000000c   Data   RW         5728    .data               port.o
    0x10000114        -       0x00000040   Zero   RW          638    .bss                usbd_desc.o
    0x10000154        -       0x00000704   Zero   RW          823    .bss                usbd_conf.o
    0x10000858        -       0x000004c4   Zero   RW         4639    .bss                tasks.o
    0x10000d1c        -       0x00000118   Zero   RW         4981    .bss                timers.o
    0x10000e34        -       0x00003c00   Zero   RW         5671    .bss                heap_4.o
    0x10004a34        -       0x00000060   Zero   RW         5972    .bss                c_w.l(libspace.o)


    Execution Region RW_IRAM1 (Exec base: 0x20000000, Load base: 0x08008ad4, Size: 0x00024a98, Max: 0x00030000, ABSOLUTE, COMPRESSED[0x000000b4])

    Exec Addr    Load Addr    Size         Type   Attr      Idx    E Section Name        Object

    0x20000000   COMPRESSED   0x00000028   Data   RW          259    .data               freertos.o
    0x20000028   COMPRESSED   0x0000010e   Data   RW          640    .data               usbd_desc.o
    0x20000136   COMPRESSED   0x00000002   PAD
    0x20000138   COMPRESSED   0x00000009   Data   RW         2629    .data               stm32f4xx_hal.o
    0x20000141   COMPRESSED   0x00000001   Data   RW         3741    .data               usbd_ctlreq.o
    0x20000142   COMPRESSED   0x00000002   PAD
    0x20000144   COMPRESSED   0x00000014   Data   RW         4982    .data               timers.o
    0x20000158        -       0x00020e38   Zero   RW          256    .bss                freertos.o
    0x20020f90        -       0x000000d8   Zero   RW          363    .bss                adc.o
    0x20021068        -       0x00000058   Zero   RW          444    .bss                spi.o
    0x200210c0        -       0x000002dc   Zero   RW          596    .bss                usb_device.o
    0x2002139c        -       0x00001000   Zero   RW          741    .bss                usbd_cdc_if.o
    0x2002239c        -       0x00000040   Zero   RW         4205    .bss                queue.o
    0x200223dc        -       0x000006b8   Zero   RW         5214    .bss                cmsis_os2.o
    0x20022a94   COMPRESSED   0x00000004   PAD
    0x20022a98        -       0x00001000   Zero   RW            2    HEAP                startup_stm32f429xx.o
    0x20023a98        -       0x00001000   Zero   RW            1    STACK               startup_stm32f429xx.o


==============================================================================

Image component sizes


      Code (inc. data)   RO Data    RW Data    ZI Data      Debug   Object Name

       476         36          0          0        216       2213   adc.o
      1176         46          0          4       1720      69884   cmsis_os2.o
        56          4          0          0          0        758   dma.o
         0          0          0          0          0      19448   event_groups.o
       674        182        308         40     134712      11756   freertos.o
       160          4          0          0          0        923   gpio.o
       724         74          0         32      15360       4855   heap_4.o
       148          0          0          0          0       3554   list.o
       230         10          0          0          0     758332   main.o
      1014         92          0         12          0      11661   port.o
      2930         26          0          0         64      25939   queue.o
       216         22          0          0         88       1673   spi.o
        64         26        428          0       8192        840   startup_stm32f429xx.o
       212         36          0          9          0       9521   stm32f4xx_hal.o
       876         32          0          0          0       2743   stm32f4xx_hal_adc.o
       312         22          0          0          0      34319   stm32f4xx_hal_cortex.o
      1034         16          8          0          0       3880   stm32f4xx_hal_dma.o
       528         54          0          0          0       1468   stm32f4xx_hal_gpio.o
        84          6          0          0          0        854   stm32f4xx_hal_msp.o
      3560         16          0          0          0      13740   stm32f4xx_hal_pcd.o
        90          0          0          0          0       2421   stm32f4xx_hal_pcd_ex.o
      1756         64          0          0          0       4442   stm32f4xx_hal_rcc.o
       222          0          0          0          0       1203   stm32f4xx_hal_spi.o
       106         24          0          0          0       5312   stm32f4xx_it.o
      3882         82          0          0          0      22752   stm32f4xx_ll_usb.o
         0          0          0          0          0        392   stream_buffer.o
        20          6         24          4          0       1123   system_stm32f4xx.o
      3436        398          0         60       1220      31781   tasks.o
      1318        124          0         20        280      30331   timers.o
        76         16          0          0        732        772   usb_device.o
      1938         44          0        142          0      14485   usbd_cdc.o
       264         32          0         20       4096       4818   usbd_cdc_if.o
      1048         32          0          0       1796      17572   usbd_conf.o
      1354          0          0          0          0      16485   usbd_core.o
      2476         24          0          1          0      18756   usbd_ctlreq.o
       422        132          8        270         64       8889   usbd_desc.o
       174          0          0          0          0       4696   usbd_ioreq.o

    ----------------------------------------------------------------------
     33092       1682        840        620     168544    1164591   Object Totals
         0          0         64          0          0          0   (incl. Generated)
        36          0          0          6          4          0   (incl. Padding)

    ----------------------------------------------------------------------

      Code (inc. data)   RO Data    RW Data    ZI Data      Debug   Library Member Name

        90          0          0          0          0          0   __dczerorl2.o
         8          0          0          0          0         68   __main.o
       104          0          0          0          0         84   __printf.o
         0          0          0          0          0          0   __rtentry.o
        12          0          0          0          0          0   __rtentry2.o
         6          0          0          0          0          0   __rtentry4.o
        52          8          0          0          0          0   __scatter.o
        26          0          0          0          0          0   __scatter_copy.o
        28          0          0          0          0          0   __scatter_zi.o
        48          6          0          0          0         96   _printf_char_common.o
        88          4         40          0          0         88   _printf_hex_int.o
       178          0          0          0          0         88   _printf_intcommon.o
         0          0          0          0          0          0   _printf_percent.o
         4          0          0          0          0          0   _printf_percent_end.o
         6          0          0          0          0          0   _printf_x.o
        10          0          0          0          0         68   _sputc.o
        16          0          0          0          0         68   aeabi_memset.o
        18          0          0          0          0         80   exit.o
         6          0          0          0          0        152   heapauxi.o
         0          0          0          0          0          0   indicate_semi.o
         2          0          0          0          0          0   libinit.o
         6          0          0          0          0          0   libinit2.o
         2          0          0          0          0          0   libshutdown.o
         2          0          0          0          0          0   libshutdown2.o
         8          4          0          0         96         68   libspace.o
       238          0          0          0          0        100   lludivv7m.o
        40          6          0          0          0         84   noretval__2sprintf.o
        68          0          0          0          0         68   rt_memclr.o
        78          0          0          0          0         80   rt_memclr_w.o
       138          0          0          0          0         68   rt_memcpy_v6.o
       100          0          0          0          0         80   rt_memcpy_w.o
         2          0          0          0          0          0   rtexit.o
        10          0          0          0          0          0   rtexit2.o
        62          0          0          0          0         76   strlen.o
        12          4          0          0          0         68   sys_exit.o
        74          0          0          0          0         80   sys_stackheap_outer.o
         2          0          0          0          0         68   use_no_semi.o
        10          0          0          0          0        116   fpinit.o

    ----------------------------------------------------------------------
      1568         32         40          0         96       1748   Library Totals
        14          0          0          0          0          0   (incl. Padding)

    ----------------------------------------------------------------------

      Code (inc. data)   RO Data    RW Data    ZI Data      Debug   Library Name

      1544         32         40          0         96       1632   c_w.l
        10          0          0          0          0        116   fz_wm.l

    ----------------------------------------------------------------------
      1568         32         40          0         96       1748   Library Totals

    ----------------------------------------------------------------------

==============================================================================


      Code (inc. data)   RO Data    RW Data    ZI Data      Debug   

     34660       1714        880        620     168640    1136375   Grand Totals
     34660       1714        880        456     168640    1136375   ELF Image Totals (compressed)
     34660       1714        880        456          0          0   ROM Totals

==============================================================================

    Total RO  Size (Code + RO Data)                35540 (  34.71kB)
    Total RW  Size (RW Data + ZI Data)            169260 ( 165.29kB)
    Total ROM Size (Code + RO Data + RW Data)      35996 (  35.15kB)

==============================================================================

